Java HotSpot(TM) 64-Bit Server VM (25.161-b12) for windows-amd64 JRE (1.8.0_161-b12), built on Dec 19 2017 17:52:25 by "java_re" with MS VC++ 10.0 (VS2010)
Memory: 4k page, physical 16656252k(9962504k free), swap 24782716k(14031068k free)
CommandLine flags: -XX:+DisableExplicitGC -XX:InitialHeapSize=266500032 -XX:MaxHeapSize=4264000512 -XX:+PrintGC -XX:+PrintGCApplicationConcurrentTime -XX:+PrintGCApplicationStoppedTime -XX:+PrintGCDateStamps -XX:+PrintGCTimeStamps -XX:+UseCompressedClassPointers -XX:+UseCompressedOops -XX:-UseLargePagesIndividualAllocation -XX:+UseParallelGC 
2018-02-23T00:09:02.737+0530: 0.414: Application time: 0.3250778 seconds
2018-02-23T00:09:02.737+0530: 0.414: [GC (Allocation Failure)  64635K->568K(251392K), 0.0026686 secs]
2018-02-23T00:09:02.737+0530: 0.417: Total time for which application threads were stopped: 0.0029578 seconds, Stopping threads took: 0.0000339 seconds
2018-02-23T00:09:03.088+0530: 0.765: Application time: 0.3479663 seconds
2018-02-23T00:09:03.088+0530: 0.765: [GC (Allocation Failure)  65293K->440K(251392K), 0.0005081 secs]
2018-02-23T00:09:03.088+0530: 0.766: Total time for which application threads were stopped: 0.0006234 seconds, Stopping threads took: 0.0000208 seconds
2018-02-23T00:09:03.360+0530: 1.037: Application time: 0.2712102 seconds
2018-02-23T00:09:03.360+0530: 1.037: [GC (Allocation Failure)  65846K->544K(251392K), 0.0006210 secs]
2018-02-23T00:09:03.360+0530: 1.038: Total time for which application threads were stopped: 0.0007504 seconds, Stopping threads took: 0.0000254 seconds
2018-02-23T00:09:03.709+0530: 1.385: Application time: 0.3476112 seconds
2018-02-23T00:09:03.709+0530: 1.385: [GC (Allocation Failure)  65298K->568K(251392K), 0.0005769 secs]
2018-02-23T00:09:03.709+0530: 1.386: Total time for which application threads were stopped: 0.0007141 seconds, Stopping threads took: 0.0000257 seconds
2018-02-23T00:09:04.060+0530: 1.737: Application time: 0.3506578 seconds
2018-02-23T00:09:04.060+0530: 1.737: [GC (Allocation Failure)  65755K->592K(240128K), 0.0006160 secs]
2018-02-23T00:09:04.061+0530: 1.737: Total time for which application threads were stopped: 0.0007289 seconds, Stopping threads took: 0.0000236 seconds
2018-02-23T00:09:04.269+0530: 1.946: Application time: 0.2082895 seconds
2018-02-23T00:09:04.269+0530: 1.946: [GC (Allocation Failure)  63276K->560K(238592K), 0.0012969 secs]
2018-02-23T00:09:04.270+0530: 1.947: Total time for which application threads were stopped: 0.0015498 seconds, Stopping threads took: 0.0000409 seconds
2018-02-23T00:09:04.418+0530: 2.094: Application time: 0.1471752 seconds
2018-02-23T00:09:04.418+0530: 2.094: [GC (Allocation Failure)  61170K->484K(237056K), 0.0005991 secs]
2018-02-23T00:09:04.418+0530: 2.095: Total time for which application threads were stopped: 0.0007137 seconds, Stopping threads took: 0.0000215 seconds
2018-02-23T00:09:04.531+0530: 2.207: Application time: 0.1122103 seconds
2018-02-23T00:09:04.531+0530: 2.207: [GC (Allocation Failure)  61076K->508K(236032K), 0.0003660 secs]
2018-02-23T00:09:04.531+0530: 2.208: Total time for which application threads were stopped: 0.0004944 seconds, Stopping threads took: 0.0000250 seconds
2018-02-23T00:09:04.575+0530: 2.252: Application time: 0.0439979 seconds
2018-02-23T00:09:04.575+0530: 2.252: [GC (Allocation Failure)  59034K->484K(235520K), 0.0002729 secs]
2018-02-23T00:09:04.575+0530: 2.252: Total time for which application threads were stopped: 0.0003925 seconds, Stopping threads took: 0.0000215 seconds
2018-02-23T00:09:04.619+0530: 2.296: Application time: 0.0436107 seconds
2018-02-23T00:09:04.619+0530: 2.296: [GC (Allocation Failure)  58991K->484K(233984K), 0.0003459 secs]
2018-02-23T00:09:04.619+0530: 2.296: Total time for which application threads were stopped: 0.0004672 seconds, Stopping threads took: 0.0000243 seconds
2018-02-23T00:09:04.661+0530: 2.337: Application time: 0.0410867 seconds
2018-02-23T00:09:04.661+0530: 2.337: [GC (Allocation Failure)  56923K->484K(233472K), 0.0002602 secs]
2018-02-23T00:09:04.661+0530: 2.338: Total time for which application threads were stopped: 0.0004055 seconds, Stopping threads took: 0.0000423 seconds
2018-02-23T00:09:04.794+0530: 2.470: Application time: 0.1325994 seconds
2018-02-23T00:09:04.794+0530: 2.470: [GC (Allocation Failure)  56903K->484K(231936K), 0.0004305 secs]
2018-02-23T00:09:04.794+0530: 2.471: Total time for which application threads were stopped: 0.0005561 seconds, Stopping threads took: 0.0000254 seconds
2018-02-23T00:09:04.831+0530: 2.507: Application time: 0.0364473 seconds
2018-02-23T00:09:04.831+0530: 2.507: [GC (Allocation Failure)  54836K->484K(231424K), 0.0003346 secs]
2018-02-23T00:09:04.831+0530: 2.508: Total time for which application threads were stopped: 0.0004570 seconds, Stopping threads took: 0.0000233 seconds
2018-02-23T00:09:04.868+0530: 2.545: Application time: 0.0370555 seconds
2018-02-23T00:09:04.868+0530: 2.545: [GC (Allocation Failure)  54816K->484K(229888K), 0.0004235 secs]
2018-02-23T00:09:04.868+0530: 2.545: Total time for which application threads were stopped: 0.0005339 seconds, Stopping threads took: 0.0000229 seconds
2018-02-23T00:09:04.909+0530: 2.586: Application time: 0.0404389 seconds
2018-02-23T00:09:04.909+0530: 2.586: [GC (Allocation Failure)  52748K->484K(229376K), 0.0002983 secs]
2018-02-23T00:09:04.909+0530: 2.586: Total time for which application threads were stopped: 0.0004083 seconds, Stopping threads took: 0.0000197 seconds
2018-02-23T00:09:05.059+0530: 2.736: Application time: 0.1492613 seconds
2018-02-23T00:09:05.059+0530: 2.736: [GC (Allocation Failure)  52728K->484K(227840K), 0.0003085 secs]
2018-02-23T00:09:05.059+0530: 2.736: Total time for which application threads were stopped: 0.0004457 seconds, Stopping threads took: 0.0000423 seconds
2018-02-23T00:09:05.190+0530: 2.867: Application time: 0.1309770 seconds
2018-02-23T00:09:05.190+0530: 2.867: [GC (Allocation Failure)  50660K->484K(227328K), 0.0002958 secs]
2018-02-23T00:09:05.190+0530: 2.867: Total time for which application threads were stopped: 0.0004076 seconds, Stopping threads took: 0.0000205 seconds
2018-02-23T00:09:05.226+0530: 2.903: Application time: 0.0355975 seconds
2018-02-23T00:09:05.226+0530: 2.903: [GC (Allocation Failure)  50639K->484K(225792K), 0.0003505 secs]
2018-02-23T00:09:05.226+0530: 2.903: Total time for which application threads were stopped: 0.0004912 seconds, Stopping threads took: 0.0000324 seconds
2018-02-23T00:09:05.260+0530: 2.937: Application time: 0.0335477 seconds
2018-02-23T00:09:05.260+0530: 2.937: [GC (Allocation Failure)  50619K->484K(225280K), 0.0003632 secs]
2018-02-23T00:09:05.261+0530: 2.938: Total time for which application threads were stopped: 0.0005007 seconds, Stopping threads took: 0.0000307 seconds
2018-02-23T00:09:05.293+0530: 2.969: Application time: 0.0319845 seconds
2018-02-23T00:09:05.293+0530: 2.970: [GC (Allocation Failure)  48552K->484K(223744K), 0.0003350 secs]
2018-02-23T00:09:05.293+0530: 2.970: Total time for which application threads were stopped: 0.0004637 seconds, Stopping threads took: 0.0000264 seconds
2018-02-23T00:09:05.326+0530: 3.002: Application time: 0.0325071 seconds
2018-02-23T00:09:05.326+0530: 3.003: [GC (Allocation Failure)  48531K->484K(223744K), 0.0002475 secs]
2018-02-23T00:09:05.326+0530: 3.003: Total time for which application threads were stopped: 0.0003695 seconds, Stopping threads took: 0.0000264 seconds
2018-02-23T00:09:05.359+0530: 3.035: Application time: 0.0326326 seconds
2018-02-23T00:09:05.359+0530: 3.036: [GC (Allocation Failure)  46474K->484K(222720K), 0.0003639 secs]
2018-02-23T00:09:05.359+0530: 3.036: Total time for which application threads were stopped: 0.0004919 seconds, Stopping threads took: 0.0000261 seconds
2018-02-23T00:09:05.395+0530: 3.071: Application time: 0.0352551 seconds
2018-02-23T00:09:05.395+0530: 3.071: [GC (Allocation Failure)  46463K->484K(222720K), 0.0008382 secs]
2018-02-23T00:09:05.396+0530: 3.072: Total time for which application threads were stopped: 0.0009690 seconds, Stopping threads took: 0.0000257 seconds
2018-02-23T00:09:05.425+0530: 3.101: Application time: 0.0290247 seconds
2018-02-23T00:09:05.425+0530: 3.101: [GC (Allocation Failure)  46453K->484K(221696K), 0.0003350 secs]
2018-02-23T00:09:05.425+0530: 3.102: Total time for which application threads were stopped: 0.0004482 seconds, Stopping threads took: 0.0000236 seconds
2018-02-23T00:09:05.456+0530: 3.132: Application time: 0.0305339 seconds
2018-02-23T00:09:05.456+0530: 3.132: [GC (Allocation Failure)  46443K->484K(221184K), 0.0003519 secs]
2018-02-23T00:09:05.456+0530: 3.133: Total time for which application threads were stopped: 0.0004662 seconds, Stopping threads took: 0.0000240 seconds
2018-02-23T00:09:05.484+0530: 3.161: Application time: 0.0280412 seconds
2018-02-23T00:09:05.484+0530: 3.161: [GC (Allocation Failure)  44385K->484K(220672K), 0.0003043 secs]
2018-02-23T00:09:05.484+0530: 3.161: Total time for which application threads were stopped: 0.0004189 seconds, Stopping threads took: 0.0000215 seconds
2018-02-23T00:09:05.517+0530: 3.194: Application time: 0.0326718 seconds
2018-02-23T00:09:05.517+0530: 3.194: [GC (Allocation Failure)  44375K->484K(220160K), 0.0002705 secs]
2018-02-23T00:09:05.517+0530: 3.194: Total time for which application threads were stopped: 0.0003872 seconds, Stopping threads took: 0.0000215 seconds
2018-02-23T00:09:05.547+0530: 3.224: Application time: 0.0295300 seconds
2018-02-23T00:09:05.547+0530: 3.224: [GC (Allocation Failure)  44365K->484K(219648K), 0.0003452 secs]
2018-02-23T00:09:05.547+0530: 3.224: Total time for which application threads were stopped: 0.0004806 seconds, Stopping threads took: 0.0000250 seconds
2018-02-23T00:09:05.575+0530: 3.252: Application time: 0.0275119 seconds
2018-02-23T00:09:05.575+0530: 3.252: [GC (Allocation Failure)  44355K->484K(219136K), 0.0002609 secs]
2018-02-23T00:09:05.575+0530: 3.252: Total time for which application threads were stopped: 0.0003671 seconds, Stopping threads took: 0.0000226 seconds
2018-02-23T00:09:05.606+0530: 3.283: Application time: 0.0306326 seconds
2018-02-23T00:09:05.606+0530: 3.283: [GC (Allocation Failure)  42297K->484K(218624K), 0.0002631 secs]
2018-02-23T00:09:05.606+0530: 3.283: Total time for which application threads were stopped: 0.0003889 seconds, Stopping threads took: 0.0000250 seconds
2018-02-23T00:09:05.641+0530: 3.318: Application time: 0.0346479 seconds
2018-02-23T00:09:05.641+0530: 3.318: [GC (Allocation Failure)  42287K->484K(218112K), 0.0003223 secs]
2018-02-23T00:09:05.641+0530: 3.318: Total time for which application threads were stopped: 0.0004796 seconds, Stopping threads took: 0.0000681 seconds
2018-02-23T00:09:05.685+0530: 3.362: Application time: 0.0434651 seconds
2018-02-23T00:09:05.685+0530: 3.362: [GC (Allocation Failure)  42277K->484K(217600K), 0.0006492 secs]
2018-02-23T00:09:05.685+0530: 3.363: Total time for which application threads were stopped: 0.0008339 seconds, Stopping threads took: 0.0000621 seconds
2018-02-23T00:09:05.818+0530: 3.495: Application time: 0.1321791 seconds
2018-02-23T00:09:05.818+0530: 3.495: [GC (Allocation Failure)  42267K->484K(217088K), 0.0004376 secs]
2018-02-23T00:09:05.818+0530: 3.495: Total time for which application threads were stopped: 0.0005607 seconds, Stopping threads took: 0.0000222 seconds
2018-02-23T00:09:05.878+0530: 3.555: Application time: 0.0593364 seconds
2018-02-23T00:09:05.878+0530: 3.555: [GC (Allocation Failure)  40209K->484K(216576K), 0.0003325 secs]
2018-02-23T00:09:05.878+0530: 3.555: Total time for which application threads were stopped: 0.0004817 seconds, Stopping threads took: 0.0000268 seconds
2018-02-23T00:09:05.981+0530: 3.657: Application time: 0.1021755 seconds
2018-02-23T00:09:05.981+0530: 3.657: [GC (Allocation Failure)  40199K->484K(216064K), 0.0009626 secs]
2018-02-23T00:09:05.981+0530: 3.658: Total time for which application threads were stopped: 0.0011252 seconds, Stopping threads took: 0.0000314 seconds
2018-02-23T00:09:06.199+0530: 3.875: Application time: 0.2168838 seconds
2018-02-23T00:09:06.199+0530: 3.875: [GC (Allocation Failure)  40189K->484K(215552K), 0.0008611 secs]
2018-02-23T00:09:06.200+0530: 3.876: Total time for which application threads were stopped: 0.0010367 seconds, Stopping threads took: 0.0000328 seconds
2018-02-23T00:09:06.223+0530: 3.900: Application time: 0.0236328 seconds
2018-02-23T00:09:06.224+0530: 3.900: [GC (Allocation Failure)  40179K->484K(225792K), 0.0070989 secs]
2018-02-23T00:09:06.231+0530: 3.908: Total time for which application threads were stopped: 0.0074942 seconds, Stopping threads took: 0.0000659 seconds
2018-02-23T00:09:06.311+0530: 3.988: Application time: 0.0803788 seconds
2018-02-23T00:09:06.311+0530: 3.988: [GC (Allocation Failure)  50620K->484K(238592K), 0.0014041 secs]
2018-02-23T00:09:06.313+0530: 3.990: Total time for which application threads were stopped: 0.0018967 seconds, Stopping threads took: 0.0001552 seconds
2018-02-23T00:09:06.387+0530: 4.064: Application time: 0.0741227 seconds
2018-02-23T00:09:06.387+0530: 4.064: [GC (Allocation Failure)  63159K->484K(246272K), 0.0005353 secs]
2018-02-23T00:09:06.388+0530: 4.065: Total time for which application threads were stopped: 0.0006908 seconds, Stopping threads took: 0.0000303 seconds
2018-02-23T00:09:06.459+0530: 4.136: Application time: 0.0713465 seconds
2018-02-23T00:09:06.459+0530: 4.136: Total time for which application threads were stopped: 0.0002645 seconds, Stopping threads took: 0.0001749 seconds
2018-02-23T00:09:06.518+0530: 4.195: Application time: 0.0586710 seconds
2018-02-23T00:09:06.518+0530: 4.195: [GC (Allocation Failure)  69454K->484K(254464K), 0.0010836 secs]
2018-02-23T00:09:06.520+0530: 4.196: Total time for which application threads were stopped: 0.0012578 seconds, Stopping threads took: 0.0000356 seconds
2018-02-23T00:09:06.808+0530: 4.484: Application time: 0.2882318 seconds
2018-02-23T00:09:06.808+0530: 4.485: [GC (Allocation Failure)  77806K->484K(254464K), 0.0010783 secs]
2018-02-23T00:09:06.809+0530: 4.486: Total time for which application threads were stopped: 0.0015261 seconds, Stopping threads took: 0.0000310 seconds
2018-02-23T00:09:06.977+0530: 4.654: Application time: 0.1681718 seconds
2018-02-23T00:09:06.977+0530: 4.654: [GC (Allocation Failure)  77806K->484K(271872K), 0.0011107 secs]
2018-02-23T00:09:06.979+0530: 4.656: Total time for which application threads were stopped: 0.0013921 seconds, Stopping threads took: 0.0000564 seconds
2018-02-23T00:09:07.220+0530: 4.897: Application time: 0.2413178 seconds
2018-02-23T00:09:07.220+0530: 4.897: [GC (Allocation Failure)  96579K->484K(271872K), 0.0004080 secs]
2018-02-23T00:09:07.221+0530: 4.897: Total time for which application threads were stopped: 0.0005395 seconds, Stopping threads took: 0.0000261 seconds
2018-02-23T00:09:07.456+0530: 5.133: Application time: 0.2356970 seconds
2018-02-23T00:09:07.456+0530: 5.133: [GC (Allocation Failure)  96580K->484K(293376K), 0.0004365 secs]
2018-02-23T00:09:07.457+0530: 5.134: Total time for which application threads were stopped: 0.0005913 seconds, Stopping threads took: 0.0000282 seconds
2018-02-23T00:09:08.097+0530: 5.774: Application time: 0.6404312 seconds
2018-02-23T00:09:08.097+0530: 5.774: [GC (Allocation Failure)  117482K->612K(289792K), 0.0003149 secs]
2018-02-23T00:09:08.097+0530: 5.775: Total time for which application threads were stopped: 0.0004387 seconds, Stopping threads took: 0.0000240 seconds
2018-02-23T00:09:08.760+0530: 6.437: Application time: 0.6619994 seconds
2018-02-23T00:09:08.760+0530: 6.437: [GC (Allocation Failure)  113443K->508K(286208K), 0.0004023 secs]
2018-02-23T00:09:08.760+0530: 6.437: Total time for which application threads were stopped: 0.0005536 seconds, Stopping threads took: 0.0000293 seconds
2018-02-23T00:09:09.392+0530: 7.068: Application time: 0.6312935 seconds
2018-02-23T00:09:09.392+0530: 7.069: [GC (Allocation Failure)  109187K->508K(283136K), 0.0015808 secs]
2018-02-23T00:09:09.394+0530: 7.070: Total time for which application threads were stopped: 0.0019193 seconds, Stopping threads took: 0.0000786 seconds
2018-02-23T00:09:09.592+0530: 7.269: Application time: 0.1985830 seconds
2018-02-23T00:09:09.592+0530: 7.269: [GC (Allocation Failure)  107088K->540K(280064K), 0.0007218 secs]
2018-02-23T00:09:09.593+0530: 7.270: Total time for which application threads were stopped: 0.0013019 seconds, Stopping threads took: 0.0000575 seconds
2018-02-23T00:09:09.721+0530: 7.398: Application time: 0.1278221 seconds
2018-02-23T00:09:09.722+0530: 7.398: [GC (Allocation Failure)  104329K->516K(276992K), 0.0017236 secs]
2018-02-23T00:09:09.724+0530: 7.400: Total time for which application threads were stopped: 0.0022088 seconds, Stopping threads took: 0.0001467 seconds
2018-02-23T00:09:09.828+0530: 7.505: Application time: 0.1045691 seconds
2018-02-23T00:09:09.828+0530: 7.505: [GC (Allocation Failure)  100840K->516K(273920K), 0.0015744 secs]
2018-02-23T00:09:09.830+0530: 7.507: Total time for which application threads were stopped: 0.0019842 seconds, Stopping threads took: 0.0000889 seconds
2018-02-23T00:09:09.980+0530: 7.657: Application time: 0.1496813 seconds
2018-02-23T00:09:09.980+0530: 7.657: [GC (Allocation Failure)  98720K->516K(271360K), 0.0004499 secs]
2018-02-23T00:09:09.980+0530: 7.657: Total time for which application threads were stopped: 0.0006270 seconds, Stopping threads took: 0.0000324 seconds
2018-02-23T00:09:10.160+0530: 7.837: Application time: 0.1793650 seconds
2018-02-23T00:09:10.160+0530: 7.837: [GC (Allocation Failure)  94566K->516K(268800K), 0.0011682 secs]
2018-02-23T00:09:10.161+0530: 7.838: Total time for which application threads were stopped: 0.0015773 seconds, Stopping threads took: 0.0001481 seconds
2018-02-23T00:09:10.377+0530: 8.054: Application time: 0.2159229 seconds
2018-02-23T00:09:10.378+0530: 8.054: [GC (Allocation Failure)  92463K->516K(288768K), 0.0290599 secs]
2018-02-23T00:09:10.407+0530: 8.084: Total time for which application threads were stopped: 0.0295561 seconds, Stopping threads took: 0.0001615 seconds
2018-02-23T00:09:10.496+0530: 8.172: Application time: 0.0888625 seconds
2018-02-23T00:09:10.496+0530: 8.173: [GC (Allocation Failure)  113333K->612K(293376K), 0.0029511 secs]
2018-02-23T00:09:10.499+0530: 8.176: Total time for which application threads were stopped: 0.0033100 seconds, Stopping threads took: 0.0000751 seconds
2018-02-23T00:09:10.606+0530: 8.282: Application time: 0.1066527 seconds
2018-02-23T00:09:10.606+0530: 8.283: [GC (Allocation Failure)  117614K->548K(293376K), 0.0007966 secs]
2018-02-23T00:09:10.607+0530: 8.284: Total time for which application threads were stopped: 0.0012652 seconds, Stopping threads took: 0.0001199 seconds
2018-02-23T00:09:10.701+0530: 8.377: Application time: 0.0937684 seconds
2018-02-23T00:09:10.701+0530: 8.378: [GC (Allocation Failure)  117563K->548K(318464K), 0.0004972 secs]
2018-02-23T00:09:10.702+0530: 8.378: Total time for which application threads were stopped: 0.0007112 seconds, Stopping threads took: 0.0000709 seconds
2018-02-23T00:09:10.964+0530: 8.640: Application time: 0.2622347 seconds
2018-02-23T00:09:10.964+0530: 8.641: [GC (Allocation Failure)  142645K->548K(318464K), 0.0003681 secs]
2018-02-23T00:09:10.964+0530: 8.641: Total time for which application threads were stopped: 0.0004915 seconds, Stopping threads took: 0.0000257 seconds
2018-02-23T00:09:11.069+0530: 8.746: Application time: 0.1046125 seconds
2018-02-23T00:09:11.069+0530: 8.746: [GC (Allocation Failure)  142648K->548K(347136K), 0.0003988 secs]
2018-02-23T00:09:11.069+0530: 8.746: Total time for which application threads were stopped: 0.0005325 seconds, Stopping threads took: 0.0000328 seconds
2018-02-23T00:09:11.382+0530: 9.059: Application time: 0.3132087 seconds
2018-02-23T00:09:11.382+0530: 9.059: [GC (Allocation Failure)  171892K->548K(340992K), 0.0003025 secs]
2018-02-23T00:09:11.383+0530: 9.060: Total time for which application threads were stopped: 0.0004362 seconds, Stopping threads took: 0.0000254 seconds
2018-02-23T00:09:11.606+0530: 9.282: Application time: 0.2226858 seconds
2018-02-23T00:09:11.606+0530: 9.283: [GC (Allocation Failure)  165625K->548K(335360K), 0.0002722 secs]
2018-02-23T00:09:11.606+0530: 9.283: Total time for which application threads were stopped: 0.0003911 seconds, Stopping threads took: 0.0000247 seconds
2018-02-23T00:09:11.726+0530: 9.402: Application time: 0.1195127 seconds
2018-02-23T00:09:11.726+0530: 9.402: [GC (Allocation Failure)  159369K->548K(329728K), 0.0003512 secs]
2018-02-23T00:09:11.726+0530: 9.403: Total time for which application threads were stopped: 0.0004803 seconds, Stopping threads took: 0.0000233 seconds
2018-02-23T00:09:11.961+0530: 9.638: Application time: 0.2347485 seconds
2018-02-23T00:09:11.961+0530: 9.638: [GC (Allocation Failure)  153113K->548K(324608K), 0.0003501 secs]
2018-02-23T00:09:11.961+0530: 9.638: Total time for which application threads were stopped: 0.0004503 seconds, Stopping threads took: 0.0000205 seconds
2018-02-23T00:09:12.069+0530: 9.746: Application time: 0.1075371 seconds
2018-02-23T00:09:12.069+0530: 9.746: [GC (Allocation Failure)  148916K->676K(319488K), 0.0003579 secs]
2018-02-23T00:09:12.069+0530: 9.746: Total time for which application threads were stopped: 0.0004672 seconds, Stopping threads took: 0.0000201 seconds
2018-02-23T00:09:12.224+0530: 9.900: Application time: 0.1543792 seconds
2018-02-23T00:09:12.224+0530: 9.900: [GC (Allocation Failure)  142799K->572K(314880K), 0.0002200 secs]
2018-02-23T00:09:12.224+0530: 9.901: Total time for which application threads were stopped: 0.0003262 seconds, Stopping threads took: 0.0000201 seconds
2018-02-23T00:09:12.328+0530: 10.004: Application time: 0.1036005 seconds
2018-02-23T00:09:12.328+0530: 10.004: [GC (Allocation Failure)  138509K->572K(310272K), 0.0002782 secs]
2018-02-23T00:09:12.328+0530: 10.005: Total time for which application threads were stopped: 0.0004037 seconds, Stopping threads took: 0.0000247 seconds
2018-02-23T00:09:12.502+0530: 10.179: Application time: 0.1740972 seconds
2018-02-23T00:09:12.502+0530: 10.179: [GC (Allocation Failure)  134322K->572K(306176K), 0.0012768 secs]
2018-02-23T00:09:12.503+0530: 10.180: Total time for which application threads were stopped: 0.0015254 seconds, Stopping threads took: 0.0000317 seconds
2018-02-23T00:09:12.587+0530: 10.264: Application time: 0.0836233 seconds
2018-02-23T00:09:12.587+0530: 10.264: [GC (Allocation Failure)  130146K->572K(302080K), 0.0006813 secs]
2018-02-23T00:09:12.588+0530: 10.265: Total time for which application threads were stopped: 0.0009066 seconds, Stopping threads took: 0.0000723 seconds
2018-02-23T00:09:12.677+0530: 10.354: Application time: 0.0891262 seconds
2018-02-23T00:09:12.677+0530: 10.354: [GC (Allocation Failure)  125969K->572K(297984K), 0.0004492 secs]
2018-02-23T00:09:12.678+0530: 10.355: Total time for which application threads were stopped: 0.0006731 seconds, Stopping threads took: 0.0000973 seconds
2018-02-23T00:09:12.802+0530: 10.478: Application time: 0.1237113 seconds
2018-02-23T00:09:12.802+0530: 10.479: [GC (Allocation Failure)  121793K->572K(294400K), 0.0007204 secs]
2018-02-23T00:09:12.803+0530: 10.479: Total time for which application threads were stopped: 0.0009172 seconds, Stopping threads took: 0.0000441 seconds
2018-02-23T00:09:12.888+0530: 10.564: Application time: 0.0849974 seconds
2018-02-23T00:09:12.888+0530: 10.564: [GC (Allocation Failure)  117627K->572K(290816K), 0.0003043 secs]
2018-02-23T00:09:12.888+0530: 10.565: Total time for which application threads were stopped: 0.0004270 seconds, Stopping threads took: 0.0000236 seconds
2018-02-23T00:09:13.005+0530: 10.681: Application time: 0.1165183 seconds
2018-02-23T00:09:13.005+0530: 10.681: [GC (Allocation Failure)  115509K->572K(287232K), 0.0004048 secs]
2018-02-23T00:09:13.005+0530: 10.682: Total time for which application threads were stopped: 0.0005473 seconds, Stopping threads took: 0.0000250 seconds
2018-02-23T00:09:13.085+0530: 10.761: Application time: 0.0794804 seconds
2018-02-23T00:09:13.085+0530: 10.761: [GC (Allocation Failure)  111342K->572K(284160K), 0.0008008 secs]
2018-02-23T00:09:13.086+0530: 10.763: Total time for which application threads were stopped: 0.0012257 seconds, Stopping threads took: 0.0000451 seconds
2018-02-23T00:09:13.202+0530: 10.878: Application time: 0.1157238 seconds
2018-02-23T00:09:13.202+0530: 10.878: [GC (Allocation Failure)  107186K->572K(281088K), 0.0003135 secs]
2018-02-23T00:09:13.202+0530: 10.879: Total time for which application threads were stopped: 0.0004411 seconds, Stopping threads took: 0.0000303 seconds
2018-02-23T00:09:13.427+0530: 11.103: Application time: 0.2246160 seconds
2018-02-23T00:09:13.427+0530: 11.103: [GC (Allocation Failure)  105078K->572K(278016K), 0.0002581 secs]
2018-02-23T00:09:13.427+0530: 11.104: Total time for which application threads were stopped: 0.0003907 seconds, Stopping threads took: 0.0000247 seconds
2018-02-23T00:09:13.621+0530: 11.298: Application time: 0.1937764 seconds
2018-02-23T00:09:13.621+0530: 11.298: [GC (Allocation Failure)  102970K->572K(274944K), 0.0002768 secs]
2018-02-23T00:09:13.621+0530: 11.298: Total time for which application threads were stopped: 0.0004249 seconds, Stopping threads took: 0.0000261 seconds
2018-02-23T00:09:13.685+0530: 11.362: Application time: 0.0638968 seconds
2018-02-23T00:09:13.685+0530: 11.362: [GC (Allocation Failure)  98813K->572K(272384K), 0.0004447 secs]
2018-02-23T00:09:13.685+0530: 11.362: Total time for which application threads were stopped: 0.0006104 seconds, Stopping threads took: 0.0000427 seconds
2018-02-23T00:09:13.855+0530: 11.531: Application time: 0.1686493 seconds
2018-02-23T00:09:13.855+0530: 11.531: [GC (Allocation Failure)  96701K->572K(269824K), 0.0003223 secs]
2018-02-23T00:09:13.855+0530: 11.532: Total time for which application threads were stopped: 0.0005007 seconds, Stopping threads took: 0.0000300 seconds
2018-02-23T00:09:14.234+0530: 11.911: Application time: 0.3793073 seconds
2018-02-23T00:09:14.234+0530: 11.911: [GC (Allocation Failure)  94594K->572K(267264K), 0.0008555 secs]
2018-02-23T00:09:14.234+0530: 11.912: Total time for which application threads were stopped: 0.0011541 seconds, Stopping threads took: 0.0000374 seconds
2018-02-23T00:09:14.587+0530: 12.264: Application time: 0.3516987 seconds
2018-02-23T00:09:14.588+0530: 12.264: [GC (Allocation Failure)  90442K->572K(264704K), 0.0037878 secs]
2018-02-23T00:09:14.591+0530: 12.268: Total time for which application threads were stopped: 0.0041845 seconds, Stopping threads took: 0.0001054 seconds
2018-02-23T00:09:14.681+0530: 12.358: Application time: 0.0895437 seconds
2018-02-23T00:09:14.681+0530: 12.358: [GC (Allocation Failure)  88341K->572K(262144K), 0.0013414 secs]
2018-02-23T00:09:14.683+0530: 12.359: Total time for which application threads were stopped: 0.0019080 seconds, Stopping threads took: 0.0001083 seconds
2018-02-23T00:09:14.789+0530: 12.466: Application time: 0.1064715 seconds
2018-02-23T00:09:14.790+0530: 12.466: [GC (Allocation Failure)  86240K->572K(260096K), 0.0009464 secs]
2018-02-23T00:09:14.791+0530: 12.467: Total time for which application threads were stopped: 0.0012878 seconds, Stopping threads took: 0.0001125 seconds
2018-02-23T00:09:14.989+0530: 12.666: Application time: 0.1986133 seconds
2018-02-23T00:09:14.989+0530: 12.666: [GC (Allocation Failure)  84151K->572K(258048K), 0.0004383 secs]
2018-02-23T00:09:14.990+0530: 12.666: Total time for which application threads were stopped: 0.0006188 seconds, Stopping threads took: 0.0000522 seconds
2018-02-23T00:09:15.114+0530: 12.790: Application time: 0.1239144 seconds
2018-02-23T00:09:15.114+0530: 12.790: [GC (Allocation Failure)  82062K->572K(256000K), 0.0003635 secs]
2018-02-23T00:09:15.114+0530: 12.791: Total time for which application threads were stopped: 0.0004937 seconds, Stopping threads took: 0.0000363 seconds
2018-02-23T00:09:15.210+0530: 12.887: Application time: 0.0960763 seconds
2018-02-23T00:09:15.210+0530: 12.887: [GC (Allocation Failure)  79973K->572K(253952K), 0.0005321 secs]
2018-02-23T00:09:15.211+0530: 12.888: Total time for which application threads were stopped: 0.0007694 seconds, Stopping threads took: 0.0000649 seconds
2018-02-23T00:09:15.291+0530: 12.968: Application time: 0.0798672 seconds
2018-02-23T00:09:15.291+0530: 12.968: [GC (Allocation Failure)  77885K->572K(251904K), 0.0003646 secs]
2018-02-23T00:09:15.291+0530: 12.968: Total time for which application threads were stopped: 0.0005243 seconds, Stopping threads took: 0.0000314 seconds
2018-02-23T00:09:15.409+0530: 13.085: Application time: 0.1173332 seconds
2018-02-23T00:09:15.409+0530: 13.086: [GC (Allocation Failure)  75796K->572K(249856K), 0.0010011 secs]
2018-02-23T00:09:15.410+0530: 13.087: Total time for which application threads were stopped: 0.0012497 seconds, Stopping threads took: 0.0000772 seconds
2018-02-23T00:09:15.486+0530: 13.163: Application time: 0.0764066 seconds
2018-02-23T00:09:15.487+0530: 13.163: [GC (Allocation Failure)  73708K->572K(264704K), 0.0032342 secs]
2018-02-23T00:09:15.490+0530: 13.167: Total time for which application threads were stopped: 0.0038629 seconds, Stopping threads took: 0.0000578 seconds
2018-02-23T00:09:15.637+0530: 13.314: Application time: 0.1471234 seconds
2018-02-23T00:09:15.638+0530: 13.314: [GC (Allocation Failure)  88335K->572K(282624K), 0.0010670 secs]
2018-02-23T00:09:15.639+0530: 13.315: Total time for which application threads were stopped: 0.0013474 seconds, Stopping threads took: 0.0000374 seconds
2018-02-23T00:09:15.737+0530: 13.413: Application time: 0.0979738 seconds
2018-02-23T00:09:15.737+0530: 13.414: [GC (Allocation Failure)  107168K->572K(304128K), 0.0036729 secs]
2018-02-23T00:09:15.741+0530: 13.417: Total time for which application threads were stopped: 0.0040086 seconds, Stopping threads took: 0.0000656 seconds
2018-02-23T00:09:16.015+0530: 13.692: Application time: 0.2743810 seconds
2018-02-23T00:09:16.015+0530: 13.692: [GC (Allocation Failure)  128020K->572K(330240K), 0.0007542 secs]
2018-02-23T00:09:16.016+0530: 13.693: Total time for which application threads were stopped: 0.0010092 seconds, Stopping threads took: 0.0000642 seconds
2018-02-23T00:09:16.320+0530: 13.997: Application time: 0.3039486 seconds
2018-02-23T00:09:16.320+0530: 13.997: [GC (Allocation Failure)  155174K->572K(347136K), 0.0002930 secs]
2018-02-23T00:09:16.320+0530: 13.997: Total time for which application threads were stopped: 0.0004260 seconds, Stopping threads took: 0.0000296 seconds
2018-02-23T00:09:16.658+0530: 14.334: Application time: 0.3367911 seconds
2018-02-23T00:09:16.658+0530: 14.334: [GC (Allocation Failure)  171900K->572K(340992K), 0.0003900 secs]
2018-02-23T00:09:16.658+0530: 14.335: Total time for which application threads were stopped: 0.0005395 seconds, Stopping threads took: 0.0000423 seconds
2018-02-23T00:09:17.486+0530: 15.163: Application time: 0.8279328 seconds
2018-02-23T00:09:17.486+0530: 15.163: [GC (Allocation Failure)  165639K->572K(335360K), 0.0003029 secs]
2018-02-23T00:09:17.486+0530: 15.163: Total time for which application threads were stopped: 0.0004394 seconds, Stopping threads took: 0.0000257 seconds
2018-02-23T00:09:18.314+0530: 15.991: Application time: 0.8278813 seconds
2018-02-23T00:09:18.314+0530: 15.991: [GC (Allocation Failure)  159387K->572K(329728K), 0.0002391 secs]
2018-02-23T00:09:18.314+0530: 15.991: Total time for which application threads were stopped: 0.0003614 seconds, Stopping threads took: 0.0000289 seconds
2018-02-23T00:09:19.166+0530: 16.843: Application time: 0.8516721 seconds
2018-02-23T00:09:19.166+0530: 16.843: [GC (Allocation Failure)  153133K->572K(324608K), 0.0002631 secs]
2018-02-23T00:09:19.166+0530: 16.843: Total time for which application threads were stopped: 0.0004069 seconds, Stopping threads took: 0.0000483 seconds
2018-02-23T00:09:20.166+0530: 17.843: Application time: 0.9995169 seconds
2018-02-23T00:09:20.166+0530: 17.843: [GC (Allocation Failure)  148938K->572K(319488K), 0.0003808 secs]
2018-02-23T00:09:20.166+0530: 17.843: Total time for which application threads were stopped: 0.0005822 seconds, Stopping threads took: 0.0000698 seconds
2018-02-23T00:09:20.868+0530: 18.545: Application time: 0.7011414 seconds
2018-02-23T00:09:20.868+0530: 18.545: [GC (Allocation Failure)  142694K->572K(314880K), 0.0003777 secs]
2018-02-23T00:09:20.868+0530: 18.545: Total time for which application threads were stopped: 0.0005938 seconds, Stopping threads took: 0.0000321 seconds
2018-02-23T00:09:21.563+0530: 19.240: Application time: 0.6949967 seconds
2018-02-23T00:09:21.563+0530: 19.240: [GC (Allocation Failure)  138508K->572K(310272K), 0.0006009 secs]
2018-02-23T00:09:21.563+0530: 19.241: Total time for which application threads were stopped: 0.0007317 seconds, Stopping threads took: 0.0000236 seconds
2018-02-23T00:09:21.808+0530: 19.485: Application time: 0.2437466 seconds
2018-02-23T00:09:21.808+0530: 19.485: [GC (Allocation Failure)  134322K->572K(306176K), 0.0003512 secs]
2018-02-23T00:09:21.808+0530: 19.485: Total time for which application threads were stopped: 0.0004891 seconds, Stopping threads took: 0.0000289 seconds
2018-02-23T00:09:21.908+0530: 19.585: Application time: 0.0994421 seconds
2018-02-23T00:09:21.908+0530: 19.585: [GC (Allocation Failure)  130145K->572K(302080K), 0.0006471 secs]
2018-02-23T00:09:21.908+0530: 19.585: Total time for which application threads were stopped: 0.0007909 seconds, Stopping threads took: 0.0000324 seconds
2018-02-23T00:09:22.003+0530: 19.679: Application time: 0.0938975 seconds
2018-02-23T00:09:22.003+0530: 19.679: [GC (Allocation Failure)  125969K->572K(297984K), 0.0003470 secs]
2018-02-23T00:09:22.003+0530: 19.680: Total time for which application threads were stopped: 0.0004937 seconds, Stopping threads took: 0.0000339 seconds
2018-02-23T00:09:22.090+0530: 19.766: Application time: 0.0863596 seconds
2018-02-23T00:09:22.090+0530: 19.766: [GC (Allocation Failure)  121793K->572K(294400K), 0.0002359 secs]
2018-02-23T00:09:22.090+0530: 19.767: Total time for which application threads were stopped: 0.0003554 seconds, Stopping threads took: 0.0000254 seconds
2018-02-23T00:09:22.175+0530: 19.851: Application time: 0.0846526 seconds
2018-02-23T00:09:22.175+0530: 19.851: [GC (Allocation Failure)  117627K->572K(290816K), 0.0003085 secs]
2018-02-23T00:09:22.175+0530: 19.852: Total time for which application threads were stopped: 0.0004468 seconds, Stopping threads took: 0.0000296 seconds
2018-02-23T00:09:22.260+0530: 19.937: Application time: 0.0852009 seconds
2018-02-23T00:09:22.260+0530: 19.937: [GC (Allocation Failure)  115508K->572K(287232K), 0.0003692 secs]
2018-02-23T00:09:22.260+0530: 19.937: Total time for which application threads were stopped: 0.0004859 seconds, Stopping threads took: 0.0000250 seconds
2018-02-23T00:09:22.350+0530: 20.027: Application time: 0.0896819 seconds
2018-02-23T00:09:22.350+0530: 20.027: [GC (Allocation Failure)  111342K->572K(284160K), 0.0003558 secs]
2018-02-23T00:09:22.350+0530: 20.028: Total time for which application threads were stopped: 0.0005109 seconds, Stopping threads took: 0.0000307 seconds
2018-02-23T00:09:22.433+0530: 20.110: Application time: 0.0821264 seconds
2018-02-23T00:09:22.433+0530: 20.110: [GC (Allocation Failure)  107186K->572K(281088K), 0.0004485 secs]
2018-02-23T00:09:22.433+0530: 20.110: Total time for which application threads were stopped: 0.0007126 seconds, Stopping threads took: 0.0000762 seconds
2018-02-23T00:09:22.507+0530: 20.184: Application time: 0.0734217 seconds
2018-02-23T00:09:22.507+0530: 20.184: [GC (Allocation Failure)  105078K->572K(278016K), 0.0002627 secs]
2018-02-23T00:09:22.507+0530: 20.184: Total time for which application threads were stopped: 0.0003914 seconds, Stopping threads took: 0.0000328 seconds
2018-02-23T00:09:22.581+0530: 20.258: Application time: 0.0734157 seconds
2018-02-23T00:09:22.581+0530: 20.258: [GC (Allocation Failure)  102970K->572K(274944K), 0.0003057 secs]
2018-02-23T00:09:22.581+0530: 20.258: Total time for which application threads were stopped: 0.0004538 seconds, Stopping threads took: 0.0000303 seconds
2018-02-23T00:09:22.654+0530: 20.330: Application time: 0.0723145 seconds
2018-02-23T00:09:22.654+0530: 20.330: [GC (Allocation Failure)  98813K->572K(272384K), 0.0002786 secs]
2018-02-23T00:09:22.654+0530: 20.331: Total time for which application threads were stopped: 0.0004182 seconds, Stopping threads took: 0.0000342 seconds
2018-02-23T00:09:22.722+0530: 20.399: Application time: 0.0677269 seconds
2018-02-23T00:09:22.722+0530: 20.399: [GC (Allocation Failure)  96701K->572K(269824K), 0.0004485 secs]
2018-02-23T00:09:22.722+0530: 20.399: Total time for which application threads were stopped: 0.0006054 seconds, Stopping threads took: 0.0000303 seconds
2018-02-23T00:09:22.784+0530: 20.461: Application time: 0.0614768 seconds
2018-02-23T00:09:22.784+0530: 20.461: [GC (Allocation Failure)  94594K->572K(267264K), 0.0003332 secs]
2018-02-23T00:09:22.784+0530: 20.461: Total time for which application threads were stopped: 0.0004655 seconds, Stopping threads took: 0.0000275 seconds
2018-02-23T00:09:22.842+0530: 20.519: Application time: 0.0577531 seconds
2018-02-23T00:09:22.842+0530: 20.519: [GC (Allocation Failure)  90442K->572K(285696K), 0.0021256 secs]
2018-02-23T00:09:22.845+0530: 20.521: Total time for which application threads were stopped: 0.0022987 seconds, Stopping threads took: 0.0000353 seconds
2018-02-23T00:09:22.921+0530: 20.598: Application time: 0.0766309 seconds
2018-02-23T00:09:22.921+0530: 20.598: [GC (Allocation Failure)  109234K->572K(282624K), 0.0003375 secs]
2018-02-23T00:09:22.921+0530: 20.598: Total time for which application threads were stopped: 0.0005233 seconds, Stopping threads took: 0.0000688 seconds
2018-02-23T00:09:22.998+0530: 20.674: Application time: 0.0760995 seconds
2018-02-23T00:09:22.998+0530: 20.674: [GC (Allocation Failure)  107123K->572K(279552K), 0.0004972 secs]
2018-02-23T00:09:22.999+0530: 20.675: Total time for which application threads were stopped: 0.0006834 seconds, Stopping threads took: 0.0000243 seconds
2018-02-23T00:09:23.077+0530: 20.753: Application time: 0.0784007 seconds
2018-02-23T00:09:23.077+0530: 20.754: [GC (Allocation Failure)  103297K->572K(276480K), 0.0002768 secs]
2018-02-23T00:09:23.077+0530: 20.754: Total time for which application threads were stopped: 0.0003911 seconds, Stopping threads took: 0.0000205 seconds
2018-02-23T00:09:23.149+0530: 20.826: Application time: 0.0716420 seconds
2018-02-23T00:09:23.149+0530: 20.826: [GC (Allocation Failure)  100878K->572K(273920K), 0.0003858 secs]
2018-02-23T00:09:23.149+0530: 20.826: Total time for which application threads were stopped: 0.0005430 seconds, Stopping threads took: 0.0000335 seconds
2018-02-23T00:09:23.235+0530: 20.911: Application time: 0.0853825 seconds
2018-02-23T00:09:23.235+0530: 20.912: [GC (Allocation Failure)  98771K->572K(271360K), 0.0003632 secs]
2018-02-23T00:09:23.235+0530: 20.912: Total time for which application threads were stopped: 0.0004841 seconds, Stopping threads took: 0.0000264 seconds
2018-02-23T00:09:23.302+0530: 20.979: Application time: 0.0667304 seconds
2018-02-23T00:09:23.302+0530: 20.979: [GC (Allocation Failure)  94619K->572K(268800K), 0.0005483 secs]
2018-02-23T00:09:23.302+0530: 20.979: Total time for which application threads were stopped: 0.0007200 seconds, Stopping threads took: 0.0000448 seconds
2018-02-23T00:09:23.371+0530: 21.047: Application time: 0.0677646 seconds
2018-02-23T00:09:23.371+0530: 21.047: [GC (Allocation Failure)  92517K->572K(266240K), 0.0003653 secs]
2018-02-23T00:09:23.371+0530: 21.048: Total time for which application threads were stopped: 0.0004908 seconds, Stopping threads took: 0.0000282 seconds
2018-02-23T00:09:23.435+0530: 21.111: Application time: 0.0636267 seconds
2018-02-23T00:09:23.435+0530: 21.111: [GC (Allocation Failure)  90417K->572K(263680K), 0.0003244 secs]
2018-02-23T00:09:23.435+0530: 21.112: Total time for which application threads were stopped: 0.0004591 seconds, Stopping threads took: 0.0000272 seconds
2018-02-23T00:09:23.520+0530: 21.197: Application time: 0.0850792 seconds
2018-02-23T00:09:23.520+0530: 21.197: [GC (Allocation Failure)  88317K->572K(261632K), 0.0002888 secs]
2018-02-23T00:09:23.520+0530: 21.197: Total time for which application threads were stopped: 0.0004157 seconds, Stopping threads took: 0.0000250 seconds
2018-02-23T00:09:23.578+0530: 21.254: Application time: 0.0571368 seconds
2018-02-23T00:09:23.578+0530: 21.254: [GC (Allocation Failure)  86228K->572K(259584K), 0.0003442 secs]
2018-02-23T00:09:23.578+0530: 21.255: Total time for which application threads were stopped: 0.0004771 seconds, Stopping threads took: 0.0000240 seconds
2018-02-23T00:09:23.634+0530: 21.311: Application time: 0.0561159 seconds
2018-02-23T00:09:23.634+0530: 21.311: [GC (Allocation Failure)  84140K->572K(257536K), 0.0003385 secs]
2018-02-23T00:09:23.634+0530: 21.311: Total time for which application threads were stopped: 0.0004591 seconds, Stopping threads took: 0.0000257 seconds
2018-02-23T00:09:23.692+0530: 21.368: Application time: 0.0566865 seconds
2018-02-23T00:09:23.692+0530: 21.368: [GC (Allocation Failure)  82051K->572K(255488K), 0.0003565 secs]
2018-02-23T00:09:23.692+0530: 21.369: Total time for which application threads were stopped: 0.0004961 seconds, Stopping threads took: 0.0000328 seconds
2018-02-23T00:09:23.750+0530: 21.427: Application time: 0.0583579 seconds
2018-02-23T00:09:23.750+0530: 21.427: [GC (Allocation Failure)  79963K->572K(253440K), 0.0004052 secs]
2018-02-23T00:09:23.750+0530: 21.428: Total time for which application threads were stopped: 0.0005314 seconds, Stopping threads took: 0.0000236 seconds
2018-02-23T00:09:23.804+0530: 21.480: Application time: 0.0526419 seconds
2018-02-23T00:09:23.804+0530: 21.480: [GC (Allocation Failure)  77874K->572K(251392K), 0.0003008 secs]
2018-02-23T00:09:23.804+0530: 21.481: Total time for which application threads were stopped: 0.0004133 seconds, Stopping threads took: 0.0000201 seconds
2018-02-23T00:09:23.859+0530: 21.535: Application time: 0.0548183 seconds
2018-02-23T00:09:23.859+0530: 21.535: [GC (Allocation Failure)  75786K->572K(249856K), 0.0004450 secs]
2018-02-23T00:09:23.859+0530: 21.536: Total time for which application threads were stopped: 0.0005794 seconds, Stopping threads took: 0.0000257 seconds
2018-02-23T00:09:23.911+0530: 21.587: Application time: 0.0512547 seconds
2018-02-23T00:09:23.911+0530: 21.587: [GC (Allocation Failure)  73708K->572K(248320K), 0.0004383 secs]
2018-02-23T00:09:23.911+0530: 21.588: Total time for which application threads were stopped: 0.0005698 seconds, Stopping threads took: 0.0000261 seconds
2018-02-23T00:09:23.959+0530: 21.635: Application time: 0.0476418 seconds
2018-02-23T00:09:23.959+0530: 21.636: [GC (Allocation Failure)  71630K->572K(246784K), 0.0002987 secs]
2018-02-23T00:09:23.959+0530: 21.636: Total time for which application threads were stopped: 0.0004168 seconds, Stopping threads took: 0.0000243 seconds
2018-02-23T00:09:24.009+0530: 21.686: Application time: 0.0497526 seconds
2018-02-23T00:09:24.009+0530: 21.686: [GC (Allocation Failure)  71599K->572K(245248K), 0.0003886 secs]
2018-02-23T00:09:24.009+0530: 21.686: Total time for which application threads were stopped: 0.0005155 seconds, Stopping threads took: 0.0000236 seconds
2018-02-23T00:09:24.059+0530: 21.735: Application time: 0.0489828 seconds
2018-02-23T00:09:24.059+0530: 21.735: [GC (Allocation Failure)  69521K->572K(243712K), 0.0002969 secs]
2018-02-23T00:09:24.059+0530: 21.736: Total time for which application threads were stopped: 0.0004066 seconds, Stopping threads took: 0.0000212 seconds
2018-02-23T00:09:24.109+0530: 21.786: Application time: 0.0501729 seconds
2018-02-23T00:09:24.109+0530: 21.786: [GC (Allocation Failure)  67443K->572K(242176K), 0.0002479 secs]
2018-02-23T00:09:24.109+0530: 21.786: Total time for which application threads were stopped: 0.0003769 seconds, Stopping threads took: 0.0000282 seconds
2018-02-23T00:09:24.151+0530: 21.827: Application time: 0.0410828 seconds
2018-02-23T00:09:24.151+0530: 21.827: [GC (Allocation Failure)  65365K->572K(240640K), 0.0003339 secs]
2018-02-23T00:09:24.151+0530: 21.828: Total time for which application threads were stopped: 0.0004778 seconds, Stopping threads took: 0.0000342 seconds
2018-02-23T00:09:24.196+0530: 21.873: Application time: 0.0452066 seconds
2018-02-23T00:09:24.196+0530: 21.873: [GC (Allocation Failure)  65335K->572K(239104K), 0.0002398 secs]
2018-02-23T00:09:24.196+0530: 21.873: Total time for which application threads were stopped: 0.0003406 seconds, Stopping threads took: 0.0000190 seconds
2018-02-23T00:09:24.236+0530: 21.912: Application time: 0.0390901 seconds
2018-02-23T00:09:24.236+0530: 21.912: [GC (Allocation Failure)  63257K->572K(237568K), 0.0003484 secs]
2018-02-23T00:09:24.236+0530: 21.913: Total time for which application threads were stopped: 0.0004633 seconds, Stopping threads took: 0.0000233 seconds
2018-02-23T00:09:24.280+0530: 21.957: Application time: 0.0441597 seconds
2018-02-23T00:09:24.280+0530: 21.957: [GC (Allocation Failure)  61179K->572K(236544K), 0.0004161 secs]
2018-02-23T00:09:24.280+0530: 21.958: Total time for which application threads were stopped: 0.0005349 seconds, Stopping threads took: 0.0000222 seconds
2018-02-23T00:09:24.321+0530: 21.998: Application time: 0.0400545 seconds
2018-02-23T00:09:24.321+0530: 21.998: [GC (Allocation Failure)  61159K->572K(235520K), 0.0003713 secs]
2018-02-23T00:09:24.321+0530: 21.998: Total time for which application threads were stopped: 0.0005162 seconds, Stopping threads took: 0.0000250 seconds
2018-02-23T00:09:24.359+0530: 22.035: Application time: 0.0372844 seconds
2018-02-23T00:09:24.359+0530: 22.035: [GC (Allocation Failure)  59091K->572K(234496K), 0.0002828 secs]
2018-02-23T00:09:24.359+0530: 22.036: Total time for which application threads were stopped: 0.0003988 seconds, Stopping threads took: 0.0000219 seconds
2018-02-23T00:09:24.401+0530: 22.077: Application time: 0.0412668 seconds
2018-02-23T00:09:24.401+0530: 22.077: [GC (Allocation Failure)  59070K->572K(233472K), 0.0002556 secs]
2018-02-23T00:09:24.401+0530: 22.077: Total time for which application threads were stopped: 0.0003741 seconds, Stopping threads took: 0.0000286 seconds
2018-02-23T00:09:24.440+0530: 22.117: Application time: 0.0393380 seconds
2018-02-23T00:09:24.440+0530: 22.117: [GC (Allocation Failure)  57002K->572K(232448K), 0.0003096 secs]
2018-02-23T00:09:24.440+0530: 22.117: Total time for which application threads were stopped: 0.0004291 seconds, Stopping threads took: 0.0000222 seconds
2018-02-23T00:09:24.484+0530: 22.161: Application time: 0.0433783 seconds
2018-02-23T00:09:24.484+0530: 22.161: [GC (Allocation Failure)  56982K->572K(231424K), 0.0003251 secs]
2018-02-23T00:09:24.484+0530: 22.161: Total time for which application threads were stopped: 0.0004598 seconds, Stopping threads took: 0.0000282 seconds
2018-02-23T00:09:24.516+0530: 22.193: Application time: 0.0314842 seconds
2018-02-23T00:09:24.516+0530: 22.193: [GC (Allocation Failure)  54914K->572K(230400K), 0.0004478 secs]
2018-02-23T00:09:24.516+0530: 22.193: Total time for which application threads were stopped: 0.0006277 seconds, Stopping threads took: 0.0000286 seconds
2018-02-23T00:09:24.554+0530: 22.231: Application time: 0.0377565 seconds
2018-02-23T00:09:24.554+0530: 22.231: [GC (Allocation Failure)  54894K->572K(229376K), 0.0003466 secs]
2018-02-23T00:09:24.554+0530: 22.231: Total time for which application threads were stopped: 0.0004485 seconds, Stopping threads took: 0.0000215 seconds
2018-02-23T00:09:24.594+0530: 22.271: Application time: 0.0396593 seconds
2018-02-23T00:09:24.594+0530: 22.271: [GC (Allocation Failure)  52826K->572K(228352K), 0.0002930 secs]
2018-02-23T00:09:24.594+0530: 22.271: Total time for which application threads were stopped: 0.0004133 seconds, Stopping threads took: 0.0000243 seconds
2018-02-23T00:09:24.633+0530: 22.309: Application time: 0.0376525 seconds
2018-02-23T00:09:24.633+0530: 22.309: [GC (Allocation Failure)  52806K->572K(227328K), 0.0002877 secs]
2018-02-23T00:09:24.633+0530: 22.310: Total time for which application threads were stopped: 0.0004076 seconds, Stopping threads took: 0.0000254 seconds
2018-02-23T00:09:24.666+0530: 22.342: Application time: 0.0326083 seconds
2018-02-23T00:09:24.666+0530: 22.342: [GC (Allocation Failure)  50738K->572K(226304K), 0.0004097 secs]
2018-02-23T00:09:24.666+0530: 22.343: Total time for which application threads were stopped: 0.0005892 seconds, Stopping threads took: 0.0000420 seconds
2018-02-23T00:09:24.701+0530: 22.378: Application time: 0.0349927 seconds
2018-02-23T00:09:24.701+0530: 22.378: [GC (Allocation Failure)  50718K->572K(225280K), 0.0005409 secs]
2018-02-23T00:09:24.701+0530: 22.378: Total time for which application threads were stopped: 0.0007035 seconds, Stopping threads took: 0.0000331 seconds
2018-02-23T00:09:24.735+0530: 22.411: Application time: 0.0329807 seconds
2018-02-23T00:09:24.735+0530: 22.412: [GC (Allocation Failure)  48650K->572K(224256K), 0.0004725 secs]
2018-02-23T00:09:24.735+0530: 22.412: Total time for which application threads were stopped: 0.0006382 seconds, Stopping threads took: 0.0000476 seconds
2018-02-23T00:09:24.771+0530: 22.447: Application time: 0.0353147 seconds
2018-02-23T00:09:24.771+0530: 22.447: [GC (Allocation Failure)  48629K->572K(233984K), 0.0005469 secs]
2018-02-23T00:09:24.771+0530: 22.448: Total time for which application threads were stopped: 0.0006971 seconds, Stopping threads took: 0.0000317 seconds
2018-02-23T00:09:24.815+0530: 22.491: Application time: 0.0430796 seconds
2018-02-23T00:09:24.815+0530: 22.491: [GC (Allocation Failure)  57012K->572K(232960K), 0.0003798 secs]
2018-02-23T00:09:24.815+0530: 22.492: Total time for which application threads were stopped: 0.0005466 seconds, Stopping threads took: 0.0000282 seconds
2018-02-23T00:09:24.924+0530: 22.600: Application time: 0.1085667 seconds
2018-02-23T00:09:24.924+0530: 22.600: [GC (Allocation Failure)  56992K->572K(231936K), 0.0008170 secs]
2018-02-23T00:09:24.925+0530: 22.601: Total time for which application threads were stopped: 0.0010043 seconds, Stopping threads took: 0.0000272 seconds
2018-02-23T00:09:24.960+0530: 22.636: Application time: 0.0350502 seconds
2018-02-23T00:09:24.960+0530: 22.636: [GC (Allocation Failure)  54924K->572K(230912K), 0.0003833 secs]
2018-02-23T00:09:24.960+0530: 22.637: Total time for which application threads were stopped: 0.0005233 seconds, Stopping threads took: 0.0000282 seconds
2018-02-23T00:09:24.997+0530: 22.673: Application time: 0.0366260 seconds
2018-02-23T00:09:24.997+0530: 22.674: [GC (Allocation Failure)  54904K->572K(229888K), 0.0003089 secs]
2018-02-23T00:09:24.997+0530: 22.674: Total time for which application threads were stopped: 0.0004228 seconds, Stopping threads took: 0.0000247 seconds
2018-02-23T00:09:25.034+0530: 22.711: Application time: 0.0366327 seconds
2018-02-23T00:09:25.034+0530: 22.711: [GC (Allocation Failure)  52836K->572K(228864K), 0.0006153 secs]
2018-02-23T00:09:25.034+0530: 22.711: Total time for which application threads were stopped: 0.0007659 seconds, Stopping threads took: 0.0000296 seconds
2018-02-23T00:09:25.089+0530: 22.766: Application time: 0.0543765 seconds
2018-02-23T00:09:25.089+0530: 22.766: [GC (Allocation Failure)  52816K->572K(227840K), 0.0004104 secs]
2018-02-23T00:09:25.089+0530: 22.766: Total time for which application threads were stopped: 0.0005973 seconds, Stopping threads took: 0.0000272 seconds
2018-02-23T00:09:25.124+0530: 22.801: Application time: 0.0345026 seconds
2018-02-23T00:09:25.124+0530: 22.801: [GC (Allocation Failure)  50748K->572K(226816K), 0.0003269 secs]
2018-02-23T00:09:25.124+0530: 22.801: Total time for which application threads were stopped: 0.0004563 seconds, Stopping threads took: 0.0000293 seconds
2018-02-23T00:09:25.158+0530: 22.835: Application time: 0.0333548 seconds
2018-02-23T00:09:25.158+0530: 22.835: [GC (Allocation Failure)  50727K->572K(225792K), 0.0002944 secs]
2018-02-23T00:09:25.158+0530: 22.835: Total time for which application threads were stopped: 0.0004397 seconds, Stopping threads took: 0.0000370 seconds
2018-02-23T00:09:25.195+0530: 22.872: Application time: 0.0366751 seconds
2018-02-23T00:09:25.195+0530: 22.872: [GC (Allocation Failure)  50707K->572K(224768K), 0.0002465 secs]
2018-02-23T00:09:25.195+0530: 22.872: Total time for which application threads were stopped: 0.0003600 seconds, Stopping threads took: 0.0000233 seconds
2018-02-23T00:09:25.227+0530: 22.903: Application time: 0.0309239 seconds
2018-02-23T00:09:25.227+0530: 22.903: [GC (Allocation Failure)  48640K->572K(223744K), 0.0003262 secs]
2018-02-23T00:09:25.227+0530: 22.903: Total time for which application threads were stopped: 0.0004510 seconds, Stopping threads took: 0.0000236 seconds
2018-02-23T00:09:25.258+0530: 22.935: Application time: 0.0312839 seconds
2018-02-23T00:09:25.258+0530: 22.935: [GC (Allocation Failure)  48619K->572K(223232K), 0.0003054 secs]
2018-02-23T00:09:25.258+0530: 22.935: Total time for which application threads were stopped: 0.0004267 seconds, Stopping threads took: 0.0000240 seconds
2018-02-23T00:09:25.292+0530: 22.968: Application time: 0.0332138 seconds
2018-02-23T00:09:25.292+0530: 22.968: [GC (Allocation Failure)  46562K->572K(222720K), 0.0002620 secs]
2018-02-23T00:09:25.292+0530: 22.969: Total time for which application threads were stopped: 0.0003840 seconds, Stopping threads took: 0.0000254 seconds
2018-02-23T00:09:25.325+0530: 23.002: Application time: 0.0330290 seconds
2018-02-23T00:09:25.325+0530: 23.002: [GC (Allocation Failure)  46551K->572K(222208K), 0.0003293 secs]
2018-02-23T00:09:25.325+0530: 23.002: Total time for which application threads were stopped: 0.0004499 seconds, Stopping threads took: 0.0000250 seconds
2018-02-23T00:09:25.359+0530: 23.036: Application time: 0.0332896 seconds
2018-02-23T00:09:25.359+0530: 23.036: [GC (Allocation Failure)  46541K->572K(221696K), 0.0003184 secs]
2018-02-23T00:09:25.359+0530: 23.036: Total time for which application threads were stopped: 0.0004372 seconds, Stopping threads took: 0.0000233 seconds
2018-02-23T00:09:25.390+0530: 23.067: Application time: 0.0308417 seconds
2018-02-23T00:09:25.390+0530: 23.067: [GC (Allocation Failure)  46531K->572K(221184K), 0.0002722 secs]
2018-02-23T00:09:25.390+0530: 23.067: Total time for which application threads were stopped: 0.0003956 seconds, Stopping threads took: 0.0000240 seconds
2018-02-23T00:09:25.421+0530: 23.098: Application time: 0.0305162 seconds
2018-02-23T00:09:25.421+0530: 23.098: [GC (Allocation Failure)  44473K->572K(220672K), 0.0002066 secs]
2018-02-23T00:09:25.421+0530: 23.098: Total time for which application threads were stopped: 0.0002994 seconds, Stopping threads took: 0.0000201 seconds
2018-02-23T00:09:25.448+0530: 23.125: Application time: 0.0268448 seconds
2018-02-23T00:09:25.448+0530: 23.125: [GC (Allocation Failure)  44463K->572K(220160K), 0.0002846 secs]
2018-02-23T00:09:25.449+0530: 23.125: Total time for which application threads were stopped: 0.0003956 seconds, Stopping threads took: 0.0000240 seconds
2018-02-23T00:09:25.481+0530: 23.158: Application time: 0.0325237 seconds
2018-02-23T00:09:25.481+0530: 23.158: [GC (Allocation Failure)  44453K->572K(219648K), 0.0003378 secs]
2018-02-23T00:09:25.481+0530: 23.158: Total time for which application threads were stopped: 0.0004630 seconds, Stopping threads took: 0.0000303 seconds
2018-02-23T00:09:25.515+0530: 23.192: Application time: 0.0336997 seconds
2018-02-23T00:09:25.515+0530: 23.192: [GC (Allocation Failure)  44443K->572K(219136K), 0.0002860 secs]
2018-02-23T00:09:25.515+0530: 23.192: Total time for which application threads were stopped: 0.0003925 seconds, Stopping threads took: 0.0000226 seconds
2018-02-23T00:09:25.547+0530: 23.224: Application time: 0.0312934 seconds
2018-02-23T00:09:25.547+0530: 23.224: [GC (Allocation Failure)  42385K->572K(218624K), 0.0002366 secs]
2018-02-23T00:09:25.547+0530: 23.224: Total time for which application threads were stopped: 0.0003329 seconds, Stopping threads took: 0.0000208 seconds
2018-02-23T00:09:25.575+0530: 23.251: Application time: 0.0271092 seconds
2018-02-23T00:09:25.575+0530: 23.251: [GC (Allocation Failure)  42375K->572K(218112K), 0.0002796 secs]
2018-02-23T00:09:25.575+0530: 23.252: Total time for which application threads were stopped: 0.0003875 seconds, Stopping threads took: 0.0000219 seconds
2018-02-23T00:09:25.602+0530: 23.279: Application time: 0.0271731 seconds
2018-02-23T00:09:25.602+0530: 23.279: [GC (Allocation Failure)  42365K->572K(217600K), 0.0003276 secs]
2018-02-23T00:09:25.602+0530: 23.279: Total time for which application threads were stopped: 0.0004531 seconds, Stopping threads took: 0.0000250 seconds
2018-02-23T00:09:25.635+0530: 23.311: Application time: 0.0320321 seconds
2018-02-23T00:09:25.635+0530: 23.311: [GC (Allocation Failure)  42355K->572K(217088K), 0.0003198 secs]
2018-02-23T00:09:25.635+0530: 23.312: Total time for which application threads were stopped: 0.0004390 seconds, Stopping threads took: 0.0000254 seconds
2018-02-23T00:09:25.660+0530: 23.336: Application time: 0.0247880 seconds
2018-02-23T00:09:25.660+0530: 23.337: [GC (Allocation Failure)  40297K->572K(216576K), 0.0002588 secs]
2018-02-23T00:09:25.660+0530: 23.337: Total time for which application threads were stopped: 0.0003600 seconds, Stopping threads took: 0.0000205 seconds
2018-02-23T00:09:25.687+0530: 23.363: Application time: 0.0263546 seconds
2018-02-23T00:09:25.687+0530: 23.363: [GC (Allocation Failure)  40287K->572K(216064K), 0.0003167 secs]
2018-02-23T00:09:25.687+0530: 23.364: Total time for which application threads were stopped: 0.0004214 seconds, Stopping threads took: 0.0000197 seconds
2018-02-23T00:09:25.714+0530: 23.390: Application time: 0.0268518 seconds
2018-02-23T00:09:25.714+0530: 23.391: [GC (Allocation Failure)  40277K->572K(215552K), 0.0003438 secs]
2018-02-23T00:09:25.714+0530: 23.391: Total time for which application threads were stopped: 0.0004736 seconds, Stopping threads took: 0.0000243 seconds
2018-02-23T00:09:25.742+0530: 23.418: Application time: 0.0270930 seconds
2018-02-23T00:09:25.742+0530: 23.418: [GC (Allocation Failure)  40267K->572K(215040K), 0.0002363 secs]
2018-02-23T00:09:25.742+0530: 23.418: Total time for which application threads were stopped: 0.0003336 seconds, Stopping threads took: 0.0000205 seconds
2018-02-23T00:09:25.767+0530: 23.444: Application time: 0.0255651 seconds
2018-02-23T00:09:25.767+0530: 23.444: [GC (Allocation Failure)  38209K->572K(214528K), 0.0003283 secs]
2018-02-23T00:09:25.767+0530: 23.444: Total time for which application threads were stopped: 0.0004764 seconds, Stopping threads took: 0.0000240 seconds
2018-02-23T00:09:25.795+0530: 23.471: Application time: 0.0269696 seconds
2018-02-23T00:09:25.795+0530: 23.471: [GC (Allocation Failure)  38199K->572K(214016K), 0.0002895 secs]
2018-02-23T00:09:25.795+0530: 23.472: Total time for which application threads were stopped: 0.0003872 seconds, Stopping threads took: 0.0000197 seconds
2018-02-23T00:09:25.821+0530: 23.498: Application time: 0.0261388 seconds
2018-02-23T00:09:25.821+0530: 23.498: [GC (Allocation Failure)  38189K->572K(213504K), 0.0002680 secs]
2018-02-23T00:09:25.821+0530: 23.498: Total time for which application threads were stopped: 0.0003777 seconds, Stopping threads took: 0.0000250 seconds
2018-02-23T00:09:25.847+0530: 23.524: Application time: 0.0252989 seconds
2018-02-23T00:09:25.847+0530: 23.524: [GC (Allocation Failure)  38179K->572K(212992K), 0.0002341 secs]
2018-02-23T00:09:25.847+0530: 23.524: Total time for which application threads were stopped: 0.0003406 seconds, Stopping threads took: 0.0000240 seconds
2018-02-23T00:09:25.870+0530: 23.547: Application time: 0.0229237 seconds
2018-02-23T00:09:25.870+0530: 23.547: [GC (Allocation Failure)  36121K->572K(220672K), 0.0006051 secs]
2018-02-23T00:09:25.870+0530: 23.548: Total time for which application threads were stopped: 0.0007966 seconds, Stopping threads took: 0.0000264 seconds
2018-02-23T00:09:25.902+0530: 23.579: Application time: 0.0309436 seconds
2018-02-23T00:09:25.902+0530: 23.579: [GC (Allocation Failure)  44463K->572K(229888K), 0.0002814 secs]
2018-02-23T00:09:25.902+0530: 23.579: Total time for which application threads were stopped: 0.0007408 seconds, Stopping threads took: 0.0003766 seconds
2018-02-23T00:09:25.943+0530: 23.620: Application time: 0.0406043 seconds
2018-02-23T00:09:25.943+0530: 23.620: [GC (Allocation Failure)  52836K->572K(228864K), 0.0002500 secs]
2018-02-23T00:09:25.943+0530: 23.620: Total time for which application threads were stopped: 0.0003755 seconds, Stopping threads took: 0.0000268 seconds
2018-02-23T00:09:25.978+0530: 23.654: Application time: 0.0341299 seconds
2018-02-23T00:09:25.978+0530: 23.655: [GC (Allocation Failure)  52816K->572K(227840K), 0.0002846 secs]
2018-02-23T00:09:25.978+0530: 23.655: Total time for which application threads were stopped: 0.0004228 seconds, Stopping threads took: 0.0000201 seconds
2018-02-23T00:09:26.016+0530: 23.692: Application time: 0.0375108 seconds
2018-02-23T00:09:26.016+0530: 23.692: [GC (Allocation Failure)  52796K->572K(226816K), 0.0002817 secs]
2018-02-23T00:09:26.016+0530: 23.693: Total time for which application threads were stopped: 0.0004147 seconds, Stopping threads took: 0.0000286 seconds
2018-02-23T00:09:26.054+0530: 23.730: Application time: 0.0376042 seconds
2018-02-23T00:09:26.054+0530: 23.731: [GC (Allocation Failure)  50728K->572K(225792K), 0.0003600 secs]
2018-02-23T00:09:26.054+0530: 23.731: Total time for which application threads were stopped: 0.0004757 seconds, Stopping threads took: 0.0000236 seconds
2018-02-23T00:09:26.087+0530: 23.763: Application time: 0.0322765 seconds
2018-02-23T00:09:26.087+0530: 23.763: [GC (Allocation Failure)  50708K->572K(224768K), 0.0003121 secs]
2018-02-23T00:09:26.087+0530: 23.764: Total time for which application threads were stopped: 0.0004510 seconds, Stopping threads took: 0.0000268 seconds
2018-02-23T00:09:26.124+0530: 23.800: Application time: 0.0366476 seconds
2018-02-23T00:09:26.124+0530: 23.800: [GC (Allocation Failure)  48640K->572K(223744K), 0.0003389 secs]
2018-02-23T00:09:26.124+0530: 23.801: Total time for which application threads were stopped: 0.0004418 seconds, Stopping threads took: 0.0000208 seconds
2018-02-23T00:09:26.158+0530: 23.834: Application time: 0.0336485 seconds
2018-02-23T00:09:26.158+0530: 23.835: [GC (Allocation Failure)  48620K->572K(223232K), 0.0003727 secs]
2018-02-23T00:09:26.158+0530: 23.835: Total time for which application threads were stopped: 0.0008625 seconds, Stopping threads took: 0.0000240 seconds
2018-02-23T00:09:26.195+0530: 23.872: Application time: 0.0362530 seconds
2018-02-23T00:09:26.195+0530: 23.872: [GC (Allocation Failure)  46562K->572K(222720K), 0.0004662 secs]
2018-02-23T00:09:26.195+0530: 23.872: Total time for which application threads were stopped: 0.0006153 seconds, Stopping threads took: 0.0000331 seconds
2018-02-23T00:09:26.228+0530: 23.904: Application time: 0.0319221 seconds
2018-02-23T00:09:26.228+0530: 23.904: [GC (Allocation Failure)  46551K->572K(222208K), 0.0002370 secs]
2018-02-23T00:09:26.228+0530: 23.904: Total time for which application threads were stopped: 0.0003392 seconds, Stopping threads took: 0.0000215 seconds
2018-02-23T00:09:26.261+0530: 23.938: Application time: 0.0334063 seconds
2018-02-23T00:09:26.261+0530: 23.938: [GC (Allocation Failure)  46541K->572K(221696K), 0.0002341 secs]
2018-02-23T00:09:26.261+0530: 23.938: Total time for which application threads were stopped: 0.0003385 seconds, Stopping threads took: 0.0000205 seconds
2018-02-23T00:09:26.294+0530: 23.970: Application time: 0.0323361 seconds
2018-02-23T00:09:26.294+0530: 23.971: [GC (Allocation Failure)  46531K->572K(221184K), 0.0003089 secs]
2018-02-23T00:09:26.294+0530: 23.971: Total time for which application threads were stopped: 0.0004108 seconds, Stopping threads took: 0.0000190 seconds
2018-02-23T00:09:26.324+0530: 24.000: Application time: 0.0294845 seconds
2018-02-23T00:09:26.324+0530: 24.000: [GC (Allocation Failure)  44473K->572K(220672K), 0.0004002 secs]
2018-02-23T00:09:26.324+0530: 24.001: Total time for which application threads were stopped: 0.0005310 seconds, Stopping threads took: 0.0000250 seconds
2018-02-23T00:09:26.352+0530: 24.028: Application time: 0.0275416 seconds
2018-02-23T00:09:26.352+0530: 24.029: [GC (Allocation Failure)  44463K->572K(220160K), 0.0003787 secs]
2018-02-23T00:09:26.352+0530: 24.029: Total time for which application threads were stopped: 0.0005240 seconds, Stopping threads took: 0.0000377 seconds
2018-02-23T00:09:26.384+0530: 24.060: Application time: 0.0314747 seconds
2018-02-23T00:09:26.384+0530: 24.061: [GC (Allocation Failure)  44453K->572K(219648K), 0.0004475 secs]
2018-02-23T00:09:26.384+0530: 24.061: Total time for which application threads were stopped: 0.0005871 seconds, Stopping threads took: 0.0000268 seconds
2018-02-23T00:09:26.416+0530: 24.092: Application time: 0.0314069 seconds
2018-02-23T00:09:26.416+0530: 24.093: [GC (Allocation Failure)  44443K->572K(219136K), 0.0002458 secs]
2018-02-23T00:09:26.416+0530: 24.093: Total time for which application threads were stopped: 0.0003731 seconds, Stopping threads took: 0.0000272 seconds
2018-02-23T00:09:26.445+0530: 24.121: Application time: 0.0282002 seconds
2018-02-23T00:09:26.445+0530: 24.121: [GC (Allocation Failure)  42385K->572K(218624K), 0.0003903 secs]
2018-02-23T00:09:26.445+0530: 24.122: Total time for which application threads were stopped: 0.0005593 seconds, Stopping threads took: 0.0000434 seconds
2018-02-23T00:09:26.479+0530: 24.155: Application time: 0.0335396 seconds
2018-02-23T00:09:26.479+0530: 24.155: [GC (Allocation Failure)  42375K->572K(218112K), 0.0004528 secs]
2018-02-23T00:09:26.479+0530: 24.156: Total time for which application threads were stopped: 0.0007105 seconds, Stopping threads took: 0.0001516 seconds
2018-02-23T00:09:26.507+0530: 24.184: Application time: 0.0280123 seconds
2018-02-23T00:09:26.507+0530: 24.184: [GC (Allocation Failure)  42365K->572K(217600K), 0.0003142 secs]
2018-02-23T00:09:26.508+0530: 24.184: Total time for which application threads were stopped: 0.0004376 seconds, Stopping threads took: 0.0000257 seconds
2018-02-23T00:09:26.539+0530: 24.216: Application time: 0.0311950 seconds
2018-02-23T00:09:26.539+0530: 24.216: [GC (Allocation Failure)  42355K->572K(226304K), 0.0004330 secs]
2018-02-23T00:09:26.539+0530: 24.216: Total time for which application threads were stopped: 0.0005631 seconds, Stopping threads took: 0.0000279 seconds
2018-02-23T00:09:26.579+0530: 24.256: Application time: 0.0394304 seconds
2018-02-23T00:09:26.579+0530: 24.256: [GC (Allocation Failure)  50718K->572K(225280K), 0.0002560 secs]
2018-02-23T00:09:26.579+0530: 24.256: Total time for which application threads were stopped: 0.0004210 seconds, Stopping threads took: 0.0000243 seconds
2018-02-23T00:09:26.611+0530: 24.288: Application time: 0.0320773 seconds
2018-02-23T00:09:26.611+0530: 24.288: [GC (Allocation Failure)  48650K->572K(224256K), 0.0003632 secs]
2018-02-23T00:09:26.612+0530: 24.289: Total time for which application threads were stopped: 0.0007215 seconds, Stopping threads took: 0.0000755 seconds
2018-02-23T00:09:26.643+0530: 24.320: Application time: 0.0308530 seconds
2018-02-23T00:09:26.643+0530: 24.320: [GC (Allocation Failure)  48629K->572K(223232K), 0.0003442 secs]
2018-02-23T00:09:26.643+0530: 24.320: Total time for which application threads were stopped: 0.0005420 seconds, Stopping threads took: 0.0000286 seconds
2018-02-23T00:09:26.677+0530: 24.354: Application time: 0.0337526 seconds
2018-02-23T00:09:26.677+0530: 24.354: [GC (Allocation Failure)  46561K->572K(222720K), 0.0002814 secs]
2018-02-23T00:09:26.677+0530: 24.354: Total time for which application threads were stopped: 0.0003886 seconds, Stopping threads took: 0.0000229 seconds
2018-02-23T00:09:26.710+0530: 24.387: Application time: 0.0325025 seconds
2018-02-23T00:09:26.710+0530: 24.387: [GC (Allocation Failure)  46551K->572K(222208K), 0.0002662 secs]
2018-02-23T00:09:26.710+0530: 24.387: Total time for which application threads were stopped: 0.0003646 seconds, Stopping threads took: 0.0000205 seconds
2018-02-23T00:09:26.744+0530: 24.421: Application time: 0.0336986 seconds
2018-02-23T00:09:26.744+0530: 24.421: [GC (Allocation Failure)  46541K->572K(221696K), 0.0002437 secs]
2018-02-23T00:09:26.744+0530: 24.421: Total time for which application threads were stopped: 0.0003720 seconds, Stopping threads took: 0.0000324 seconds
2018-02-23T00:09:26.775+0530: 24.452: Application time: 0.0302973 seconds
2018-02-23T00:09:26.775+0530: 24.452: [GC (Allocation Failure)  46531K->572K(221184K), 0.0003526 secs]
2018-02-23T00:09:26.775+0530: 24.452: Total time for which application threads were stopped: 0.0004958 seconds, Stopping threads took: 0.0000349 seconds
2018-02-23T00:09:26.806+0530: 24.482: Application time: 0.0299859 seconds
2018-02-23T00:09:26.806+0530: 24.482: [GC (Allocation Failure)  44473K->572K(220672K), 0.0002370 secs]
2018-02-23T00:09:26.806+0530: 24.482: Total time for which application threads were stopped: 0.0003597 seconds, Stopping threads took: 0.0000261 seconds
2018-02-23T00:09:26.838+0530: 24.514: Application time: 0.0316950 seconds
2018-02-23T00:09:26.838+0530: 24.514: [GC (Allocation Failure)  44463K->572K(220160K), 0.0003107 secs]
2018-02-23T00:09:26.838+0530: 24.515: Total time for which application threads were stopped: 0.0004397 seconds, Stopping threads took: 0.0000279 seconds
2018-02-23T00:09:26.868+0530: 24.544: Application time: 0.0296865 seconds
2018-02-23T00:09:26.868+0530: 24.544: [GC (Allocation Failure)  44453K->572K(219648K), 0.0002310 secs]
2018-02-23T00:09:26.868+0530: 24.545: Total time for which application threads were stopped: 0.0003315 seconds, Stopping threads took: 0.0000201 seconds
2018-02-23T00:09:26.898+0530: 24.574: Application time: 0.0295229 seconds
2018-02-23T00:09:26.898+0530: 24.574: [GC (Allocation Failure)  44443K->572K(219136K), 0.0003681 secs]
2018-02-23T00:09:26.898+0530: 24.575: Total time for which application threads were stopped: 0.0005751 seconds, Stopping threads took: 0.0001185 seconds
2018-02-23T00:09:26.928+0530: 24.605: Application time: 0.0302525 seconds
2018-02-23T00:09:26.928+0530: 24.605: [GC (Allocation Failure)  42385K->572K(218624K), 0.0003438 secs]
2018-02-23T00:09:26.929+0530: 24.605: Total time for which application threads were stopped: 0.0004655 seconds, Stopping threads took: 0.0000272 seconds
2018-02-23T00:09:26.956+0530: 24.632: Application time: 0.0270934 seconds
2018-02-23T00:09:26.956+0530: 24.633: [GC (Allocation Failure)  42375K->572K(218112K), 0.0002444 secs]
2018-02-23T00:09:26.956+0530: 24.633: Total time for which application threads were stopped: 0.0003593 seconds, Stopping threads took: 0.0000243 seconds
2018-02-23T00:09:26.989+0530: 24.665: Application time: 0.0326527 seconds
2018-02-23T00:09:26.989+0530: 24.666: [GC (Allocation Failure)  42365K->572K(217600K), 0.0003791 secs]
2018-02-23T00:09:26.989+0530: 24.666: Total time for which application threads were stopped: 0.0004997 seconds, Stopping threads took: 0.0000240 seconds
2018-02-23T00:09:27.019+0530: 24.695: Application time: 0.0292796 seconds
2018-02-23T00:09:27.019+0530: 24.695: [GC (Allocation Failure)  42355K->572K(217088K), 0.0003096 secs]
2018-02-23T00:09:27.019+0530: 24.696: Total time for which application threads were stopped: 0.0004598 seconds, Stopping threads took: 0.0000416 seconds
2018-02-23T00:09:27.050+0530: 24.727: Application time: 0.0311682 seconds
2018-02-23T00:09:27.050+0530: 24.727: [GC (Allocation Failure)  40297K->572K(216576K), 0.0002680 secs]
2018-02-23T00:09:27.050+0530: 24.727: Total time for which application threads were stopped: 0.0004193 seconds, Stopping threads took: 0.0000536 seconds
2018-02-23T00:09:27.076+0530: 24.752: Application time: 0.0248899 seconds
2018-02-23T00:09:27.076+0530: 24.752: [GC (Allocation Failure)  40287K->572K(216064K), 0.0002440 secs]
2018-02-23T00:09:27.076+0530: 24.753: Total time for which application threads were stopped: 0.0003590 seconds, Stopping threads took: 0.0000296 seconds
2018-02-23T00:09:27.104+0530: 24.781: Application time: 0.0282553 seconds
2018-02-23T00:09:27.104+0530: 24.781: [GC (Allocation Failure)  40277K->572K(215552K), 0.0003276 secs]
2018-02-23T00:09:27.105+0530: 24.781: Total time for which application threads were stopped: 0.0004298 seconds, Stopping threads took: 0.0000208 seconds
2018-02-23T00:09:27.130+0530: 24.807: Application time: 0.0252643 seconds
2018-02-23T00:09:27.130+0530: 24.807: [GC (Allocation Failure)  40267K->572K(215040K), 0.0002567 secs]
2018-02-23T00:09:27.130+0530: 24.807: Total time for which application threads were stopped: 0.0003593 seconds, Stopping threads took: 0.0000194 seconds
2018-02-23T00:09:27.157+0530: 24.834: Application time: 0.0269573 seconds
2018-02-23T00:09:27.157+0530: 24.834: [GC (Allocation Failure)  38209K->572K(214528K), 0.0002465 secs]
2018-02-23T00:09:27.157+0530: 24.834: Total time for which application threads were stopped: 0.0003600 seconds, Stopping threads took: 0.0000254 seconds
2018-02-23T00:09:27.187+0530: 24.864: Application time: 0.0295557 seconds
2018-02-23T00:09:27.187+0530: 24.864: [GC (Allocation Failure)  38199K->572K(214016K), 0.0002482 secs]
2018-02-23T00:09:27.187+0530: 24.864: Total time for which application threads were stopped: 0.0003724 seconds, Stopping threads took: 0.0000215 seconds
2018-02-23T00:09:27.214+0530: 24.891: Application time: 0.0268624 seconds
2018-02-23T00:09:27.215+0530: 24.891: [GC (Allocation Failure)  38189K->572K(221696K), 0.0006365 secs]
2018-02-23T00:09:27.215+0530: 24.892: Total time for which application threads were stopped: 0.0008956 seconds, Stopping threads took: 0.0000360 seconds
2018-02-23T00:09:27.247+0530: 24.923: Application time: 0.0312962 seconds
2018-02-23T00:09:27.247+0530: 24.923: [GC (Allocation Failure)  46531K->572K(221184K), 0.0002317 secs]
2018-02-23T00:09:27.247+0530: 24.924: Total time for which application threads were stopped: 0.0003494 seconds, Stopping threads took: 0.0000250 seconds
2018-02-23T00:09:27.276+0530: 24.952: Application time: 0.0286431 seconds
2018-02-23T00:09:27.276+0530: 24.952: [GC (Allocation Failure)  44473K->572K(220672K), 0.0002944 secs]
2018-02-23T00:09:27.276+0530: 24.953: Total time for which application threads were stopped: 0.0004263 seconds, Stopping threads took: 0.0000261 seconds
2018-02-23T00:09:27.308+0530: 24.984: Application time: 0.0316196 seconds
2018-02-23T00:09:27.308+0530: 24.984: [GC (Allocation Failure)  44463K->572K(220160K), 0.0003205 secs]
2018-02-23T00:09:27.308+0530: 24.985: Total time for which application threads were stopped: 0.0004418 seconds, Stopping threads took: 0.0000240 seconds
2018-02-23T00:09:27.337+0530: 25.014: Application time: 0.0289584 seconds
2018-02-23T00:09:27.337+0530: 25.014: [GC (Allocation Failure)  44453K->572K(219648K), 0.0002479 secs]
2018-02-23T00:09:27.337+0530: 25.014: Total time for which application threads were stopped: 0.0003473 seconds, Stopping threads took: 0.0000194 seconds
2018-02-23T00:09:27.368+0530: 25.045: Application time: 0.0309020 seconds
2018-02-23T00:09:27.368+0530: 25.045: [GC (Allocation Failure)  44443K->572K(219136K), 0.0003826 secs]
2018-02-23T00:09:27.368+0530: 25.045: Total time for which application threads were stopped: 0.0005095 seconds, Stopping threads took: 0.0000282 seconds
2018-02-23T00:09:27.400+0530: 25.077: Application time: 0.0311474 seconds
2018-02-23T00:09:27.400+0530: 25.077: [GC (Allocation Failure)  42385K->572K(218624K), 0.0003456 secs]
2018-02-23T00:09:27.400+0530: 25.077: Total time for which application threads were stopped: 0.0004665 seconds, Stopping threads took: 0.0000261 seconds
2018-02-23T00:09:27.431+0530: 25.108: Application time: 0.0304492 seconds
2018-02-23T00:09:27.431+0530: 25.108: [GC (Allocation Failure)  42375K->572K(218112K), 0.0002574 secs]
2018-02-23T00:09:27.431+0530: 25.108: Total time for which application threads were stopped: 0.0003614 seconds, Stopping threads took: 0.0000201 seconds
2018-02-23T00:09:27.460+0530: 25.136: Application time: 0.0283487 seconds
2018-02-23T00:09:27.460+0530: 25.136: [GC (Allocation Failure)  42365K->572K(217600K), 0.0004330 secs]
2018-02-23T00:09:27.460+0530: 25.137: Total time for which application threads were stopped: 0.0005684 seconds, Stopping threads took: 0.0000289 seconds
2018-02-23T00:09:27.489+0530: 25.166: Application time: 0.0291407 seconds
2018-02-23T00:09:27.489+0530: 25.166: [GC (Allocation Failure)  42355K->572K(217088K), 0.0002486 secs]
2018-02-23T00:09:27.489+0530: 25.166: Total time for which application threads were stopped: 0.0003572 seconds, Stopping threads took: 0.0000219 seconds
2018-02-23T00:09:27.514+0530: 25.191: Application time: 0.0246251 seconds
2018-02-23T00:09:27.514+0530: 25.191: [GC (Allocation Failure)  40297K->572K(216576K), 0.0003198 secs]
2018-02-23T00:09:27.514+0530: 25.191: Total time for which application threads were stopped: 0.0004503 seconds, Stopping threads took: 0.0000250 seconds
2018-02-23T00:09:27.544+0530: 25.221: Application time: 0.0292355 seconds
2018-02-23T00:09:27.544+0530: 25.221: [GC (Allocation Failure)  40287K->572K(216064K), 0.0002877 secs]
2018-02-23T00:09:27.544+0530: 25.221: Total time for which application threads were stopped: 0.0004450 seconds, Stopping threads took: 0.0000374 seconds
2018-02-23T00:09:27.570+0530: 25.247: Application time: 0.0258345 seconds
2018-02-23T00:09:27.570+0530: 25.247: [GC (Allocation Failure)  40277K->572K(224256K), 0.0004432 secs]
2018-02-23T00:09:27.570+0530: 25.248: Total time for which application threads were stopped: 0.0005765 seconds, Stopping threads took: 0.0000250 seconds
2018-02-23T00:09:27.610+0530: 25.286: Application time: 0.0388003 seconds
2018-02-23T00:09:27.610+0530: 25.286: [GC (Allocation Failure)  48629K->572K(233984K), 0.0016122 secs]
2018-02-23T00:09:27.611+0530: 25.288: Total time for which application threads were stopped: 0.0017599 seconds, Stopping threads took: 0.0000279 seconds
2018-02-23T00:09:27.653+0530: 25.329: Application time: 0.0413807 seconds
2018-02-23T00:09:27.653+0530: 25.330: [GC (Allocation Failure)  57012K->572K(245760K), 0.0003417 secs]
2018-02-23T00:09:27.653+0530: 25.330: Total time for which application threads were stopped: 0.0004743 seconds, Stopping threads took: 0.0000282 seconds
2018-02-23T00:09:27.704+0530: 25.380: Application time: 0.0504271 seconds
2018-02-23T00:09:27.704+0530: 25.380: [GC (Allocation Failure)  69531K->572K(260096K), 0.0003445 secs]
2018-02-23T00:09:27.704+0530: 25.381: Total time for which application threads were stopped: 0.0004792 seconds, Stopping threads took: 0.0000261 seconds
2018-02-23T00:09:27.765+0530: 25.441: Application time: 0.0604045 seconds
2018-02-23T00:09:27.765+0530: 25.441: [GC (Allocation Failure)  84148K->572K(276992K), 0.0003946 secs]
2018-02-23T00:09:27.765+0530: 25.442: Total time for which application threads were stopped: 0.0006012 seconds, Stopping threads took: 0.0000286 seconds
2018-02-23T00:09:27.839+0530: 25.516: Application time: 0.0741209 seconds
2018-02-23T00:09:27.839+0530: 25.516: [GC (Allocation Failure)  100864K->572K(273920K), 0.0003956 secs]
2018-02-23T00:09:27.840+0530: 25.517: Total time for which application threads were stopped: 0.0005568 seconds, Stopping threads took: 0.0000254 seconds
2018-02-23T00:09:27.908+0530: 25.585: Application time: 0.0682622 seconds
2018-02-23T00:09:27.908+0530: 25.585: [GC (Allocation Failure)  98756K->572K(271360K), 0.0003660 secs]
2018-02-23T00:09:27.908+0530: 25.585: Total time for which application threads were stopped: 0.0005152 seconds, Stopping threads took: 0.0000286 seconds
2018-02-23T00:09:27.982+0530: 25.659: Application time: 0.0734696 seconds
2018-02-23T00:09:27.982+0530: 25.659: [GC (Allocation Failure)  94610K->572K(268800K), 0.0004545 secs]
2018-02-23T00:09:27.982+0530: 25.659: Total time for which application threads were stopped: 0.0006231 seconds, Stopping threads took: 0.0000331 seconds
2018-02-23T00:09:28.046+0530: 25.722: Application time: 0.0627980 seconds
2018-02-23T00:09:28.046+0530: 25.722: [GC (Allocation Failure)  92511K->572K(266240K), 0.0002525 secs]
2018-02-23T00:09:28.046+0530: 25.723: Total time for which application threads were stopped: 0.0003643 seconds, Stopping threads took: 0.0000233 seconds
2018-02-23T00:09:28.107+0530: 25.783: Application time: 0.0607694 seconds
2018-02-23T00:09:28.107+0530: 25.783: [GC (Allocation Failure)  90413K->572K(263680K), 0.0003463 secs]
2018-02-23T00:09:28.107+0530: 25.784: Total time for which application threads were stopped: 0.0004605 seconds, Stopping threads took: 0.0000243 seconds
2018-02-23T00:09:28.166+0530: 25.842: Application time: 0.0585564 seconds
2018-02-23T00:09:28.166+0530: 25.842: [GC (Allocation Failure)  88315K->572K(261632K), 0.0002408 secs]
2018-02-23T00:09:28.166+0530: 25.843: Total time for which application threads were stopped: 0.0003505 seconds, Stopping threads took: 0.0000250 seconds
2018-02-23T00:09:28.228+0530: 25.904: Application time: 0.0616083 seconds
2018-02-23T00:09:28.228+0530: 25.904: [GC (Allocation Failure)  86227K->572K(259584K), 0.0003713 secs]
2018-02-23T00:09:28.228+0530: 25.905: Total time for which application threads were stopped: 0.0004884 seconds, Stopping threads took: 0.0000243 seconds
2018-02-23T00:09:28.287+0530: 25.964: Application time: 0.0588346 seconds
2018-02-23T00:09:28.287+0530: 25.964: [GC (Allocation Failure)  84139K->572K(257536K), 0.0002881 secs]
2018-02-23T00:09:28.287+0530: 25.964: Total time for which application threads were stopped: 0.0004069 seconds, Stopping threads took: 0.0000236 seconds
2018-02-23T00:09:28.346+0530: 26.023: Application time: 0.0585229 seconds
2018-02-23T00:09:28.346+0530: 26.023: [GC (Allocation Failure)  82051K->572K(255488K), 0.0003385 secs]
2018-02-23T00:09:28.346+0530: 26.023: Total time for which application threads were stopped: 0.0004602 seconds, Stopping threads took: 0.0000240 seconds
2018-02-23T00:09:28.404+0530: 26.081: Application time: 0.0578124 seconds
2018-02-23T00:09:28.404+0530: 26.081: [GC (Allocation Failure)  79962K->572K(253440K), 0.0003477 secs]
2018-02-23T00:09:28.404+0530: 26.081: Total time for which application threads were stopped: 0.0004679 seconds, Stopping threads took: 0.0000240 seconds
2018-02-23T00:09:28.458+0530: 26.135: Application time: 0.0534389 seconds
2018-02-23T00:09:28.458+0530: 26.135: [GC (Allocation Failure)  77874K->572K(251392K), 0.0003385 secs]
2018-02-23T00:09:28.459+0530: 26.135: Total time for which application threads were stopped: 0.0004436 seconds, Stopping threads took: 0.0000215 seconds
2018-02-23T00:09:28.509+0530: 26.185: Application time: 0.0499120 seconds
2018-02-23T00:09:28.509+0530: 26.185: [GC (Allocation Failure)  75786K->572K(249856K), 0.0006742 secs]
2018-02-23T00:09:28.510+0530: 26.186: Total time for which application threads were stopped: 0.0008597 seconds, Stopping threads took: 0.0000494 seconds
2018-02-23T00:09:28.562+0530: 26.238: Application time: 0.0523729 seconds
2018-02-23T00:09:28.562+0530: 26.238: [GC (Allocation Failure)  73708K->572K(248320K), 0.0004023 secs]
2018-02-23T00:09:28.562+0530: 26.239: Total time for which application threads were stopped: 0.0005254 seconds, Stopping threads took: 0.0000222 seconds
2018-02-23T00:09:28.613+0530: 26.289: Application time: 0.0505030 seconds
2018-02-23T00:09:28.613+0530: 26.290: [GC (Allocation Failure)  71630K->572K(246784K), 0.0002497 secs]
2018-02-23T00:09:28.613+0530: 26.290: Total time for which application threads were stopped: 0.0003586 seconds, Stopping threads took: 0.0000257 seconds
2018-02-23T00:09:28.662+0530: 26.339: Application time: 0.0487765 seconds
2018-02-23T00:09:28.662+0530: 26.339: [GC (Allocation Failure)  71599K->572K(245248K), 0.0003586 secs]
2018-02-23T00:09:28.662+0530: 26.339: Total time for which application threads were stopped: 0.0004644 seconds, Stopping threads took: 0.0000226 seconds
2018-02-23T00:09:28.709+0530: 26.385: Application time: 0.0464260 seconds
2018-02-23T00:09:28.709+0530: 26.386: [GC (Allocation Failure)  69521K->572K(243712K), 0.0003692 secs]
2018-02-23T00:09:28.709+0530: 26.386: Total time for which application threads were stopped: 0.0005261 seconds, Stopping threads took: 0.0000342 seconds
2018-02-23T00:09:28.756+0530: 26.433: Application time: 0.0468918 seconds
2018-02-23T00:09:28.756+0530: 26.433: [GC (Allocation Failure)  67443K->572K(242176K), 0.0003085 secs]
2018-02-23T00:09:28.757+0530: 26.433: Total time for which application threads were stopped: 0.0004147 seconds, Stopping threads took: 0.0000219 seconds
2018-02-23T00:09:28.797+0530: 26.474: Application time: 0.0403737 seconds
2018-02-23T00:09:28.797+0530: 26.474: [GC (Allocation Failure)  65365K->572K(240640K), 0.0004870 secs]
2018-02-23T00:09:28.797+0530: 26.474: Total time for which application threads were stopped: 0.0006844 seconds, Stopping threads took: 0.0000250 seconds
2018-02-23T00:09:28.840+0530: 26.517: Application time: 0.0422595 seconds
2018-02-23T00:09:28.840+0530: 26.517: [GC (Allocation Failure)  65335K->572K(239104K), 0.0002962 secs]
2018-02-23T00:09:28.840+0530: 26.517: Total time for which application threads were stopped: 0.0004164 seconds, Stopping threads took: 0.0000272 seconds
2018-02-23T00:09:28.882+0530: 26.559: Application time: 0.0418346 seconds
2018-02-23T00:09:28.882+0530: 26.559: [GC (Allocation Failure)  63257K->572K(237568K), 0.0002877 secs]
2018-02-23T00:09:28.882+0530: 26.559: Total time for which application threads were stopped: 0.0004133 seconds, Stopping threads took: 0.0000247 seconds
2018-02-23T00:09:28.935+0530: 26.612: Application time: 0.0522727 seconds
2018-02-23T00:09:28.935+0530: 26.612: [GC (Allocation Failure)  61179K->572K(236544K), 0.0002285 secs]
2018-02-23T00:09:28.935+0530: 26.612: Total time for which application threads were stopped: 0.0003346 seconds, Stopping threads took: 0.0000229 seconds
2018-02-23T00:09:28.975+0530: 26.652: Application time: 0.0396681 seconds
2018-02-23T00:09:28.975+0530: 26.652: [GC (Allocation Failure)  61159K->572K(235520K), 0.0002609 secs]
2018-02-23T00:09:28.975+0530: 26.652: Total time for which application threads were stopped: 0.0003519 seconds, Stopping threads took: 0.0000201 seconds
2018-02-23T00:09:29.013+0530: 26.690: Application time: 0.0377333 seconds
2018-02-23T00:09:29.013+0530: 26.690: [GC (Allocation Failure)  59091K->572K(234496K), 0.0003184 secs]
2018-02-23T00:09:29.013+0530: 26.690: Total time for which application threads were stopped: 0.0004496 seconds, Stopping threads took: 0.0000286 seconds
2018-02-23T00:09:29.048+0530: 26.725: Application time: 0.0348492 seconds
2018-02-23T00:09:29.048+0530: 26.725: [GC (Allocation Failure)  59070K->572K(233472K), 0.0003568 secs]
2018-02-23T00:09:29.048+0530: 26.725: Total time for which application threads were stopped: 0.0004940 seconds, Stopping threads took: 0.0000370 seconds
2018-02-23T00:09:29.090+0530: 26.767: Application time: 0.0410863 seconds
2018-02-23T00:09:29.090+0530: 26.767: [GC (Allocation Failure)  57002K->572K(232448K), 0.0002909 secs]
2018-02-23T00:09:29.090+0530: 26.767: Total time for which application threads were stopped: 0.0004362 seconds, Stopping threads took: 0.0000254 seconds
2018-02-23T00:09:29.129+0530: 26.805: Application time: 0.0381377 seconds
2018-02-23T00:09:29.129+0530: 26.805: [GC (Allocation Failure)  56982K->572K(231424K), 0.0003762 secs]
2018-02-23T00:09:29.129+0530: 26.806: Total time for which application threads were stopped: 0.0004990 seconds, Stopping threads took: 0.0000264 seconds
2018-02-23T00:09:29.172+0530: 26.849: Application time: 0.0430412 seconds
2018-02-23T00:09:29.172+0530: 26.849: [GC (Allocation Failure)  54914K->572K(230400K), 0.0004958 secs]
2018-02-23T00:09:29.172+0530: 26.849: Total time for which application threads were stopped: 0.0007451 seconds, Stopping threads took: 0.0001174 seconds
2018-02-23T00:09:29.209+0530: 26.885: Application time: 0.0357255 seconds
2018-02-23T00:09:29.209+0530: 26.885: [GC (Allocation Failure)  54894K->572K(229376K), 0.0003223 secs]
2018-02-23T00:09:29.209+0530: 26.886: Total time for which application threads were stopped: 0.0004542 seconds, Stopping threads took: 0.0000300 seconds
2018-02-23T00:09:29.244+0530: 26.921: Application time: 0.0350805 seconds
2018-02-23T00:09:29.244+0530: 26.921: [GC (Allocation Failure)  52826K->572K(228352K), 0.0004834 secs]
2018-02-23T00:09:29.245+0530: 26.921: Total time for which application threads were stopped: 0.0006308 seconds, Stopping threads took: 0.0000317 seconds
2018-02-23T00:09:29.277+0530: 26.954: Application time: 0.0326326 seconds
2018-02-23T00:09:29.277+0530: 26.954: [GC (Allocation Failure)  52806K->572K(227328K), 0.0003237 secs]
2018-02-23T00:09:29.277+0530: 26.954: Total time for which application threads were stopped: 0.0004556 seconds, Stopping threads took: 0.0000257 seconds
2018-02-23T00:09:29.310+0530: 26.987: Application time: 0.0321125 seconds
2018-02-23T00:09:29.310+0530: 26.987: [GC (Allocation Failure)  50738K->572K(226304K), 0.0003477 secs]
2018-02-23T00:09:29.310+0530: 26.987: Total time for which application threads were stopped: 0.0004817 seconds, Stopping threads took: 0.0000254 seconds
2018-02-23T00:09:29.346+0530: 27.023: Application time: 0.0359113 seconds
2018-02-23T00:09:29.346+0530: 27.023: [GC (Allocation Failure)  50718K->572K(225280K), 0.0003611 secs]
2018-02-23T00:09:29.346+0530: 27.023: Total time for which application threads were stopped: 0.0004975 seconds, Stopping threads took: 0.0000261 seconds
2018-02-23T00:09:29.382+0530: 27.058: Application time: 0.0347399 seconds
2018-02-23T00:09:29.382+0530: 27.058: [GC (Allocation Failure)  48650K->572K(224256K), 0.0004655 secs]
2018-02-23T00:09:29.382+0530: 27.059: Total time for which application threads were stopped: 0.0006347 seconds, Stopping threads took: 0.0000391 seconds
2018-02-23T00:09:29.415+0530: 27.091: Application time: 0.0324486 seconds
2018-02-23T00:09:29.415+0530: 27.091: [GC (Allocation Failure)  48629K->572K(223232K), 0.0002299 secs]
2018-02-23T00:09:29.415+0530: 27.092: Total time for which application threads were stopped: 0.0003279 seconds, Stopping threads took: 0.0000197 seconds
2018-02-23T00:09:29.448+0530: 27.124: Application time: 0.0324623 seconds
2018-02-23T00:09:29.448+0530: 27.124: [GC (Allocation Failure)  46561K->572K(222720K), 0.0005949 secs]
2018-02-23T00:09:29.448+0530: 27.125: Total time for which application threads were stopped: 0.0007624 seconds, Stopping threads took: 0.0000434 seconds
2018-02-23T00:09:29.477+0530: 27.154: Application time: 0.0290649 seconds
2018-02-23T00:09:29.477+0530: 27.154: [GC (Allocation Failure)  46551K->572K(232448K), 0.0004679 secs]
2018-02-23T00:09:29.477+0530: 27.155: Total time for which application threads were stopped: 0.0006160 seconds, Stopping threads took: 0.0000370 seconds
2018-02-23T00:09:29.519+0530: 27.196: Application time: 0.0409756 seconds
2018-02-23T00:09:29.519+0530: 27.196: [GC (Allocation Failure)  56982K->572K(231424K), 0.0002842 secs]
2018-02-23T00:09:29.519+0530: 27.196: Total time for which application threads were stopped: 0.0004133 seconds, Stopping threads took: 0.0000261 seconds
2018-02-23T00:09:29.558+0530: 27.235: Application time: 0.0390097 seconds
2018-02-23T00:09:29.558+0530: 27.235: [GC (Allocation Failure)  54914K->572K(230400K), 0.0003241 secs]
2018-02-23T00:09:29.558+0530: 27.235: Total time for which application threads were stopped: 0.0004563 seconds, Stopping threads took: 0.0000240 seconds
2018-02-23T00:09:29.600+0530: 27.276: Application time: 0.0409213 seconds
2018-02-23T00:09:29.600+0530: 27.276: [GC (Allocation Failure)  54894K->572K(229376K), 0.0003755 secs]
2018-02-23T00:09:29.600+0530: 27.277: Total time for which application threads were stopped: 0.0005102 seconds, Stopping threads took: 0.0000307 seconds
2018-02-23T00:09:29.637+0530: 27.314: Application time: 0.0367953 seconds
2018-02-23T00:09:29.637+0530: 27.314: [GC (Allocation Failure)  52826K->572K(228352K), 0.0003008 secs]
2018-02-23T00:09:29.637+0530: 27.314: Total time for which application threads were stopped: 0.0004161 seconds, Stopping threads took: 0.0000215 seconds
2018-02-23T00:09:29.677+0530: 27.354: Application time: 0.0394297 seconds
2018-02-23T00:09:29.677+0530: 27.354: [GC (Allocation Failure)  52806K->572K(227328K), 0.0002553 secs]
2018-02-23T00:09:29.677+0530: 27.354: Total time for which application threads were stopped: 0.0003583 seconds, Stopping threads took: 0.0000212 seconds
2018-02-23T00:09:29.715+0530: 27.392: Application time: 0.0379388 seconds
2018-02-23T00:09:29.715+0530: 27.392: [GC (Allocation Failure)  50738K->572K(226304K), 0.0003942 secs]
2018-02-23T00:09:29.715+0530: 27.392: Total time for which application threads were stopped: 0.0005106 seconds, Stopping threads took: 0.0000254 seconds
2018-02-23T00:09:29.751+0530: 27.428: Application time: 0.0356468 seconds
2018-02-23T00:09:29.751+0530: 27.428: [GC (Allocation Failure)  50718K->572K(225280K), 0.0002958 secs]
2018-02-23T00:09:29.751+0530: 27.429: Total time for which application threads were stopped: 0.0005314 seconds, Stopping threads took: 0.0000222 seconds
2018-02-23T00:09:29.784+0530: 27.460: Application time: 0.0318752 seconds
2018-02-23T00:09:29.784+0530: 27.460: [GC (Allocation Failure)  48650K->572K(224256K), 0.0006107 secs]
2018-02-23T00:09:29.784+0530: 27.461: Total time for which application threads were stopped: 0.0008198 seconds, Stopping threads took: 0.0000353 seconds
2018-02-23T00:09:29.820+0530: 27.497: Application time: 0.0353594 seconds
2018-02-23T00:09:29.820+0530: 27.497: [GC (Allocation Failure)  48629K->572K(223232K), 0.0003078 secs]
2018-02-23T00:09:29.820+0530: 27.497: Total time for which application threads were stopped: 0.0004591 seconds, Stopping threads took: 0.0000406 seconds
2018-02-23T00:09:29.854+0530: 27.530: Application time: 0.0331873 seconds
2018-02-23T00:09:29.854+0530: 27.530: [GC (Allocation Failure)  46561K->572K(222720K), 0.0002535 secs]
2018-02-23T00:09:29.854+0530: 27.531: Total time for which application threads were stopped: 0.0003607 seconds, Stopping threads took: 0.0000226 seconds
2018-02-23T00:09:29.885+0530: 27.561: Application time: 0.0306502 seconds
2018-02-23T00:09:29.885+0530: 27.561: [GC (Allocation Failure)  46551K->572K(222208K), 0.0003022 secs]
2018-02-23T00:09:29.885+0530: 27.562: Total time for which application threads were stopped: 0.0004309 seconds, Stopping threads took: 0.0000247 seconds
2018-02-23T00:09:29.919+0530: 27.596: Application time: 0.0338858 seconds
2018-02-23T00:09:29.919+0530: 27.596: [GC (Allocation Failure)  46541K->572K(221696K), 0.0003452 secs]
2018-02-23T00:09:29.919+0530: 27.596: Total time for which application threads were stopped: 0.0005014 seconds, Stopping threads took: 0.0000607 seconds
2018-02-23T00:09:29.952+0530: 27.628: Application time: 0.0322419 seconds
2018-02-23T00:09:29.952+0530: 27.628: [GC (Allocation Failure)  46531K->572K(221184K), 0.0003050 secs]
2018-02-23T00:09:29.952+0530: 27.629: Total time for which application threads were stopped: 0.0004045 seconds, Stopping threads took: 0.0000205 seconds
2018-02-23T00:09:29.982+0530: 27.658: Application time: 0.0297496 seconds
2018-02-23T00:09:29.982+0530: 27.659: [GC (Allocation Failure)  44473K->572K(220672K), 0.0003628 secs]
2018-02-23T00:09:29.982+0530: 27.659: Total time for which application threads were stopped: 0.0004923 seconds, Stopping threads took: 0.0000257 seconds
2018-02-23T00:09:30.013+0530: 27.690: Application time: 0.0305758 seconds
2018-02-23T00:09:30.013+0530: 27.690: [GC (Allocation Failure)  44463K->572K(220160K), 0.0002994 secs]
2018-02-23T00:09:30.013+0530: 27.690: Total time for which application threads were stopped: 0.0004164 seconds, Stopping threads took: 0.0000212 seconds
2018-02-23T00:09:30.046+0530: 27.723: Application time: 0.0325991 seconds
2018-02-23T00:09:30.046+0530: 27.723: [GC (Allocation Failure)  44453K->572K(219648K), 0.0003798 secs]
2018-02-23T00:09:30.046+0530: 27.723: Total time for which application threads were stopped: 0.0005025 seconds, Stopping threads took: 0.0000254 seconds
2018-02-23T00:09:30.080+0530: 27.756: Application time: 0.0331894 seconds
2018-02-23T00:09:30.080+0530: 27.756: [GC (Allocation Failure)  44443K->572K(219136K), 0.0003762 secs]
2018-02-23T00:09:30.080+0530: 27.757: Total time for which application threads were stopped: 0.0005099 seconds, Stopping threads took: 0.0000289 seconds
2018-02-23T00:09:30.111+0530: 27.787: Application time: 0.0304055 seconds
2018-02-23T00:09:30.111+0530: 27.787: [GC (Allocation Failure)  42385K->572K(218624K), 0.0002973 secs]
2018-02-23T00:09:30.111+0530: 27.788: Total time for which application threads were stopped: 0.0004224 seconds, Stopping threads took: 0.0000264 seconds
2018-02-23T00:09:30.141+0530: 27.817: Application time: 0.0294175 seconds
2018-02-23T00:09:30.141+0530: 27.817: [GC (Allocation Failure)  42375K->572K(218112K), 0.0004016 secs]
2018-02-23T00:09:30.141+0530: 27.818: Total time for which application threads were stopped: 0.0005293 seconds, Stopping threads took: 0.0000222 seconds
2018-02-23T00:09:30.172+0530: 27.849: Application time: 0.0310448 seconds
2018-02-23T00:09:30.172+0530: 27.849: [GC (Allocation Failure)  42365K->572K(217600K), 0.0003110 secs]
2018-02-23T00:09:30.172+0530: 27.849: Total time for which application threads were stopped: 0.0004175 seconds, Stopping threads took: 0.0000254 seconds
2018-02-23T00:09:30.201+0530: 27.877: Application time: 0.0284309 seconds
2018-02-23T00:09:30.201+0530: 27.878: [GC (Allocation Failure)  42355K->572K(217088K), 0.0002549 secs]
2018-02-23T00:09:30.201+0530: 27.878: Total time for which application threads were stopped: 0.0003653 seconds, Stopping threads took: 0.0000197 seconds
2018-02-23T00:09:30.231+0530: 27.908: Application time: 0.0299944 seconds
2018-02-23T00:09:30.231+0530: 27.908: [GC (Allocation Failure)  40297K->572K(216576K), 0.0003357 secs]
2018-02-23T00:09:30.231+0530: 27.908: Total time for which application threads were stopped: 0.0004563 seconds, Stopping threads took: 0.0000229 seconds
2018-02-23T00:09:30.259+0530: 27.936: Application time: 0.0272492 seconds
2018-02-23T00:09:30.259+0530: 27.936: [GC (Allocation Failure)  40287K->572K(216064K), 0.0002891 secs]
2018-02-23T00:09:30.259+0530: 27.936: Total time for which application threads were stopped: 0.0004097 seconds, Stopping threads took: 0.0000254 seconds
2018-02-23T00:09:30.287+0530: 27.964: Application time: 0.0277796 seconds
2018-02-23T00:09:30.287+0530: 27.964: [GC (Allocation Failure)  40277K->572K(215552K), 0.0002920 secs]
2018-02-23T00:09:30.287+0530: 27.964: Total time for which application threads were stopped: 0.0004112 seconds, Stopping threads took: 0.0000250 seconds
2018-02-23T00:09:30.314+0530: 27.991: Application time: 0.0267094 seconds
2018-02-23T00:09:30.314+0530: 27.991: [GC (Allocation Failure)  40267K->572K(215040K), 0.0002705 secs]
2018-02-23T00:09:30.314+0530: 27.991: Total time for which application threads were stopped: 0.0003868 seconds, Stopping threads took: 0.0000289 seconds
2018-02-23T00:09:30.342+0530: 28.019: Application time: 0.0275461 seconds
2018-02-23T00:09:30.342+0530: 28.019: [GC (Allocation Failure)  38209K->572K(214528K), 0.0003766 secs]
2018-02-23T00:09:30.343+0530: 28.019: Total time for which application threads were stopped: 0.0005081 seconds, Stopping threads took: 0.0000303 seconds
2018-02-23T00:09:30.368+0530: 28.045: Application time: 0.0255098 seconds
2018-02-23T00:09:30.368+0530: 28.045: [GC (Allocation Failure)  38199K->572K(214016K), 0.0003011 secs]
2018-02-23T00:09:30.368+0530: 28.045: Total time for which application threads were stopped: 0.0004316 seconds, Stopping threads took: 0.0000268 seconds
2018-02-23T00:09:30.393+0530: 28.069: Application time: 0.0239709 seconds
2018-02-23T00:09:30.393+0530: 28.069: [GC (Allocation Failure)  38189K->572K(213504K), 0.0003156 secs]
2018-02-23T00:09:30.393+0530: 28.070: Total time for which application threads were stopped: 0.0004581 seconds, Stopping threads took: 0.0000272 seconds
2018-02-23T00:09:30.420+0530: 28.097: Application time: 0.0270200 seconds
2018-02-23T00:09:30.420+0530: 28.097: [GC (Allocation Failure)  38179K->572K(212992K), 0.0002687 secs]
2018-02-23T00:09:30.420+0530: 28.097: Total time for which application threads were stopped: 0.0003953 seconds, Stopping threads took: 0.0000289 seconds
2018-02-23T00:09:30.445+0530: 28.122: Application time: 0.0248155 seconds
2018-02-23T00:09:30.445+0530: 28.122: [GC (Allocation Failure)  36121K->572K(220672K), 0.0004591 secs]
2018-02-23T00:09:30.445+0530: 28.123: Total time for which application threads were stopped: 0.0005949 seconds, Stopping threads took: 0.0000254 seconds
2018-02-23T00:09:30.478+0530: 28.155: Application time: 0.0321217 seconds
2018-02-23T00:09:30.478+0530: 28.155: [GC (Allocation Failure)  44463K->572K(229888K), 0.0004136 secs]
2018-02-23T00:09:30.478+0530: 28.155: Total time for which application threads were stopped: 0.0005349 seconds, Stopping threads took: 0.0000240 seconds
2018-02-23T00:09:30.519+0530: 28.196: Application time: 0.0405690 seconds
2018-02-23T00:09:30.519+0530: 28.196: [GC (Allocation Failure)  52836K->572K(241152K), 0.0005942 secs]
2018-02-23T00:09:30.519+0530: 28.196: Total time for which application threads were stopped: 0.0007289 seconds, Stopping threads took: 0.0000303 seconds
2018-02-23T00:09:30.564+0530: 28.241: Application time: 0.0443635 seconds
2018-02-23T00:09:30.564+0530: 28.241: [GC (Allocation Failure)  65344K->572K(239616K), 0.0002465 secs]
2018-02-23T00:09:30.564+0530: 28.241: Total time for which application threads were stopped: 0.0003568 seconds, Stopping threads took: 0.0000233 seconds
2018-02-23T00:09:30.605+0530: 28.281: Application time: 0.0402534 seconds
2018-02-23T00:09:30.605+0530: 28.282: [GC (Allocation Failure)  63267K->572K(238080K), 0.0003911 secs]
2018-02-23T00:09:30.605+0530: 28.282: Total time for which application threads were stopped: 0.0005247 seconds, Stopping threads took: 0.0000272 seconds
2018-02-23T00:09:30.647+0530: 28.324: Application time: 0.0418910 seconds
2018-02-23T00:09:30.647+0530: 28.324: [GC (Allocation Failure)  61188K->572K(237056K), 0.0003212 secs]
2018-02-23T00:09:30.647+0530: 28.324: Total time for which application threads were stopped: 0.0004655 seconds, Stopping threads took: 0.0000356 seconds
2018-02-23T00:09:30.687+0530: 28.363: Application time: 0.0390073 seconds
2018-02-23T00:09:30.687+0530: 28.363: [GC (Allocation Failure)  61168K->572K(236032K), 0.0004383 secs]
2018-02-23T00:09:30.687+0530: 28.364: Total time for which application threads were stopped: 0.0005649 seconds, Stopping threads took: 0.0000254 seconds
2018-02-23T00:09:30.731+0530: 28.407: Application time: 0.0431572 seconds
2018-02-23T00:09:30.731+0530: 28.407: [GC (Allocation Failure)  59100K->572K(235008K), 0.0003269 secs]
2018-02-23T00:09:30.731+0530: 28.408: Total time for which application threads were stopped: 0.0004588 seconds, Stopping threads took: 0.0000250 seconds
2018-02-23T00:09:30.773+0530: 28.450: Application time: 0.0421339 seconds
2018-02-23T00:09:30.773+0530: 28.450: [GC (Allocation Failure)  59080K->572K(233984K), 0.0003332 secs]
2018-02-23T00:09:30.773+0530: 28.450: Total time for which application threads were stopped: 0.0004552 seconds, Stopping threads took: 0.0000219 seconds
2018-02-23T00:09:30.813+0530: 28.489: Application time: 0.0390951 seconds
2018-02-23T00:09:30.813+0530: 28.489: [GC (Allocation Failure)  57012K->572K(232960K), 0.0003004 secs]
2018-02-23T00:09:30.813+0530: 28.490: Total time for which application threads were stopped: 0.0004140 seconds, Stopping threads took: 0.0000201 seconds
2018-02-23T00:09:30.853+0530: 28.530: Application time: 0.0400422 seconds
2018-02-23T00:09:30.853+0530: 28.530: [GC (Allocation Failure)  56992K->572K(231936K), 0.0003378 secs]
2018-02-23T00:09:30.853+0530: 28.530: Total time for which application threads were stopped: 0.0004669 seconds, Stopping threads took: 0.0000243 seconds
2018-02-23T00:09:30.891+0530: 28.567: Application time: 0.0369043 seconds
2018-02-23T00:09:30.891+0530: 28.567: [GC (Allocation Failure)  54924K->572K(230912K), 0.0003336 secs]
2018-02-23T00:09:30.891+0530: 28.568: Total time for which application threads were stopped: 0.0004566 seconds, Stopping threads took: 0.0000229 seconds
2018-02-23T00:09:30.929+0530: 28.605: Application time: 0.0376490 seconds
2018-02-23T00:09:30.929+0530: 28.605: [GC (Allocation Failure)  54904K->572K(229888K), 0.0003251 secs]
2018-02-23T00:09:30.929+0530: 28.606: Total time for which application threads were stopped: 0.0004179 seconds, Stopping threads took: 0.0000215 seconds
2018-02-23T00:09:30.969+0530: 28.645: Application time: 0.0398211 seconds
2018-02-23T00:09:30.969+0530: 28.646: [GC (Allocation Failure)  52836K->572K(228864K), 0.0002225 secs]
2018-02-23T00:09:30.969+0530: 28.646: Total time for which application threads were stopped: 0.0003350 seconds, Stopping threads took: 0.0000257 seconds
2018-02-23T00:09:31.004+0530: 28.680: Application time: 0.0346852 seconds
2018-02-23T00:09:31.004+0530: 28.681: [GC (Allocation Failure)  52816K->572K(227840K), 0.0003678 secs]
2018-02-23T00:09:31.004+0530: 28.681: Total time for which application threads were stopped: 0.0005074 seconds, Stopping threads took: 0.0000250 seconds
2018-02-23T00:09:31.037+0530: 28.713: Application time: 0.0324225 seconds
2018-02-23T00:09:31.037+0530: 28.713: [GC (Allocation Failure)  50748K->572K(226816K), 0.0002144 secs]
2018-02-23T00:09:31.037+0530: 28.714: Total time for which application threads were stopped: 0.0003071 seconds, Stopping threads took: 0.0000205 seconds
2018-02-23T00:09:31.072+0530: 28.748: Application time: 0.0345484 seconds
2018-02-23T00:09:31.072+0530: 28.748: [GC (Allocation Failure)  50727K->572K(225792K), 0.0002877 secs]
2018-02-23T00:09:31.072+0530: 28.749: Total time for which application threads were stopped: 0.0004224 seconds, Stopping threads took: 0.0000247 seconds
2018-02-23T00:09:31.108+0530: 28.784: Application time: 0.0353982 seconds
2018-02-23T00:09:31.108+0530: 28.784: [GC (Allocation Failure)  50707K->572K(224768K), 0.0002881 secs]
2018-02-23T00:09:31.108+0530: 28.785: Total time for which application threads were stopped: 0.0004059 seconds, Stopping threads took: 0.0000254 seconds
2018-02-23T00:09:31.138+0530: 28.815: Application time: 0.0303237 seconds
2018-02-23T00:09:31.138+0530: 28.815: [GC (Allocation Failure)  48640K->572K(223744K), 0.0002179 secs]
2018-02-23T00:09:31.138+0530: 28.815: Total time for which application threads were stopped: 0.0003258 seconds, Stopping threads took: 0.0000240 seconds
2018-02-23T00:09:31.171+0530: 28.848: Application time: 0.0324267 seconds
2018-02-23T00:09:31.171+0530: 28.848: [GC (Allocation Failure)  48619K->572K(223232K), 0.0002472 secs]
2018-02-23T00:09:31.171+0530: 28.848: Total time for which application threads were stopped: 0.0004066 seconds, Stopping threads took: 0.0000197 seconds
2018-02-23T00:09:31.204+0530: 28.881: Application time: 0.0325720 seconds
2018-02-23T00:09:31.204+0530: 28.881: [GC (Allocation Failure)  46562K->572K(222720K), 0.0002296 secs]
2018-02-23T00:09:31.204+0530: 28.881: Total time for which application threads were stopped: 0.0003353 seconds, Stopping threads took: 0.0000247 seconds
2018-02-23T00:09:31.241+0530: 28.918: Application time: 0.0368940 seconds
2018-02-23T00:09:31.241+0530: 28.918: [GC (Allocation Failure)  46551K->572K(222208K), 0.0003248 secs]
2018-02-23T00:09:31.242+0530: 28.918: Total time for which application threads were stopped: 0.0004422 seconds, Stopping threads took: 0.0000303 seconds
2018-02-23T00:09:31.269+0530: 28.946: Application time: 0.0274837 seconds
2018-02-23T00:09:31.269+0530: 28.946: [GC (Allocation Failure)  46541K->572K(221696K), 0.0002669 secs]
2018-02-23T00:09:31.269+0530: 28.946: Total time for which application threads were stopped: 0.0003692 seconds, Stopping threads took: 0.0000222 seconds
2018-02-23T00:09:31.301+0530: 28.977: Application time: 0.0312793 seconds
2018-02-23T00:09:31.301+0530: 28.977: [GC (Allocation Failure)  46531K->572K(221184K), 0.0002236 secs]
2018-02-23T00:09:31.301+0530: 28.978: Total time for which application threads were stopped: 0.0003286 seconds, Stopping threads took: 0.0000222 seconds
2018-02-23T00:09:31.331+0530: 29.008: Application time: 0.0301146 seconds
2018-02-23T00:09:31.331+0530: 29.008: [GC (Allocation Failure)  44473K->572K(220672K), 0.0002225 secs]
2018-02-23T00:09:31.332+0530: 29.008: Total time for which application threads were stopped: 0.0003364 seconds, Stopping threads took: 0.0000247 seconds
2018-02-23T00:09:31.359+0530: 29.035: Application time: 0.0271212 seconds
2018-02-23T00:09:31.359+0530: 29.035: [GC (Allocation Failure)  44463K->572K(220160K), 0.0003308 secs]
2018-02-23T00:09:31.359+0530: 29.036: Total time for which application threads were stopped: 0.0004714 seconds, Stopping threads took: 0.0000356 seconds
2018-02-23T00:09:31.391+0530: 29.068: Application time: 0.0321037 seconds
2018-02-23T00:09:31.391+0530: 29.068: [GC (Allocation Failure)  44453K->572K(219648K), 0.0003096 secs]
2018-02-23T00:09:31.391+0530: 29.068: Total time for which application threads were stopped: 0.0004238 seconds, Stopping threads took: 0.0000229 seconds
2018-02-23T00:09:31.424+0530: 29.101: Application time: 0.0323594 seconds
2018-02-23T00:09:31.424+0530: 29.101: [GC (Allocation Failure)  44443K->572K(219136K), 0.0003547 secs]
2018-02-23T00:09:31.424+0530: 29.101: Total time for which application threads were stopped: 0.0005028 seconds, Stopping threads took: 0.0000257 seconds
2018-02-23T00:09:31.454+0530: 29.130: Application time: 0.0292056 seconds
2018-02-23T00:09:31.454+0530: 29.130: [GC (Allocation Failure)  42385K->572K(218624K), 0.0002976 secs]
2018-02-23T00:09:31.454+0530: 29.131: Total time for which application threads were stopped: 0.0004267 seconds, Stopping threads took: 0.0000289 seconds
2018-02-23T00:09:31.482+0530: 29.158: Application time: 0.0273719 seconds
2018-02-23T00:09:31.482+0530: 29.158: [GC (Allocation Failure)  42375K->572K(218112K), 0.0003523 secs]
2018-02-23T00:09:31.482+0530: 29.159: Total time for which application threads were stopped: 0.0004665 seconds, Stopping threads took: 0.0000194 seconds
2018-02-23T00:09:31.511+0530: 29.188: Application time: 0.0289898 seconds
2018-02-23T00:09:31.511+0530: 29.188: [GC (Allocation Failure)  42365K->572K(217600K), 0.0002666 secs]
2018-02-23T00:09:31.511+0530: 29.188: Total time for which application threads were stopped: 0.0004260 seconds, Stopping threads took: 0.0000236 seconds
2018-02-23T00:09:31.538+0530: 29.214: Application time: 0.0260144 seconds
2018-02-23T00:09:31.538+0530: 29.214: [GC (Allocation Failure)  42355K->572K(217088K), 0.0003293 secs]
2018-02-23T00:09:31.538+0530: 29.215: Total time for which application threads were stopped: 0.0004595 seconds, Stopping threads took: 0.0000275 seconds
2018-02-23T00:09:31.564+0530: 29.241: Application time: 0.0263017 seconds
2018-02-23T00:09:31.564+0530: 29.241: [GC (Allocation Failure)  40297K->572K(216576K), 0.0003847 secs]
2018-02-23T00:09:31.564+0530: 29.241: Total time for which application threads were stopped: 0.0005183 seconds, Stopping threads took: 0.0000261 seconds
2018-02-23T00:09:31.591+0530: 29.268: Application time: 0.0264484 seconds
2018-02-23T00:09:31.591+0530: 29.268: [GC (Allocation Failure)  40287K->572K(216064K), 0.0002761 secs]
2018-02-23T00:09:31.591+0530: 29.268: Total time for which application threads were stopped: 0.0004062 seconds, Stopping threads took: 0.0000257 seconds
2018-02-23T00:09:31.620+0530: 29.296: Application time: 0.0279090 seconds
2018-02-23T00:09:31.620+0530: 29.296: [GC (Allocation Failure)  40277K->572K(224256K), 0.0005286 secs]
2018-02-23T00:09:31.620+0530: 29.297: Total time for which application threads were stopped: 0.0006569 seconds, Stopping threads took: 0.0000240 seconds
2018-02-23T00:09:31.654+0530: 29.330: Application time: 0.0332762 seconds
2018-02-23T00:09:31.654+0530: 29.330: [GC (Allocation Failure)  48629K->572K(233984K), 0.0003033 secs]
2018-02-23T00:09:31.654+0530: 29.331: Total time for which application threads were stopped: 0.0004305 seconds, Stopping threads took: 0.0000279 seconds
2018-02-23T00:09:31.694+0530: 29.370: Application time: 0.0398761 seconds
2018-02-23T00:09:31.694+0530: 29.370: [GC (Allocation Failure)  57012K->572K(232960K), 0.0002334 secs]
2018-02-23T00:09:31.694+0530: 29.371: Total time for which application threads were stopped: 0.0003410 seconds, Stopping threads took: 0.0000215 seconds
2018-02-23T00:09:31.730+0530: 29.407: Application time: 0.0359966 seconds
2018-02-23T00:09:31.730+0530: 29.407: [GC (Allocation Failure)  56992K->572K(231936K), 0.0003611 secs]
2018-02-23T00:09:31.730+0530: 29.407: Total time for which application threads were stopped: 0.0004930 seconds, Stopping threads took: 0.0000222 seconds
2018-02-23T00:09:31.768+0530: 29.444: Application time: 0.0368228 seconds
2018-02-23T00:09:31.768+0530: 29.444: [GC (Allocation Failure)  54924K->572K(230912K), 0.0003628 secs]
2018-02-23T00:09:31.768+0530: 29.445: Total time for which application threads were stopped: 0.0005042 seconds, Stopping threads took: 0.0000296 seconds
2018-02-23T00:09:31.808+0530: 29.484: Application time: 0.0397428 seconds
2018-02-23T00:09:31.808+0530: 29.484: [GC (Allocation Failure)  54904K->572K(229888K), 0.0003459 secs]
2018-02-23T00:09:31.808+0530: 29.485: Total time for which application threads were stopped: 0.0004711 seconds, Stopping threads took: 0.0000243 seconds
2018-02-23T00:09:31.846+0530: 29.523: Application time: 0.0377407 seconds
2018-02-23T00:09:31.846+0530: 29.523: [GC (Allocation Failure)  52836K->572K(228864K), 0.0002662 secs]
2018-02-23T00:09:31.846+0530: 29.523: Total time for which application threads were stopped: 0.0003766 seconds, Stopping threads took: 0.0000233 seconds
2018-02-23T00:09:31.884+0530: 29.560: Application time: 0.0375065 seconds
2018-02-23T00:09:31.884+0530: 29.561: [GC (Allocation Failure)  52816K->572K(227840K), 0.0002870 secs]
2018-02-23T00:09:31.884+0530: 29.561: Total time for which application threads were stopped: 0.0003822 seconds, Stopping threads took: 0.0000201 seconds
2018-02-23T00:09:31.921+0530: 29.598: Application time: 0.0369688 seconds
2018-02-23T00:09:31.921+0530: 29.598: [GC (Allocation Failure)  50748K->572K(226816K), 0.0002338 secs]
2018-02-23T00:09:31.921+0530: 29.598: Total time for which application threads were stopped: 0.0003427 seconds, Stopping threads took: 0.0000289 seconds
2018-02-23T00:09:31.956+0530: 29.633: Application time: 0.0347480 seconds
2018-02-23T00:09:31.956+0530: 29.633: [GC (Allocation Failure)  50727K->572K(225792K), 0.0003018 secs]
2018-02-23T00:09:31.956+0530: 29.633: Total time for which application threads were stopped: 0.0004320 seconds, Stopping threads took: 0.0000250 seconds
2018-02-23T00:09:31.996+0530: 29.672: Application time: 0.0387915 seconds
2018-02-23T00:09:31.996+0530: 29.672: [GC (Allocation Failure)  50707K->572K(224768K), 0.0002595 secs]
2018-02-23T00:09:31.996+0530: 29.673: Total time for which application threads were stopped: 0.0003646 seconds, Stopping threads took: 0.0000233 seconds
2018-02-23T00:09:32.030+0530: 29.707: Application time: 0.0340914 seconds
2018-02-23T00:09:32.030+0530: 29.707: [GC (Allocation Failure)  48640K->572K(223744K), 0.0002920 secs]
2018-02-23T00:09:32.030+0530: 29.707: Total time for which application threads were stopped: 0.0004182 seconds, Stopping threads took: 0.0000282 seconds
2018-02-23T00:09:32.065+0530: 29.742: Application time: 0.0348785 seconds
2018-02-23T00:09:32.065+0530: 29.742: [GC (Allocation Failure)  48619K->572K(223232K), 0.0002966 secs]
2018-02-23T00:09:32.065+0530: 29.742: Total time for which application threads were stopped: 0.0004045 seconds, Stopping threads took: 0.0000243 seconds
2018-02-23T00:09:32.096+0530: 29.772: Application time: 0.0298085 seconds
2018-02-23T00:09:32.096+0530: 29.772: [GC (Allocation Failure)  46562K->572K(222720K), 0.0002638 secs]
2018-02-23T00:09:32.096+0530: 29.773: Total time for which application threads were stopped: 0.0003900 seconds, Stopping threads took: 0.0000257 seconds
2018-02-23T00:09:32.128+0530: 29.804: Application time: 0.0319630 seconds
2018-02-23T00:09:32.128+0530: 29.805: [GC (Allocation Failure)  46551K->572K(222208K), 0.0003226 secs]
2018-02-23T00:09:32.128+0530: 29.805: Total time for which application threads were stopped: 0.0004387 seconds, Stopping threads took: 0.0000219 seconds
2018-02-23T00:09:32.160+0530: 29.836: Application time: 0.0313174 seconds
2018-02-23T00:09:32.160+0530: 29.836: [GC (Allocation Failure)  46541K->572K(221696K), 0.0002560 secs]
2018-02-23T00:09:32.160+0530: 29.837: Total time for which application threads were stopped: 0.0003805 seconds, Stopping threads took: 0.0000250 seconds
2018-02-23T00:09:32.191+0530: 29.868: Application time: 0.0310205 seconds
2018-02-23T00:09:32.191+0530: 29.868: [GC (Allocation Failure)  46531K->572K(221184K), 0.0004119 secs]
2018-02-23T00:09:32.191+0530: 29.868: Total time for which application threads were stopped: 0.0005402 seconds, Stopping threads took: 0.0000279 seconds
2018-02-23T00:09:32.219+0530: 29.895: Application time: 0.0270902 seconds
2018-02-23T00:09:32.219+0530: 29.895: [GC (Allocation Failure)  44473K->572K(220672K), 0.0002846 secs]
2018-02-23T00:09:32.219+0530: 29.896: Total time for which application threads were stopped: 0.0004020 seconds, Stopping threads took: 0.0000261 seconds
2018-02-23T00:09:32.249+0530: 29.925: Application time: 0.0293984 seconds
2018-02-23T00:09:32.249+0530: 29.925: [GC (Allocation Failure)  44463K->572K(220160K), 0.0002243 secs]
2018-02-23T00:09:32.249+0530: 29.925: Total time for which application threads were stopped: 0.0003325 seconds, Stopping threads took: 0.0000229 seconds
2018-02-23T00:09:32.277+0530: 29.954: Application time: 0.0281914 seconds
2018-02-23T00:09:32.277+0530: 29.954: [GC (Allocation Failure)  44453K->572K(219648K), 0.0002592 secs]
2018-02-23T00:09:32.277+0530: 29.954: Total time for which application threads were stopped: 0.0003611 seconds, Stopping threads took: 0.0000240 seconds
2018-02-23T00:09:32.309+0530: 29.986: Application time: 0.0318611 seconds
2018-02-23T00:09:32.309+0530: 29.986: [GC (Allocation Failure)  44443K->572K(219136K), 0.0002662 secs]
2018-02-23T00:09:32.309+0530: 29.986: Total time for which application threads were stopped: 0.0003706 seconds, Stopping threads took: 0.0000212 seconds
2018-02-23T00:09:32.337+0530: 30.014: Application time: 0.0273638 seconds
2018-02-23T00:09:32.337+0530: 30.014: [GC (Allocation Failure)  42385K->572K(218624K), 0.0002571 secs]
2018-02-23T00:09:32.337+0530: 30.014: Total time for which application threads were stopped: 0.0003794 seconds, Stopping threads took: 0.0000243 seconds
2018-02-23T00:09:32.368+0530: 30.044: Application time: 0.0302405 seconds
2018-02-23T00:09:32.368+0530: 30.044: [GC (Allocation Failure)  42375K->572K(218112K), 0.0002937 secs]
2018-02-23T00:09:32.368+0530: 30.045: Total time for which application threads were stopped: 0.0004260 seconds, Stopping threads took: 0.0000261 seconds
2018-02-23T00:09:32.397+0530: 30.074: Application time: 0.0292098 seconds
2018-02-23T00:09:32.397+0530: 30.074: [GC (Allocation Failure)  42365K->572K(217600K), 0.0004154 secs]
2018-02-23T00:09:32.398+0530: 30.074: Total time for which application threads were stopped: 0.0005522 seconds, Stopping threads took: 0.0000335 seconds
2018-02-23T00:09:32.427+0530: 30.104: Application time: 0.0295250 seconds
2018-02-23T00:09:32.427+0530: 30.104: [GC (Allocation Failure)  42355K->572K(217088K), 0.0002186 secs]
2018-02-23T00:09:32.428+0530: 30.104: Total time for which application threads were stopped: 0.0003156 seconds, Stopping threads took: 0.0000208 seconds
2018-02-23T00:09:32.454+0530: 30.130: Application time: 0.0261491 seconds
2018-02-23T00:09:32.454+0530: 30.130: [GC (Allocation Failure)  40297K->572K(216576K), 0.0003829 secs]
2018-02-23T00:09:32.454+0530: 30.131: Total time for which application threads were stopped: 0.0005085 seconds, Stopping threads took: 0.0000247 seconds
2018-02-23T00:09:32.483+0530: 30.159: Application time: 0.0283455 seconds
2018-02-23T00:09:32.483+0530: 30.159: [GC (Allocation Failure)  40287K->572K(216064K), 0.0003681 secs]
2018-02-23T00:09:32.483+0530: 30.160: Total time for which application threads were stopped: 0.0005342 seconds, Stopping threads took: 0.0000420 seconds
2018-02-23T00:09:32.540+0530: 30.217: Application time: 0.0570303 seconds
2018-02-23T00:09:32.540+0530: 30.217: [GC (Allocation Failure)  40277K->572K(215552K), 0.0006559 secs]
2018-02-23T00:09:32.541+0530: 30.218: Total time for which application threads were stopped: 0.0008417 seconds, Stopping threads took: 0.0000268 seconds
2018-02-23T00:09:32.765+0530: 30.442: Application time: 0.2241555 seconds
2018-02-23T00:09:32.765+0530: 30.442: [GC (Allocation Failure)  40267K->572K(215040K), 0.0003798 secs]
2018-02-23T00:09:32.765+0530: 30.442: Total time for which application threads were stopped: 0.0005508 seconds, Stopping threads took: 0.0000286 seconds
2018-02-23T00:09:32.949+0530: 30.625: Application time: 0.1828397 seconds
2018-02-23T00:09:32.949+0530: 30.626: [GC (Allocation Failure)  38209K->572K(214528K), 0.0003695 secs]
2018-02-23T00:09:32.949+0530: 30.626: Total time for which application threads were stopped: 0.0007631 seconds, Stopping threads took: 0.0000264 seconds
2018-02-23T00:09:33.116+0530: 30.793: Application time: 0.1668040 seconds
2018-02-23T00:09:33.116+0530: 30.793: [GC (Allocation Failure)  38199K->572K(214016K), 0.0002669 secs]
2018-02-23T00:09:33.116+0530: 30.793: Total time for which application threads were stopped: 0.0003791 seconds, Stopping threads took: 0.0000208 seconds
2018-02-23T00:09:33.370+0530: 31.046: Application time: 0.2531305 seconds
2018-02-23T00:09:33.370+0530: 31.046: [GC (Allocation Failure)  38189K->572K(213504K), 0.0003195 secs]
2018-02-23T00:09:33.370+0530: 31.047: Total time for which application threads were stopped: 0.0004785 seconds, Stopping threads took: 0.0000363 seconds
2018-02-23T00:09:33.596+0530: 31.273: Application time: 0.2257384 seconds
2018-02-23T00:09:33.596+0530: 31.273: [GC (Allocation Failure)  38179K->572K(212992K), 0.0009274 secs]
2018-02-23T00:09:33.596+0530: 31.274: Total time for which application threads were stopped: 0.0011277 seconds, Stopping threads took: 0.0000455 seconds
2018-02-23T00:09:33.769+0530: 31.446: Application time: 0.1720887 seconds
2018-02-23T00:09:33.769+0530: 31.446: [GC (Allocation Failure)  36121K->572K(212480K), 0.0003170 secs]
2018-02-23T00:09:33.769+0530: 31.446: Total time for which application threads were stopped: 0.0004676 seconds, Stopping threads took: 0.0000310 seconds
2018-02-23T00:09:33.993+0530: 31.669: Application time: 0.2230218 seconds
2018-02-23T00:09:33.993+0530: 31.669: [GC (Allocation Failure)  36110K->572K(211968K), 0.0003219 secs]
2018-02-23T00:09:33.993+0530: 31.670: Total time for which application threads were stopped: 0.0004549 seconds, Stopping threads took: 0.0000257 seconds
2018-02-23T00:09:34.217+0530: 31.894: Application time: 0.2240279 seconds
2018-02-23T00:09:34.217+0530: 31.894: [GC (Allocation Failure)  36100K->572K(211456K), 0.0003967 secs]
2018-02-23T00:09:34.217+0530: 31.894: Total time for which application threads were stopped: 0.0005462 seconds, Stopping threads took: 0.0000328 seconds
2018-02-23T00:09:34.470+0530: 32.146: Application time: 0.2519457 seconds
2018-02-23T00:09:34.470+0530: 32.146: [GC (Allocation Failure)  36090K->572K(210944K), 0.0006830 secs]
2018-02-23T00:09:34.470+0530: 32.147: Total time for which application threads were stopped: 0.0008463 seconds, Stopping threads took: 0.0000458 seconds
2018-02-23T00:09:34.692+0530: 32.369: Application time: 0.2214668 seconds
2018-02-23T00:09:34.692+0530: 32.369: [GC (Allocation Failure)  34032K->572K(210432K), 0.0003893 secs]
2018-02-23T00:09:34.692+0530: 32.369: Total time for which application threads were stopped: 0.0005462 seconds, Stopping threads took: 0.0000324 seconds
2018-02-23T00:09:34.900+0530: 32.577: Application time: 0.2076653 seconds
2018-02-23T00:09:34.900+0530: 32.577: [GC (Allocation Failure)  34022K->572K(209920K), 0.0006090 secs]
2018-02-23T00:09:34.900+0530: 32.578: Total time for which application threads were stopped: 0.0007588 seconds, Stopping threads took: 0.0000300 seconds
2018-02-23T00:09:35.150+0530: 32.827: Application time: 0.2492263 seconds
2018-02-23T00:09:35.150+0530: 32.827: [GC (Allocation Failure)  34012K->572K(209408K), 0.0003329 secs]
2018-02-23T00:09:35.150+0530: 32.827: Total time for which application threads were stopped: 0.0004581 seconds, Stopping threads took: 0.0000261 seconds
2018-02-23T00:09:35.360+0530: 33.036: Application time: 0.2090279 seconds
2018-02-23T00:09:35.360+0530: 33.036: [GC (Allocation Failure)  34002K->572K(208896K), 0.0004048 secs]
2018-02-23T00:09:35.360+0530: 33.037: Total time for which application threads were stopped: 0.0005797 seconds, Stopping threads took: 0.0000264 seconds
2018-02-23T00:09:35.506+0530: 33.182: Application time: 0.1456336 seconds
2018-02-23T00:09:35.506+0530: 33.183: [GC (Allocation Failure)  31944K->572K(208384K), 0.0002923 secs]
2018-02-23T00:09:35.506+0530: 33.183: Total time for which application threads were stopped: 0.0004186 seconds, Stopping threads took: 0.0000236 seconds
2018-02-23T00:09:35.740+0530: 33.417: Application time: 0.2339424 seconds
2018-02-23T00:09:35.740+0530: 33.417: [GC (Allocation Failure)  31934K->572K(207872K), 0.0006731 secs]
2018-02-23T00:09:35.740+0530: 33.418: Total time for which application threads were stopped: 0.0008057 seconds, Stopping threads took: 0.0000254 seconds
2018-02-23T00:09:35.918+0530: 33.594: Application time: 0.1767274 seconds
2018-02-23T00:09:35.918+0530: 33.595: [GC (Allocation Failure)  31924K->572K(207360K), 0.0003068 secs]
2018-02-23T00:09:35.918+0530: 33.595: Total time for which application threads were stopped: 0.0004584 seconds, Stopping threads took: 0.0000656 seconds
2018-02-23T00:09:36.139+0530: 33.816: Application time: 0.2207996 seconds
2018-02-23T00:09:36.139+0530: 33.816: [GC (Allocation Failure)  31914K->572K(206848K), 0.0004408 secs]
2018-02-23T00:09:36.139+0530: 33.816: Total time for which application threads were stopped: 0.0005829 seconds, Stopping threads took: 0.0000339 seconds
2018-02-23T00:09:36.317+0530: 33.994: Application time: 0.1772993 seconds
2018-02-23T00:09:36.317+0530: 33.994: [GC (Allocation Failure)  29856K->572K(206848K), 0.0003688 secs]
2018-02-23T00:09:36.317+0530: 33.994: Total time for which application threads were stopped: 0.0005152 seconds, Stopping threads took: 0.0000324 seconds
2018-02-23T00:09:36.522+0530: 34.199: Application time: 0.2045387 seconds
2018-02-23T00:09:36.522+0530: 34.199: [GC (Allocation Failure)  29856K->572K(206848K), 0.0002807 secs]
2018-02-23T00:09:36.522+0530: 34.199: Total time for which application threads were stopped: 0.0004073 seconds, Stopping threads took: 0.0000243 seconds
2018-02-23T00:09:36.697+0530: 34.374: Application time: 0.1751417 seconds
2018-02-23T00:09:36.697+0530: 34.374: [GC (Allocation Failure)  29856K->572K(206848K), 0.0002983 secs]
2018-02-23T00:09:36.697+0530: 34.375: Total time for which application threads were stopped: 0.0004468 seconds, Stopping threads took: 0.0000342 seconds
2018-02-23T00:09:36.916+0530: 34.593: Application time: 0.2182026 seconds
2018-02-23T00:09:36.916+0530: 34.593: [GC (Allocation Failure)  29856K->572K(206848K), 0.0002430 secs]
2018-02-23T00:09:36.916+0530: 34.593: Total time for which application threads were stopped: 0.0003759 seconds, Stopping threads took: 0.0000349 seconds
2018-02-23T00:09:37.078+0530: 34.755: Application time: 0.1616357 seconds
2018-02-23T00:09:37.078+0530: 34.755: [GC (Allocation Failure)  29856K->572K(206848K), 0.0003075 secs]
2018-02-23T00:09:37.078+0530: 34.755: Total time for which application threads were stopped: 0.0004531 seconds, Stopping threads took: 0.0000303 seconds
2018-02-23T00:09:37.297+0530: 34.974: Application time: 0.2182865 seconds
2018-02-23T00:09:37.297+0530: 34.974: [GC (Allocation Failure)  29856K->572K(206848K), 0.0005360 secs]
2018-02-23T00:09:37.297+0530: 34.974: Total time for which application threads were stopped: 0.0006731 seconds, Stopping threads took: 0.0000307 seconds
2018-02-23T00:09:37.460+0530: 35.137: Application time: 0.1622951 seconds
2018-02-23T00:09:37.460+0530: 35.137: [GC (Allocation Failure)  29856K->572K(206848K), 0.0002909 secs]
2018-02-23T00:09:37.460+0530: 35.137: Total time for which application threads were stopped: 0.0004210 seconds, Stopping threads took: 0.0000314 seconds
2018-02-23T00:09:37.666+0530: 35.343: Application time: 0.2055958 seconds
2018-02-23T00:09:37.666+0530: 35.343: [GC (Allocation Failure)  29856K->572K(206848K), 0.0005913 secs]
2018-02-23T00:09:37.667+0530: 35.343: Total time for which application threads were stopped: 0.0007183 seconds, Stopping threads took: 0.0000233 seconds
2018-02-23T00:09:37.856+0530: 35.533: Application time: 0.1896956 seconds
2018-02-23T00:09:37.856+0530: 35.533: [GC (Allocation Failure)  29856K->572K(206848K), 0.0004655 secs]
2018-02-23T00:09:37.856+0530: 35.534: Total time for which application threads were stopped: 0.0005931 seconds, Stopping threads took: 0.0000240 seconds
2018-02-23T00:09:38.019+0530: 35.696: Application time: 0.1622771 seconds
2018-02-23T00:09:38.019+0530: 35.696: [GC (Allocation Failure)  29856K->572K(206848K), 0.0002807 secs]
2018-02-23T00:09:38.019+0530: 35.696: Total time for which application threads were stopped: 0.0004023 seconds, Stopping threads took: 0.0000247 seconds
2018-02-23T00:09:38.238+0530: 35.915: Application time: 0.2185186 seconds
2018-02-23T00:09:38.238+0530: 35.915: [GC (Allocation Failure)  29856K->572K(206848K), 0.0002482 secs]
2018-02-23T00:09:38.238+0530: 35.915: Total time for which application threads were stopped: 0.0003667 seconds, Stopping threads took: 0.0000289 seconds
2018-02-23T00:09:38.416+0530: 36.093: Application time: 0.1773836 seconds
2018-02-23T00:09:38.416+0530: 36.093: [GC (Allocation Failure)  29856K->572K(206848K), 0.0003339 secs]
2018-02-23T00:09:38.416+0530: 36.093: Total time for which application threads were stopped: 0.0004852 seconds, Stopping threads took: 0.0000339 seconds
2018-02-23T00:09:38.587+0530: 36.263: Application time: 0.1701983 seconds
2018-02-23T00:09:38.587+0530: 36.263: [GC (Allocation Failure)  29856K->572K(206848K), 0.0003061 secs]
2018-02-23T00:09:38.587+0530: 36.264: Total time for which application threads were stopped: 0.0004425 seconds, Stopping threads took: 0.0000293 seconds
2018-02-23T00:09:38.736+0530: 36.413: Application time: 0.1488540 seconds
2018-02-23T00:09:38.736+0530: 36.413: [GC (Allocation Failure)  29856K->572K(206848K), 0.0010039 secs]
2018-02-23T00:09:38.736+0530: 36.414: Total time for which application threads were stopped: 0.0011562 seconds, Stopping threads took: 0.0000289 seconds
2018-02-23T00:09:38.887+0530: 36.563: Application time: 0.1495801 seconds
2018-02-23T00:09:38.887+0530: 36.563: [GC (Allocation Failure)  29856K->572K(206848K), 0.0003579 secs]
2018-02-23T00:09:38.887+0530: 36.564: Total time for which application threads were stopped: 0.0005240 seconds, Stopping threads took: 0.0000293 seconds
2018-02-23T00:09:39.064+0530: 36.740: Application time: 0.1766537 seconds
2018-02-23T00:09:39.064+0530: 36.741: [GC (Allocation Failure)  29856K->572K(206848K), 0.0002719 secs]
2018-02-23T00:09:39.064+0530: 36.741: Total time for which application threads were stopped: 0.0003928 seconds, Stopping threads took: 0.0000240 seconds
2018-02-23T00:09:39.241+0530: 36.918: Application time: 0.1768557 seconds
2018-02-23T00:09:39.241+0530: 36.918: [GC (Allocation Failure)  29856K->572K(206848K), 0.0005176 secs]
2018-02-23T00:09:39.241+0530: 36.918: Total time for which application threads were stopped: 0.0006583 seconds, Stopping threads took: 0.0000261 seconds
2018-02-23T00:09:39.417+0530: 37.094: Application time: 0.1756149 seconds
2018-02-23T00:09:39.417+0530: 37.094: [GC (Allocation Failure)  29856K->572K(206848K), 0.0003008 secs]
2018-02-23T00:09:39.417+0530: 37.094: Total time for which application threads were stopped: 0.0004210 seconds, Stopping threads took: 0.0000247 seconds
2018-02-23T00:09:39.594+0530: 37.271: Application time: 0.1762686 seconds
2018-02-23T00:09:39.594+0530: 37.271: [GC (Allocation Failure)  29856K->572K(206848K), 0.0004401 secs]
2018-02-23T00:09:39.594+0530: 37.271: Total time for which application threads were stopped: 0.0005973 seconds, Stopping threads took: 0.0000409 seconds
2018-02-23T00:09:39.770+0530: 37.447: Application time: 0.1756371 seconds
2018-02-23T00:09:39.771+0530: 37.447: [GC (Allocation Failure)  29856K->572K(206848K), 0.0003621 secs]
2018-02-23T00:09:39.771+0530: 37.447: Total time for which application threads were stopped: 0.0005021 seconds, Stopping threads took: 0.0000324 seconds
2018-02-23T00:09:39.974+0530: 37.650: Application time: 0.2027742 seconds
2018-02-23T00:09:39.974+0530: 37.650: [GC (Allocation Failure)  29856K->572K(206848K), 0.0004154 secs]
2018-02-23T00:09:39.974+0530: 37.651: Total time for which application threads were stopped: 0.0005783 seconds, Stopping threads took: 0.0000402 seconds
2018-02-23T00:09:40.135+0530: 37.812: Application time: 0.1613183 seconds
2018-02-23T00:09:40.135+0530: 37.812: [GC (Allocation Failure)  29856K->572K(206848K), 0.0002676 secs]
2018-02-23T00:09:40.135+0530: 37.813: Total time for which application threads were stopped: 0.0004034 seconds, Stopping threads took: 0.0000303 seconds
2018-02-23T00:09:40.354+0530: 38.031: Application time: 0.2182164 seconds
2018-02-23T00:09:40.354+0530: 38.031: [GC (Allocation Failure)  29856K->572K(206848K), 0.0002712 secs]
2018-02-23T00:09:40.354+0530: 38.031: Total time for which application threads were stopped: 0.0003963 seconds, Stopping threads took: 0.0000282 seconds
2018-02-23T00:09:40.518+0530: 38.195: Application time: 0.1638043 seconds
2018-02-23T00:09:40.518+0530: 38.195: [GC (Allocation Failure)  29856K->572K(206848K), 0.0005550 secs]
2018-02-23T00:09:40.518+0530: 38.196: Total time for which application threads were stopped: 0.0006844 seconds, Stopping threads took: 0.0000247 seconds
2018-02-23T00:09:40.737+0530: 38.414: Application time: 0.2181356 seconds
2018-02-23T00:09:40.737+0530: 38.414: [GC (Allocation Failure)  29856K->572K(206848K), 0.0003262 secs]
2018-02-23T00:09:40.737+0530: 38.414: Total time for which application threads were stopped: 0.0004665 seconds, Stopping threads took: 0.0000310 seconds
2018-02-23T00:09:40.914+0530: 38.590: Application time: 0.1761092 seconds
2018-02-23T00:09:40.914+0530: 38.590: [GC (Allocation Failure)  29856K->572K(206848K), 0.0005938 secs]
2018-02-23T00:09:40.914+0530: 38.591: Total time for which application threads were stopped: 0.0007377 seconds, Stopping threads took: 0.0000324 seconds
2018-02-23T00:09:41.132+0530: 38.809: Application time: 0.2178429 seconds
2018-02-23T00:09:41.132+0530: 38.809: [GC (Allocation Failure)  29856K->572K(206848K), 0.0002902 secs]
2018-02-23T00:09:41.132+0530: 38.809: Total time for which application threads were stopped: 0.0004284 seconds, Stopping threads took: 0.0000324 seconds
2018-02-23T00:09:41.310+0530: 38.987: Application time: 0.1771748 seconds
2018-02-23T00:09:41.310+0530: 38.987: [GC (Allocation Failure)  29856K->572K(206848K), 0.0002899 secs]
2018-02-23T00:09:41.310+0530: 38.987: Total time for which application threads were stopped: 0.0004224 seconds, Stopping threads took: 0.0000275 seconds
2018-02-23T00:09:41.491+0530: 39.168: Application time: 0.1809387 seconds
2018-02-23T00:09:41.492+0530: 39.168: [GC (Allocation Failure)  29856K->572K(206848K), 0.0003068 secs]
2018-02-23T00:09:41.492+0530: 39.168: Total time for which application threads were stopped: 0.0004422 seconds, Stopping threads took: 0.0000275 seconds
2018-02-23T00:09:41.568+0530: 39.244: Application time: 0.0757518 seconds
2018-02-23T00:09:41.568+0530: 39.244: [GC (Allocation Failure)  29856K->572K(206848K), 0.0003346 secs]
2018-02-23T00:09:41.568+0530: 39.245: Total time for which application threads were stopped: 0.0004644 seconds, Stopping threads took: 0.0000279 seconds
2018-02-23T00:09:41.786+0530: 39.463: Application time: 0.2182731 seconds
2018-02-23T00:09:41.786+0530: 39.463: [GC (Allocation Failure)  29856K->572K(206848K), 0.0002800 secs]
2018-02-23T00:09:41.786+0530: 39.463: Total time for which application threads were stopped: 0.0004150 seconds, Stopping threads took: 0.0000310 seconds
2018-02-23T00:09:41.865+0530: 39.542: Application time: 0.0785502 seconds
2018-02-23T00:09:41.865+0530: 39.542: [GC (Allocation Failure)  29856K->572K(206848K), 0.0002549 secs]
2018-02-23T00:09:41.865+0530: 39.542: Total time for which application threads were stopped: 0.0003724 seconds, Stopping threads took: 0.0000236 seconds
2018-02-23T00:09:42.057+0530: 39.734: Application time: 0.1914111 seconds
2018-02-23T00:09:42.057+0530: 39.734: [GC (Allocation Failure)  29856K->572K(206848K), 0.0003579 secs]
2018-02-23T00:09:42.057+0530: 39.734: Total time for which application threads were stopped: 0.0005064 seconds, Stopping threads took: 0.0000331 seconds
2018-02-23T00:09:42.235+0530: 39.912: Application time: 0.1781752 seconds
2018-02-23T00:09:42.235+0530: 39.912: [GC (Allocation Failure)  29856K->572K(206848K), 0.0005317 secs]
2018-02-23T00:09:42.235+0530: 39.913: Total time for which application threads were stopped: 0.0007098 seconds, Stopping threads took: 0.0000264 seconds
2018-02-23T00:09:42.454+0530: 40.131: Application time: 0.2177414 seconds
2018-02-23T00:09:42.454+0530: 40.131: [GC (Allocation Failure)  29856K->572K(206848K), 0.0002916 secs]
2018-02-23T00:09:42.454+0530: 40.131: Total time for which application threads were stopped: 0.0004069 seconds, Stopping threads took: 0.0000303 seconds
2018-02-23T00:09:42.631+0530: 40.308: Application time: 0.1766100 seconds
2018-02-23T00:09:42.631+0530: 40.308: [GC (Allocation Failure)  29856K->572K(206848K), 0.0005991 secs]
2018-02-23T00:09:42.631+0530: 40.309: Total time for which application threads were stopped: 0.0007444 seconds, Stopping threads took: 0.0000289 seconds
2018-02-23T00:09:42.850+0530: 40.527: Application time: 0.2179752 seconds
2018-02-23T00:09:42.850+0530: 40.527: [GC (Allocation Failure)  29856K->572K(206848K), 0.0003128 secs]
2018-02-23T00:09:42.850+0530: 40.527: Total time for which application threads were stopped: 0.0004598 seconds, Stopping threads took: 0.0000346 seconds
2018-02-23T00:09:42.997+0530: 40.674: Application time: 0.1468786 seconds
2018-02-23T00:09:42.997+0530: 40.674: [GC (Allocation Failure)  29856K->572K(206848K), 0.0007648 secs]
2018-02-23T00:09:42.997+0530: 40.675: Total time for which application threads were stopped: 0.0009087 seconds, Stopping threads took: 0.0000317 seconds
2018-02-23T00:09:43.216+0530: 40.893: Application time: 0.2177558 seconds
2018-02-23T00:09:43.216+0530: 40.893: [GC (Allocation Failure)  29856K->572K(206848K), 0.0004863 secs]
2018-02-23T00:09:43.216+0530: 40.893: Total time for which application threads were stopped: 0.0006224 seconds, Stopping threads took: 0.0000254 seconds
2018-02-23T00:09:43.380+0530: 41.056: Application time: 0.1632447 seconds
2018-02-23T00:09:43.380+0530: 41.057: [GC (Allocation Failure)  29856K->572K(206848K), 0.0003812 secs]
2018-02-23T00:09:43.380+0530: 41.057: Total time for which application threads were stopped: 0.0005208 seconds, Stopping threads took: 0.0000264 seconds
2018-02-23T00:09:43.584+0530: 41.261: Application time: 0.2040997 seconds
2018-02-23T00:09:43.584+0530: 41.261: [GC (Allocation Failure)  29856K->572K(206848K), 0.0003674 secs]
2018-02-23T00:09:43.584+0530: 41.262: Total time for which application threads were stopped: 0.0005113 seconds, Stopping threads took: 0.0000307 seconds
2018-02-23T00:09:43.776+0530: 41.452: Application time: 0.1908490 seconds
2018-02-23T00:09:43.776+0530: 41.453: [GC (Allocation Failure)  29856K->572K(206848K), 0.0002761 secs]
2018-02-23T00:09:43.776+0530: 41.453: Total time for which application threads were stopped: 0.0004101 seconds, Stopping threads took: 0.0000346 seconds
2018-02-23T00:09:43.965+0530: 41.641: Application time: 0.1883839 seconds
2018-02-23T00:09:43.965+0530: 41.641: [GC (Allocation Failure)  29856K->572K(206848K), 0.0003089 secs]
2018-02-23T00:09:43.965+0530: 41.642: Total time for which application threads were stopped: 0.0004263 seconds, Stopping threads took: 0.0000222 seconds
2018-02-23T00:09:44.142+0530: 41.819: Application time: 0.1769471 seconds
2018-02-23T00:09:44.142+0530: 41.819: [GC (Allocation Failure)  29856K->572K(206848K), 0.0003791 secs]
2018-02-23T00:09:44.142+0530: 41.819: Total time for which application threads were stopped: 0.0005124 seconds, Stopping threads took: 0.0000257 seconds
2018-02-23T00:09:44.318+0530: 41.995: Application time: 0.1756032 seconds
2018-02-23T00:09:44.318+0530: 41.995: [GC (Allocation Failure)  29856K->572K(206848K), 0.0002243 secs]
2018-02-23T00:09:44.318+0530: 41.995: Total time for which application threads were stopped: 0.0003339 seconds, Stopping threads took: 0.0000197 seconds
2018-02-23T00:09:44.489+0530: 42.166: Application time: 0.1706962 seconds
2018-02-23T00:09:44.489+0530: 42.166: [GC (Allocation Failure)  29856K->572K(206848K), 0.0002676 secs]
2018-02-23T00:09:44.489+0530: 42.166: Total time for which application threads were stopped: 0.0003967 seconds, Stopping threads took: 0.0000279 seconds
2018-02-23T00:09:44.666+0530: 42.343: Application time: 0.1766600 seconds
2018-02-23T00:09:44.666+0530: 42.343: [GC (Allocation Failure)  29856K->572K(206848K), 0.0004729 secs]
2018-02-23T00:09:44.666+0530: 42.343: Total time for which application threads were stopped: 0.0005987 seconds, Stopping threads took: 0.0000236 seconds
2018-02-23T00:09:44.811+0530: 42.488: Application time: 0.1440979 seconds
2018-02-23T00:09:44.811+0530: 42.488: [GC (Allocation Failure)  29856K->572K(206848K), 0.0002652 secs]
2018-02-23T00:09:44.811+0530: 42.488: Total time for which application threads were stopped: 0.0003879 seconds, Stopping threads took: 0.0000250 seconds
2018-02-23T00:09:44.996+0530: 42.673: Application time: 0.1848080 seconds
2018-02-23T00:09:44.996+0530: 42.673: [GC (Allocation Failure)  29856K->572K(206848K), 0.0003276 secs]
2018-02-23T00:09:44.996+0530: 42.673: Total time for which application threads were stopped: 0.0004714 seconds, Stopping threads took: 0.0000279 seconds
2018-02-23T00:09:45.144+0530: 42.821: Application time: 0.1478938 seconds
2018-02-23T00:09:45.144+0530: 42.821: [GC (Allocation Failure)  29856K->572K(206848K), 0.0004411 secs]
2018-02-23T00:09:45.144+0530: 42.822: Total time for which application threads were stopped: 0.0006171 seconds, Stopping threads took: 0.0000317 seconds
2018-02-23T00:09:45.363+0530: 43.040: Application time: 0.2180827 seconds
2018-02-23T00:09:45.363+0530: 43.040: [GC (Allocation Failure)  29856K->572K(206848K), 0.0003442 secs]
2018-02-23T00:09:45.363+0530: 43.040: Total time for which application threads were stopped: 0.0004707 seconds, Stopping threads took: 0.0000236 seconds
2018-02-23T00:09:45.449+0530: 43.125: Application time: 0.0848909 seconds
2018-02-23T00:09:45.449+0530: 43.125: [GC (Allocation Failure)  29856K->572K(206848K), 0.0002461 secs]
2018-02-23T00:09:45.449+0530: 43.126: Total time for which application threads were stopped: 0.0003717 seconds, Stopping threads took: 0.0000370 seconds
2018-02-23T00:09:45.631+0530: 43.308: Application time: 0.1824162 seconds
2018-02-23T00:09:45.631+0530: 43.308: [GC (Allocation Failure)  29856K->572K(206848K), 0.0003600 secs]
2018-02-23T00:09:45.631+0530: 43.308: Total time for which application threads were stopped: 0.0005127 seconds, Stopping threads took: 0.0000307 seconds
2018-02-23T00:09:45.734+0530: 43.411: Application time: 0.1025895 seconds
2018-02-23T00:09:45.734+0530: 43.411: [GC (Allocation Failure)  29856K->572K(206848K), 0.0004891 secs]
2018-02-23T00:09:45.734+0530: 43.412: Total time for which application threads were stopped: 0.0006368 seconds, Stopping threads took: 0.0000353 seconds
2018-02-23T00:09:45.953+0530: 43.630: Application time: 0.2181187 seconds
2018-02-23T00:09:45.953+0530: 43.630: [GC (Allocation Failure)  29856K->572K(206848K), 0.0003110 secs]
2018-02-23T00:09:45.953+0530: 43.630: Total time for which application threads were stopped: 0.0004397 seconds, Stopping threads took: 0.0000303 seconds
2018-02-23T00:09:46.045+0530: 43.721: Application time: 0.0911785 seconds
2018-02-23T00:09:46.045+0530: 43.722: [GC (Allocation Failure)  29856K->572K(206848K), 0.0006351 secs]
2018-02-23T00:09:46.045+0530: 43.722: Total time for which application threads were stopped: 0.0009045 seconds, Stopping threads took: 0.0000427 seconds
2018-02-23T00:09:46.065+0530: 43.741: Application time: 0.0190600 seconds
2018-02-23T00:09:46.065+0530: 43.742: [GC (Allocation Failure)  29856K->572K(206848K), 0.0003678 secs]
2018-02-23T00:09:46.065+0530: 43.742: Total time for which application threads were stopped: 0.0004940 seconds, Stopping threads took: 0.0000236 seconds
2018-02-23T00:09:46.225+0530: 43.902: Application time: 0.1600101 seconds
2018-02-23T00:09:46.225+0530: 43.902: [GC (Allocation Failure)  29856K->572K(206848K), 0.0003216 secs]
2018-02-23T00:09:46.225+0530: 43.902: Total time for which application threads were stopped: 0.0004767 seconds, Stopping threads took: 0.0000321 seconds
2018-02-23T00:09:46.415+0530: 44.092: Application time: 0.1894001 seconds
2018-02-23T00:09:46.415+0530: 44.092: [GC (Allocation Failure)  29856K->572K(206848K), 0.0004461 secs]
2018-02-23T00:09:46.415+0530: 44.092: Total time for which application threads were stopped: 0.0006033 seconds, Stopping threads took: 0.0000286 seconds
2018-02-23T00:09:46.578+0530: 44.255: Application time: 0.1623212 seconds
2018-02-23T00:09:46.578+0530: 44.255: [GC (Allocation Failure)  29856K->572K(206848K), 0.0003544 secs]
2018-02-23T00:09:46.578+0530: 44.255: Total time for which application threads were stopped: 0.0004972 seconds, Stopping threads took: 0.0000346 seconds
2018-02-23T00:09:46.769+0530: 44.446: Application time: 0.1905366 seconds
2018-02-23T00:09:46.769+0530: 44.446: [GC (Allocation Failure)  29856K->572K(206848K), 0.0002542 secs]
2018-02-23T00:09:46.769+0530: 44.446: Total time for which application threads were stopped: 0.0003674 seconds, Stopping threads took: 0.0000257 seconds
2018-02-23T00:09:46.988+0530: 44.665: Application time: 0.2185291 seconds
2018-02-23T00:09:46.988+0530: 44.665: [GC (Allocation Failure)  29856K->572K(206848K), 0.0004207 secs]
2018-02-23T00:09:46.988+0530: 44.665: Total time for which application threads were stopped: 0.0006411 seconds, Stopping threads took: 0.0000677 seconds
2018-02-23T00:09:47.150+0530: 44.827: Application time: 0.1612573 seconds
2018-02-23T00:09:47.150+0530: 44.827: [GC (Allocation Failure)  29856K->572K(206848K), 0.0003008 secs]
2018-02-23T00:09:47.150+0530: 44.827: Total time for which application threads were stopped: 0.0004309 seconds, Stopping threads took: 0.0000272 seconds
2018-02-23T00:09:47.369+0530: 45.045: Application time: 0.2183109 seconds
2018-02-23T00:09:47.369+0530: 45.045: [GC (Allocation Failure)  29856K->572K(206848K), 0.0002733 secs]
2018-02-23T00:09:47.369+0530: 45.046: Total time for which application threads were stopped: 0.0004045 seconds, Stopping threads took: 0.0000303 seconds
2018-02-23T00:09:47.485+0530: 45.162: Application time: 0.1158783 seconds
2018-02-23T00:09:47.485+0530: 45.162: [GC (Allocation Failure)  29856K->572K(206848K), 0.0002846 secs]
2018-02-23T00:09:47.485+0530: 45.162: Total time for which application threads were stopped: 0.0004186 seconds, Stopping threads took: 0.0000272 seconds
2018-02-23T00:09:47.664+0530: 45.341: Application time: 0.1787694 seconds
2018-02-23T00:09:47.664+0530: 45.341: [GC (Allocation Failure)  29856K->572K(206848K), 0.0003336 secs]
2018-02-23T00:09:47.664+0530: 45.341: Total time for which application threads were stopped: 0.0004923 seconds, Stopping threads took: 0.0000289 seconds
2018-02-23T00:09:47.809+0530: 45.485: Application time: 0.1439551 seconds
2018-02-23T00:09:47.809+0530: 45.485: [GC (Allocation Failure)  29856K->572K(206848K), 0.0002856 secs]
2018-02-23T00:09:47.809+0530: 45.486: Total time for which application threads were stopped: 0.0003992 seconds, Stopping threads took: 0.0000261 seconds
2018-02-23T00:09:47.830+0530: 45.506: Application time: 0.0206218 seconds
2018-02-23T00:09:47.830+0530: 45.506: [GC (Allocation Failure)  29856K->572K(206848K), 0.0002694 secs]
2018-02-23T00:09:47.830+0530: 45.507: Total time for which application threads were stopped: 0.0003731 seconds, Stopping threads took: 0.0000212 seconds
2018-02-23T00:09:47.993+0530: 45.670: Application time: 0.1632754 seconds
2018-02-23T00:09:47.993+0530: 45.670: [GC (Allocation Failure)  29856K->572K(206848K), 0.0003777 secs]
2018-02-23T00:09:47.993+0530: 45.671: Total time for which application threads were stopped: 0.0006284 seconds, Stopping threads took: 0.0000236 seconds
2018-02-23T00:09:48.169+0530: 45.845: Application time: 0.1745478 seconds
2018-02-23T00:09:48.169+0530: 45.845: [GC (Allocation Failure)  29856K->572K(206848K), 0.0003103 secs]
2018-02-23T00:09:48.169+0530: 45.846: Total time for which application threads were stopped: 0.0004161 seconds, Stopping threads took: 0.0000282 seconds
2018-02-23T00:09:48.346+0530: 46.022: Application time: 0.1768586 seconds
2018-02-23T00:09:48.346+0530: 46.023: [GC (Allocation Failure)  29856K->572K(206848K), 0.0007976 secs]
2018-02-23T00:09:48.346+0530: 46.023: Total time for which application threads were stopped: 0.0009859 seconds, Stopping threads took: 0.0000349 seconds
2018-02-23T00:09:48.537+0530: 46.213: Application time: 0.1899512 seconds
2018-02-23T00:09:48.537+0530: 46.213: [GC (Allocation Failure)  29856K->572K(206848K), 0.0004711 secs]
2018-02-23T00:09:48.537+0530: 46.214: Total time for which application threads were stopped: 0.0006354 seconds, Stopping threads took: 0.0000317 seconds
2018-02-23T00:09:48.708+0530: 46.385: Application time: 0.1707502 seconds
2018-02-23T00:09:48.708+0530: 46.385: [GC (Allocation Failure)  29856K->572K(206848K), 0.0002528 secs]
2018-02-23T00:09:48.708+0530: 46.385: Total time for which application threads were stopped: 0.0003657 seconds, Stopping threads took: 0.0000233 seconds
2018-02-23T00:09:48.828+0530: 46.505: Application time: 0.1195977 seconds
2018-02-23T00:09:48.828+0530: 46.505: [GC (Allocation Failure)  29856K->572K(206848K), 0.0004066 secs]
2018-02-23T00:09:48.828+0530: 46.505: Total time for which application threads were stopped: 0.0005434 seconds, Stopping threads took: 0.0000321 seconds
2018-02-23T00:09:48.850+0530: 46.527: Application time: 0.0214741 seconds
2018-02-23T00:09:48.850+0530: 46.527: [GC (Allocation Failure)  29856K->572K(206848K), 0.0003124 secs]
2018-02-23T00:09:48.850+0530: 46.527: Total time for which application threads were stopped: 0.0004309 seconds, Stopping threads took: 0.0000261 seconds
2018-02-23T00:09:48.888+0530: 46.565: Application time: 0.0377262 seconds
2018-02-23T00:09:48.888+0530: 46.565: [GC (Allocation Failure)  29856K->572K(206848K), 0.0004817 secs]
2018-02-23T00:09:48.888+0530: 46.566: Total time for which application threads were stopped: 0.0006121 seconds, Stopping threads took: 0.0000257 seconds
2018-02-23T00:09:49.107+0530: 46.784: Application time: 0.2181046 seconds
2018-02-23T00:09:49.107+0530: 46.784: [GC (Allocation Failure)  29856K->572K(206848K), 0.0003385 secs]
2018-02-23T00:09:49.107+0530: 46.784: Total time for which application threads were stopped: 0.0004841 seconds, Stopping threads took: 0.0000331 seconds
2018-02-23T00:09:49.298+0530: 46.975: Application time: 0.1906967 seconds
2018-02-23T00:09:49.298+0530: 46.975: [GC (Allocation Failure)  29856K->572K(206848K), 0.0005007 secs]
2018-02-23T00:09:49.298+0530: 46.975: Total time for which application threads were stopped: 0.0006301 seconds, Stopping threads took: 0.0000286 seconds
2018-02-23T00:09:49.517+0530: 47.194: Application time: 0.2182689 seconds
2018-02-23T00:09:49.517+0530: 47.194: [GC (Allocation Failure)  29856K->572K(206848K), 0.0007726 secs]
2018-02-23T00:09:49.517+0530: 47.195: Total time for which application threads were stopped: 0.0009098 seconds, Stopping threads took: 0.0000240 seconds
2018-02-23T00:09:49.678+0530: 47.355: Application time: 0.1605158 seconds
2018-02-23T00:09:49.678+0530: 47.355: [GC (Allocation Failure)  29856K->572K(206848K), 0.0004633 secs]
2018-02-23T00:09:49.678+0530: 47.356: Total time for which application threads were stopped: 0.0005839 seconds, Stopping threads took: 0.0000268 seconds
2018-02-23T00:09:49.897+0530: 47.574: Application time: 0.2180168 seconds
2018-02-23T00:09:49.897+0530: 47.574: [GC (Allocation Failure)  29856K->572K(206848K), 0.0003124 secs]
2018-02-23T00:09:49.897+0530: 47.574: Total time for which application threads were stopped: 0.0004958 seconds, Stopping threads took: 0.0000282 seconds
2018-02-23T00:09:50.060+0530: 47.737: Application time: 0.1625663 seconds
2018-02-23T00:09:50.060+0530: 47.737: [GC (Allocation Failure)  29856K->572K(206848K), 0.0004284 secs]
2018-02-23T00:09:50.060+0530: 47.737: Total time for which application threads were stopped: 0.0005829 seconds, Stopping threads took: 0.0000353 seconds
2018-02-23T00:09:50.265+0530: 47.942: Application time: 0.2042266 seconds
2018-02-23T00:09:50.265+0530: 47.942: [GC (Allocation Failure)  29856K->572K(206848K), 0.0003650 secs]
2018-02-23T00:09:50.265+0530: 47.942: Total time for which application threads were stopped: 0.0005183 seconds, Stopping threads took: 0.0000360 seconds
2018-02-23T00:09:50.441+0530: 48.118: Application time: 0.1752527 seconds
2018-02-23T00:09:50.441+0530: 48.118: [GC (Allocation Failure)  29856K->572K(206848K), 0.0005483 secs]
2018-02-23T00:09:50.441+0530: 48.119: Total time for which application threads were stopped: 0.0007666 seconds, Stopping threads took: 0.0000381 seconds
2018-02-23T00:09:50.600+0530: 48.277: Application time: 0.1582460 seconds
2018-02-23T00:09:50.600+0530: 48.277: [GC (Allocation Failure)  29856K->572K(206848K), 0.0006351 secs]
2018-02-23T00:09:50.600+0530: 48.278: Total time for which application threads were stopped: 0.0007959 seconds, Stopping threads took: 0.0000335 seconds
2018-02-23T00:09:50.791+0530: 48.468: Application time: 0.1903123 seconds
2018-02-23T00:09:50.791+0530: 48.468: [GC (Allocation Failure)  29856K->572K(206848K), 0.0003956 secs]
2018-02-23T00:09:50.792+0530: 48.468: Total time for which application threads were stopped: 0.0005402 seconds, Stopping threads took: 0.0000303 seconds
2018-02-23T00:09:50.915+0530: 48.592: Application time: 0.1232166 seconds
2018-02-23T00:09:50.915+0530: 48.592: [GC (Allocation Failure)  29856K->572K(206848K), 0.0003702 secs]
2018-02-23T00:09:50.915+0530: 48.592: Total time for which application threads were stopped: 0.0005321 seconds, Stopping threads took: 0.0000381 seconds
2018-02-23T00:09:51.078+0530: 48.755: Application time: 0.1625232 seconds
2018-02-23T00:09:51.078+0530: 48.755: [GC (Allocation Failure)  29856K->572K(206848K), 0.0002761 secs]
2018-02-23T00:09:51.078+0530: 48.755: Total time for which application threads were stopped: 0.0003999 seconds, Stopping threads took: 0.0000222 seconds
2018-02-23T00:09:51.297+0530: 48.974: Application time: 0.2185002 seconds
2018-02-23T00:09:51.297+0530: 48.974: [GC (Allocation Failure)  29856K->572K(206848K), 0.0032215 secs]
2018-02-23T00:09:51.297+0530: 48.977: Total time for which application threads were stopped: 0.0034299 seconds, Stopping threads took: 0.0000377 seconds
2018-02-23T00:09:51.516+0530: 49.192: Application time: 0.2151800 seconds
2018-02-23T00:09:51.516+0530: 49.192: [GC (Allocation Failure)  29856K->572K(206848K), 0.0010311 secs]
2018-02-23T00:09:51.516+0530: 49.193: Total time for which application threads were stopped: 0.0011809 seconds, Stopping threads took: 0.0000328 seconds
2018-02-23T00:09:51.663+0530: 49.339: Application time: 0.1458955 seconds
2018-02-23T00:09:51.663+0530: 49.339: [GC (Allocation Failure)  29856K->572K(206848K), 0.0003276 secs]
2018-02-23T00:09:51.663+0530: 49.340: Total time for which application threads were stopped: 0.0004662 seconds, Stopping threads took: 0.0000268 seconds
2018-02-23T00:09:51.744+0530: 49.421: Application time: 0.0807579 seconds
2018-02-23T00:09:51.744+0530: 49.421: [GC (Allocation Failure)  29856K->572K(206848K), 0.0003011 secs]
2018-02-23T00:09:51.744+0530: 49.421: Total time for which application threads were stopped: 0.0004848 seconds, Stopping threads took: 0.0000272 seconds
2018-02-23T00:09:51.764+0530: 49.441: Application time: 0.0195209 seconds
2018-02-23T00:09:51.764+0530: 49.441: [GC (Allocation Failure)  29856K->572K(206848K), 0.0002701 secs]
2018-02-23T00:09:51.764+0530: 49.441: Total time for which application threads were stopped: 0.0003865 seconds, Stopping threads took: 0.0000261 seconds
2018-02-23T00:09:51.784+0530: 49.461: Application time: 0.0198622 seconds
2018-02-23T00:09:51.784+0530: 49.461: [GC (Allocation Failure)  29856K->572K(206848K), 0.0005243 secs]
2018-02-23T00:09:51.784+0530: 49.462: Total time for which application threads were stopped: 0.0006576 seconds, Stopping threads took: 0.0000282 seconds
2018-02-23T00:09:51.804+0530: 49.481: Application time: 0.0193562 seconds
2018-02-23T00:09:51.804+0530: 49.481: [GC (Allocation Failure)  29856K->572K(213504K), 0.0003015 secs]
2018-02-23T00:09:51.804+0530: 49.481: Total time for which application threads were stopped: 0.0004136 seconds, Stopping threads took: 0.0000236 seconds
2018-02-23T00:09:51.829+0530: 49.505: Application time: 0.0241497 seconds
2018-02-23T00:09:51.829+0530: 49.506: [GC (Allocation Failure)  38178K->572K(221184K), 0.0003995 secs]
2018-02-23T00:09:51.829+0530: 49.506: Total time for which application threads were stopped: 0.0006763 seconds, Stopping threads took: 0.0000998 seconds
2018-02-23T00:09:51.862+0530: 49.538: Application time: 0.0320406 seconds
2018-02-23T00:09:51.862+0530: 49.538: [GC (Allocation Failure)  44473K->572K(230400K), 0.0004665 secs]
2018-02-23T00:09:51.862+0530: 49.539: Total time for which application threads were stopped: 0.0006273 seconds, Stopping threads took: 0.0000264 seconds
2018-02-23T00:09:51.899+0530: 49.575: Application time: 0.0363968 seconds
2018-02-23T00:09:51.899+0530: 49.575: [GC (Allocation Failure)  54893K->572K(241664K), 0.0003357 secs]
2018-02-23T00:09:51.899+0530: 49.576: Total time for which application threads were stopped: 0.0004570 seconds, Stopping threads took: 0.0000257 seconds
2018-02-23T00:09:51.944+0530: 49.620: Application time: 0.0444390 seconds
2018-02-23T00:09:51.944+0530: 49.620: [GC (Allocation Failure)  65355K->572K(240128K), 0.0004231 secs]
2018-02-23T00:09:51.944+0530: 49.621: Total time for which application threads were stopped: 0.0005741 seconds, Stopping threads took: 0.0000339 seconds
2018-02-23T00:09:51.987+0530: 49.663: Application time: 0.0424559 seconds
2018-02-23T00:09:51.987+0530: 49.663: [GC (Allocation Failure)  63277K->572K(238592K), 0.0002828 secs]
2018-02-23T00:09:51.987+0530: 49.664: Total time for which application threads were stopped: 0.0003896 seconds, Stopping threads took: 0.0000257 seconds
2018-02-23T00:09:52.035+0530: 49.712: Application time: 0.0484624 seconds
2018-02-23T00:09:52.035+0530: 49.712: [GC (Allocation Failure)  63246K->572K(237056K), 0.0002870 secs]
2018-02-23T00:09:52.035+0530: 49.712: Total time for which application threads were stopped: 0.0004168 seconds, Stopping threads took: 0.0000254 seconds
2018-02-23T00:09:52.079+0530: 49.756: Application time: 0.0434034 seconds
2018-02-23T00:09:52.079+0530: 49.756: [GC (Allocation Failure)  61168K->572K(236032K), 0.0002782 secs]
2018-02-23T00:09:52.079+0530: 49.756: Total time for which application threads were stopped: 0.0004048 seconds, Stopping threads took: 0.0000289 seconds
2018-02-23T00:09:52.120+0530: 49.796: Application time: 0.0402309 seconds
2018-02-23T00:09:52.120+0530: 49.797: [GC (Allocation Failure)  59100K->572K(235008K), 0.0002345 secs]
2018-02-23T00:09:52.120+0530: 49.797: Total time for which application threads were stopped: 0.0003360 seconds, Stopping threads took: 0.0000208 seconds
2018-02-23T00:09:52.161+0530: 49.838: Application time: 0.0411558 seconds
2018-02-23T00:09:52.161+0530: 49.838: [GC (Allocation Failure)  59080K->572K(233984K), 0.0003762 secs]
2018-02-23T00:09:52.161+0530: 49.838: Total time for which application threads were stopped: 0.0005191 seconds, Stopping threads took: 0.0000233 seconds
2018-02-23T00:09:52.205+0530: 49.881: Application time: 0.0425521 seconds
2018-02-23T00:09:52.205+0530: 49.881: [GC (Allocation Failure)  57012K->572K(232960K), 0.0006291 secs]
2018-02-23T00:09:52.205+0530: 49.882: Total time for which application threads were stopped: 0.0007609 seconds, Stopping threads took: 0.0000268 seconds
2018-02-23T00:09:52.246+0530: 49.922: Application time: 0.0406667 seconds
2018-02-23T00:09:52.246+0530: 49.923: [GC (Allocation Failure)  56992K->572K(231936K), 0.0003667 secs]
2018-02-23T00:09:52.246+0530: 49.923: Total time for which application threads were stopped: 0.0005057 seconds, Stopping threads took: 0.0000300 seconds
2018-02-23T00:09:52.291+0530: 49.968: Application time: 0.0448047 seconds
2018-02-23T00:09:52.291+0530: 49.968: [GC (Allocation Failure)  54924K->572K(230912K), 0.0002641 secs]
2018-02-23T00:09:52.291+0530: 49.968: Total time for which application threads were stopped: 0.0003875 seconds, Stopping threads took: 0.0000247 seconds
2018-02-23T00:09:52.330+0530: 50.006: Application time: 0.0381881 seconds
2018-02-23T00:09:52.330+0530: 50.006: [GC (Allocation Failure)  54904K->572K(229888K), 0.0006813 secs]
2018-02-23T00:09:52.330+0530: 50.007: Total time for which application threads were stopped: 0.0008022 seconds, Stopping threads took: 0.0000212 seconds
2018-02-23T00:09:52.369+0530: 50.046: Application time: 0.0385446 seconds
2018-02-23T00:09:52.369+0530: 50.046: [GC (Allocation Failure)  52836K->572K(228864K), 0.0004739 secs]
2018-02-23T00:09:52.369+0530: 50.046: Total time for which application threads were stopped: 0.0006721 seconds, Stopping threads took: 0.0000303 seconds
2018-02-23T00:09:52.407+0530: 50.083: Application time: 0.0370467 seconds
2018-02-23T00:09:52.407+0530: 50.084: [GC (Allocation Failure)  52816K->572K(227840K), 0.0003332 secs]
2018-02-23T00:09:52.407+0530: 50.084: Total time for which application threads were stopped: 0.0004672 seconds, Stopping threads took: 0.0000279 seconds
2018-02-23T00:09:52.445+0530: 50.121: Application time: 0.0374984 seconds
2018-02-23T00:09:52.445+0530: 50.122: [GC (Allocation Failure)  50748K->572K(238592K), 0.0007144 secs]
2018-02-23T00:09:52.446+0530: 50.122: Total time for which application threads were stopped: 0.0009842 seconds, Stopping threads took: 0.0000941 seconds
2018-02-23T00:09:52.488+0530: 50.164: Application time: 0.0418712 seconds
2018-02-23T00:09:52.488+0530: 50.164: [GC (Allocation Failure)  63246K->572K(237056K), 0.0003089 secs]
2018-02-23T00:09:52.488+0530: 50.165: Total time for which application threads were stopped: 0.0004316 seconds, Stopping threads took: 0.0000264 seconds
2018-02-23T00:09:52.529+0530: 50.205: Application time: 0.0403328 seconds
2018-02-23T00:09:52.529+0530: 50.205: [GC (Allocation Failure)  61168K->572K(236032K), 0.0004499 secs]
2018-02-23T00:09:52.529+0530: 50.206: Total time for which application threads were stopped: 0.0005804 seconds, Stopping threads took: 0.0000243 seconds
2018-02-23T00:09:52.570+0530: 50.247: Application time: 0.0408962 seconds
2018-02-23T00:09:52.570+0530: 50.247: [GC (Allocation Failure)  59100K->572K(235008K), 0.0003367 secs]
2018-02-23T00:09:52.570+0530: 50.247: Total time for which application threads were stopped: 0.0004524 seconds, Stopping threads took: 0.0000275 seconds
2018-02-23T00:09:52.609+0530: 50.286: Application time: 0.0387728 seconds
2018-02-23T00:09:52.609+0530: 50.286: [GC (Allocation Failure)  59080K->572K(233984K), 0.0003572 secs]
2018-02-23T00:09:52.609+0530: 50.286: Total time for which application threads were stopped: 0.0004806 seconds, Stopping threads took: 0.0000219 seconds
2018-02-23T00:09:52.645+0530: 50.322: Application time: 0.0355417 seconds
2018-02-23T00:09:52.645+0530: 50.322: [GC (Allocation Failure)  57012K->572K(232960K), 0.0003794 secs]
2018-02-23T00:09:52.645+0530: 50.322: Total time for which application threads were stopped: 0.0005600 seconds, Stopping threads took: 0.0000314 seconds
2018-02-23T00:09:52.686+0530: 50.363: Application time: 0.0407587 seconds
2018-02-23T00:09:52.686+0530: 50.363: [GC (Allocation Failure)  56992K->572K(231936K), 0.0002236 secs]
2018-02-23T00:09:52.686+0530: 50.363: Total time for which application threads were stopped: 0.0003202 seconds, Stopping threads took: 0.0000222 seconds
2018-02-23T00:09:52.729+0530: 50.406: Application time: 0.0425172 seconds
2018-02-23T00:09:52.729+0530: 50.406: [GC (Allocation Failure)  54924K->572K(230912K), 0.0002951 secs]
2018-02-23T00:09:52.729+0530: 50.406: Total time for which application threads were stopped: 0.0004104 seconds, Stopping threads took: 0.0000254 seconds
2018-02-23T00:09:52.765+0530: 50.442: Application time: 0.0352029 seconds
2018-02-23T00:09:52.765+0530: 50.442: [GC (Allocation Failure)  54904K->572K(229888K), 0.0002786 secs]
2018-02-23T00:09:52.765+0530: 50.442: Total time for which application threads were stopped: 0.0003942 seconds, Stopping threads took: 0.0000289 seconds
2018-02-23T00:09:52.803+0530: 50.479: Application time: 0.0371186 seconds
2018-02-23T00:09:52.803+0530: 50.479: [GC (Allocation Failure)  52836K->572K(228864K), 0.0003494 secs]
2018-02-23T00:09:52.803+0530: 50.480: Total time for which application threads were stopped: 0.0004771 seconds, Stopping threads took: 0.0000307 seconds
2018-02-23T00:09:52.837+0530: 50.513: Application time: 0.0339225 seconds
2018-02-23T00:09:52.837+0530: 50.514: [GC (Allocation Failure)  52816K->572K(227840K), 0.0005081 secs]
2018-02-23T00:09:52.837+0530: 50.514: Total time for which application threads were stopped: 0.0006601 seconds, Stopping threads took: 0.0000406 seconds
2018-02-23T00:09:52.871+0530: 50.548: Application time: 0.0339796 seconds
2018-02-23T00:09:52.871+0530: 50.548: [GC (Allocation Failure)  50748K->572K(238592K), 0.0010430 secs]
2018-02-23T00:09:52.872+0530: 50.549: Total time for which application threads were stopped: 0.0012003 seconds, Stopping threads took: 0.0000310 seconds
2018-02-23T00:09:52.913+0530: 50.590: Application time: 0.0403712 seconds
2018-02-23T00:09:52.913+0530: 50.590: [GC (Allocation Failure)  63246K->572K(251392K), 0.0002800 secs]
2018-02-23T00:09:52.913+0530: 50.590: Total time for which application threads were stopped: 0.0004048 seconds, Stopping threads took: 0.0000286 seconds
2018-02-23T00:09:52.969+0530: 50.646: Application time: 0.0558134 seconds
2018-02-23T00:09:52.969+0530: 50.646: [GC (Allocation Failure)  75786K->572K(249856K), 0.0003138 secs]
2018-02-23T00:09:52.969+0530: 50.646: Total time for which application threads were stopped: 0.0004450 seconds, Stopping threads took: 0.0000275 seconds
2018-02-23T00:09:53.022+0530: 50.699: Application time: 0.0525672 seconds
2018-02-23T00:09:53.022+0530: 50.699: [GC (Allocation Failure)  73708K->572K(248320K), 0.0003036 secs]
2018-02-23T00:09:53.022+0530: 50.699: Total time for which application threads were stopped: 0.0004193 seconds, Stopping threads took: 0.0000236 seconds
2018-02-23T00:09:53.081+0530: 50.758: Application time: 0.0585641 seconds
2018-02-23T00:09:53.081+0530: 50.758: [GC (Allocation Failure)  71629K->572K(246784K), 0.0003047 secs]
2018-02-23T00:09:53.081+0530: 50.758: Total time for which application threads were stopped: 0.0004143 seconds, Stopping threads took: 0.0000243 seconds
2018-02-23T00:09:53.128+0530: 50.805: Application time: 0.0465163 seconds
2018-02-23T00:09:53.128+0530: 50.805: [GC (Allocation Failure)  71599K->572K(245248K), 0.0007412 secs]
2018-02-23T00:09:53.128+0530: 50.806: Total time for which application threads were stopped: 0.0008780 seconds, Stopping threads took: 0.0000257 seconds
2018-02-23T00:09:53.180+0530: 50.857: Application time: 0.0510319 seconds
2018-02-23T00:09:53.180+0530: 50.857: [GC (Allocation Failure)  69521K->572K(243712K), 0.0006654 secs]
2018-02-23T00:09:53.181+0530: 50.858: Total time for which application threads were stopped: 0.0008667 seconds, Stopping threads took: 0.0000398 seconds
2018-02-23T00:09:53.228+0530: 50.904: Application time: 0.0465413 seconds
2018-02-23T00:09:53.228+0530: 50.904: [GC (Allocation Failure)  67443K->572K(242176K), 0.0003068 secs]
2018-02-23T00:09:53.228+0530: 50.905: Total time for which application threads were stopped: 0.0004309 seconds, Stopping threads took: 0.0000272 seconds
2018-02-23T00:09:53.273+0530: 50.950: Application time: 0.0451615 seconds
2018-02-23T00:09:53.273+0530: 50.950: [GC (Allocation Failure)  65365K->572K(240640K), 0.0003568 secs]
2018-02-23T00:09:53.273+0530: 50.950: Total time for which application threads were stopped: 0.0004901 seconds, Stopping threads took: 0.0000250 seconds
2018-02-23T00:09:53.345+0530: 51.021: Application time: 0.0707556 seconds
2018-02-23T00:09:53.345+0530: 51.021: [GC (Allocation Failure)  65335K->572K(239104K), 0.0003265 secs]
2018-02-23T00:09:53.345+0530: 51.022: Total time for which application threads were stopped: 0.0004676 seconds, Stopping threads took: 0.0000314 seconds
2018-02-23T00:09:53.388+0530: 51.064: Application time: 0.0429171 seconds
2018-02-23T00:09:53.388+0530: 51.065: [GC (Allocation Failure)  63257K->572K(237568K), 0.0002750 secs]
2018-02-23T00:09:53.388+0530: 51.065: Total time for which application threads were stopped: 0.0004069 seconds, Stopping threads took: 0.0000324 seconds
2018-02-23T00:09:53.434+0530: 51.110: Application time: 0.0453131 seconds
2018-02-23T00:09:53.434+0530: 51.110: [GC (Allocation Failure)  61179K->572K(236544K), 0.0002719 secs]
2018-02-23T00:09:53.434+0530: 51.111: Total time for which application threads were stopped: 0.0004291 seconds, Stopping threads took: 0.0000229 seconds
2018-02-23T00:09:53.479+0530: 51.155: Application time: 0.0448523 seconds
2018-02-23T00:09:53.479+0530: 51.156: [GC (Allocation Failure)  61159K->572K(235520K), 0.0002556 secs]
2018-02-23T00:09:53.479+0530: 51.156: Total time for which application threads were stopped: 0.0003819 seconds, Stopping threads took: 0.0000250 seconds
2018-02-23T00:09:53.517+0530: 51.194: Application time: 0.0380125 seconds
2018-02-23T00:09:53.517+0530: 51.194: [GC (Allocation Failure)  59091K->572K(234496K), 0.0003643 secs]
2018-02-23T00:09:53.517+0530: 51.194: Total time for which application threads were stopped: 0.0004954 seconds, Stopping threads took: 0.0000272 seconds
2018-02-23T00:09:53.566+0530: 51.242: Application time: 0.0478541 seconds
2018-02-23T00:09:53.566+0530: 51.242: [GC (Allocation Failure)  59070K->572K(233472K), 0.0005437 secs]
2018-02-23T00:09:53.566+0530: 51.243: Total time for which application threads were stopped: 0.0006640 seconds, Stopping threads took: 0.0000289 seconds
2018-02-23T00:09:53.607+0530: 51.284: Application time: 0.0410482 seconds
2018-02-23T00:09:53.607+0530: 51.284: [GC (Allocation Failure)  57002K->572K(232448K), 0.0002888 secs]
2018-02-23T00:09:53.607+0530: 51.284: Total time for which application threads were stopped: 0.0004351 seconds, Stopping threads took: 0.0000423 seconds
2018-02-23T00:09:53.650+0530: 51.326: Application time: 0.0418927 seconds
2018-02-23T00:09:53.650+0530: 51.326: [GC (Allocation Failure)  56982K->572K(244224K), 0.0010092 secs]
2018-02-23T00:09:53.651+0530: 51.327: Total time for which application threads were stopped: 0.0011534 seconds, Stopping threads took: 0.0000317 seconds
2018-02-23T00:09:53.694+0530: 51.370: Application time: 0.0427736 seconds
2018-02-23T00:09:53.694+0530: 51.370: [GC (Allocation Failure)  67453K->572K(242688K), 0.0003583 secs]
2018-02-23T00:09:53.694+0530: 51.371: Total time for which application threads were stopped: 0.0005120 seconds, Stopping threads took: 0.0000328 seconds
2018-02-23T00:09:53.742+0530: 51.418: Application time: 0.0477141 seconds
2018-02-23T00:09:53.742+0530: 51.419: [GC (Allocation Failure)  67423K->572K(256512K), 0.0009295 secs]
2018-02-23T00:09:53.743+0530: 51.420: Total time for which application threads were stopped: 0.0010670 seconds, Stopping threads took: 0.0000257 seconds
2018-02-23T00:09:53.800+0530: 51.477: Application time: 0.0575045 seconds
2018-02-23T00:09:53.800+0530: 51.477: [GC (Allocation Failure)  79982K->572K(254464K), 0.0002906 secs]
2018-02-23T00:09:53.800+0530: 51.477: Total time for which application threads were stopped: 0.0004140 seconds, Stopping threads took: 0.0000254 seconds
2018-02-23T00:09:53.855+0530: 51.531: Application time: 0.0539269 seconds
2018-02-23T00:09:53.855+0530: 51.531: [GC (Allocation Failure)  77894K->572K(270336K), 0.0008526 secs]
2018-02-23T00:09:53.856+0530: 51.532: Total time for which application threads were stopped: 0.0009849 seconds, Stopping threads took: 0.0000279 seconds
2018-02-23T00:09:53.918+0530: 51.595: Application time: 0.0624616 seconds
2018-02-23T00:09:53.918+0530: 51.595: [GC (Allocation Failure)  94589K->572K(267776K), 0.0004062 secs]
2018-02-23T00:09:53.918+0530: 51.595: Total time for which application threads were stopped: 0.0005212 seconds, Stopping threads took: 0.0000236 seconds
2018-02-23T00:09:53.977+0530: 51.653: Application time: 0.0580433 seconds
2018-02-23T00:09:53.977+0530: 51.654: [GC (Allocation Failure)  92491K->572K(265216K), 0.0004443 secs]
2018-02-23T00:09:53.977+0530: 51.654: Total time for which application threads were stopped: 0.0006418 seconds, Stopping threads took: 0.0000582 seconds
2018-02-23T00:09:54.040+0530: 51.716: Application time: 0.0622751 seconds
2018-02-23T00:09:54.040+0530: 51.716: [GC (Allocation Failure)  88345K->572K(262656K), 0.0006456 secs]
2018-02-23T00:09:54.040+0530: 51.717: Total time for which application threads were stopped: 0.0007860 seconds, Stopping threads took: 0.0000254 seconds
2018-02-23T00:09:54.101+0530: 51.777: Application time: 0.0601647 seconds
2018-02-23T00:09:54.101+0530: 51.777: [GC (Allocation Failure)  86247K->572K(260608K), 0.0002920 secs]
2018-02-23T00:09:54.101+0530: 51.778: Total time for which application threads were stopped: 0.0004179 seconds, Stopping threads took: 0.0000240 seconds
2018-02-23T00:09:54.162+0530: 51.838: Application time: 0.0603942 seconds
2018-02-23T00:09:54.162+0530: 51.838: [GC (Allocation Failure)  84159K->572K(258560K), 0.0003442 secs]
2018-02-23T00:09:54.162+0530: 51.839: Total time for which application threads were stopped: 0.0004898 seconds, Stopping threads took: 0.0000321 seconds
2018-02-23T00:09:54.222+0530: 51.898: Application time: 0.0596195 seconds
2018-02-23T00:09:54.222+0530: 51.898: [GC (Allocation Failure)  82070K->572K(256512K), 0.0004648 secs]
2018-02-23T00:09:54.222+0530: 51.899: Total time for which application threads were stopped: 0.0005966 seconds, Stopping threads took: 0.0000254 seconds
2018-02-23T00:09:54.279+0530: 51.955: Application time: 0.0565394 seconds
2018-02-23T00:09:54.279+0530: 51.955: [GC (Allocation Failure)  79982K->572K(254464K), 0.0003325 secs]
2018-02-23T00:09:54.279+0530: 51.956: Total time for which application threads were stopped: 0.0004633 seconds, Stopping threads took: 0.0000272 seconds
2018-02-23T00:09:54.332+0530: 52.009: Application time: 0.0528218 seconds
2018-02-23T00:09:54.332+0530: 52.009: [GC (Allocation Failure)  77894K->572K(252416K), 0.0003293 secs]
2018-02-23T00:09:54.332+0530: 52.009: Total time for which application threads were stopped: 0.0004792 seconds, Stopping threads took: 0.0000363 seconds
2018-02-23T00:09:54.384+0530: 52.060: Application time: 0.0510287 seconds
2018-02-23T00:09:54.384+0530: 52.060: [GC (Allocation Failure)  75806K->572K(250368K), 0.0002870 secs]
2018-02-23T00:09:54.384+0530: 52.061: Total time for which application threads were stopped: 0.0004094 seconds, Stopping threads took: 0.0000257 seconds
2018-02-23T00:09:54.433+0530: 52.110: Application time: 0.0494236 seconds
2018-02-23T00:09:54.433+0530: 52.110: [GC (Allocation Failure)  73718K->572K(248832K), 0.0002087 secs]
2018-02-23T00:09:54.433+0530: 52.110: Total time for which application threads were stopped: 0.0003082 seconds, Stopping threads took: 0.0000197 seconds
2018-02-23T00:09:54.488+0530: 52.164: Application time: 0.0540887 seconds
2018-02-23T00:09:54.488+0530: 52.164: [GC (Allocation Failure)  73687K->572K(247296K), 0.0003417 secs]
2018-02-23T00:09:54.488+0530: 52.165: Total time for which application threads were stopped: 0.0004707 seconds, Stopping threads took: 0.0000257 seconds
2018-02-23T00:09:54.538+0530: 52.215: Application time: 0.0499874 seconds
2018-02-23T00:09:54.538+0530: 52.215: [GC (Allocation Failure)  71609K->572K(245760K), 0.0002969 secs]
2018-02-23T00:09:54.539+0530: 52.215: Total time for which application threads were stopped: 0.0004112 seconds, Stopping threads took: 0.0000226 seconds
2018-02-23T00:09:54.586+0530: 52.262: Application time: 0.0469133 seconds
2018-02-23T00:09:54.586+0530: 52.262: [GC (Allocation Failure)  69531K->572K(244224K), 0.0004284 secs]
2018-02-23T00:09:54.586+0530: 52.263: Total time for which application threads were stopped: 0.0005476 seconds, Stopping threads took: 0.0000282 seconds
2018-02-23T00:09:54.638+0530: 52.315: Application time: 0.0518852 seconds
2018-02-23T00:09:54.638+0530: 52.315: [GC (Allocation Failure)  67453K->572K(242688K), 0.0004330 secs]
2018-02-23T00:09:54.638+0530: 52.315: Total time for which application threads were stopped: 0.0005776 seconds, Stopping threads took: 0.0000331 seconds
2018-02-23T00:09:54.685+0530: 52.361: Application time: 0.0460977 seconds
2018-02-23T00:09:54.685+0530: 52.361: [GC (Allocation Failure)  67423K->572K(241152K), 0.0004831 secs]
2018-02-23T00:09:54.685+0530: 52.362: Total time for which application threads were stopped: 0.0006150 seconds, Stopping threads took: 0.0000240 seconds
2018-02-23T00:09:54.804+0530: 52.480: Application time: 0.1183988 seconds
2018-02-23T00:09:54.804+0530: 52.480: [GC (Allocation Failure)  65345K->572K(239616K), 0.0005039 secs]
2018-02-23T00:09:54.804+0530: 52.481: Total time for which application threads were stopped: 0.0006784 seconds, Stopping threads took: 0.0000402 seconds
2018-02-23T00:09:54.850+0530: 52.526: Application time: 0.0450917 seconds
2018-02-23T00:09:54.850+0530: 52.526: [GC (Allocation Failure)  63267K->572K(238080K), 0.0003533 secs]
2018-02-23T00:09:54.850+0530: 52.527: Total time for which application threads were stopped: 0.0004806 seconds, Stopping threads took: 0.0000272 seconds
2018-02-23T00:09:54.891+0530: 52.567: Application time: 0.0405609 seconds
2018-02-23T00:09:54.891+0530: 52.567: [GC (Allocation Failure)  61189K->572K(237056K), 0.0003600 secs]
2018-02-23T00:09:54.891+0530: 52.568: Total time for which application threads were stopped: 0.0004781 seconds, Stopping threads took: 0.0000201 seconds
2018-02-23T00:09:54.933+0530: 52.609: Application time: 0.0415884 seconds
2018-02-23T00:09:54.933+0530: 52.609: [GC (Allocation Failure)  61168K->572K(236032K), 0.0007331 secs]
2018-02-23T00:09:54.934+0530: 52.610: Total time for which application threads were stopped: 0.0009129 seconds, Stopping threads took: 0.0000451 seconds
2018-02-23T00:09:54.993+0530: 52.669: Application time: 0.0590201 seconds
2018-02-23T00:09:54.993+0530: 52.669: [GC (Allocation Failure)  59100K->572K(235008K), 0.0003114 secs]
2018-02-23T00:09:54.993+0530: 52.670: Total time for which application threads were stopped: 0.0004182 seconds, Stopping threads took: 0.0000215 seconds
2018-02-23T00:09:55.032+0530: 52.708: Application time: 0.0387319 seconds
2018-02-23T00:09:55.032+0530: 52.708: [GC (Allocation Failure)  59080K->572K(233984K), 0.0002828 secs]
2018-02-23T00:09:55.032+0530: 52.709: Total time for which application threads were stopped: 0.0004002 seconds, Stopping threads took: 0.0000240 seconds
2018-02-23T00:09:55.073+0530: 52.749: Application time: 0.0406914 seconds
2018-02-23T00:09:55.073+0530: 52.749: [GC (Allocation Failure)  57012K->572K(232960K), 0.0002747 secs]
2018-02-23T00:09:55.073+0530: 52.750: Total time for which application threads were stopped: 0.0003900 seconds, Stopping threads took: 0.0000229 seconds
2018-02-23T00:09:55.113+0530: 52.790: Application time: 0.0401903 seconds
2018-02-23T00:09:55.113+0530: 52.790: [GC (Allocation Failure)  56992K->572K(231936K), 0.0003367 secs]
2018-02-23T00:09:55.113+0530: 52.790: Total time for which application threads were stopped: 0.0004669 seconds, Stopping threads took: 0.0000233 seconds
2018-02-23T00:09:55.153+0530: 52.830: Application time: 0.0390549 seconds
2018-02-23T00:09:55.153+0530: 52.830: [GC (Allocation Failure)  54924K->572K(230912K), 0.0002726 secs]
2018-02-23T00:09:55.153+0530: 52.830: Total time for which application threads were stopped: 0.0004186 seconds, Stopping threads took: 0.0000370 seconds
2018-02-23T00:09:55.191+0530: 52.867: Application time: 0.0371158 seconds
2018-02-23T00:09:55.191+0530: 52.867: [GC (Allocation Failure)  54904K->572K(229888K), 0.0002595 secs]
2018-02-23T00:09:55.191+0530: 52.867: Total time for which application threads were stopped: 0.0003614 seconds, Stopping threads took: 0.0000212 seconds
2018-02-23T00:09:55.229+0530: 52.905: Application time: 0.0378634 seconds
2018-02-23T00:09:55.229+0530: 52.905: [GC (Allocation Failure)  52836K->572K(228864K), 0.0002736 secs]
2018-02-23T00:09:55.229+0530: 52.906: Total time for which application threads were stopped: 0.0003868 seconds, Stopping threads took: 0.0000296 seconds
2018-02-23T00:09:55.265+0530: 52.941: Application time: 0.0355301 seconds
2018-02-23T00:09:55.265+0530: 52.941: [GC (Allocation Failure)  52816K->572K(227840K), 0.0003815 secs]
2018-02-23T00:09:55.265+0530: 52.942: Total time for which application threads were stopped: 0.0005127 seconds, Stopping threads took: 0.0000254 seconds
2018-02-23T00:09:55.301+0530: 52.977: Application time: 0.0355255 seconds
2018-02-23T00:09:55.301+0530: 52.977: [GC (Allocation Failure)  50748K->572K(226816K), 0.0002705 secs]
2018-02-23T00:09:55.301+0530: 52.978: Total time for which application threads were stopped: 0.0003833 seconds, Stopping threads took: 0.0000268 seconds
2018-02-23T00:09:55.338+0530: 53.015: Application time: 0.0371941 seconds
2018-02-23T00:09:55.338+0530: 53.015: [GC (Allocation Failure)  50727K->572K(225792K), 0.0002736 secs]
2018-02-23T00:09:55.339+0530: 53.015: Total time for which application threads were stopped: 0.0003787 seconds, Stopping threads took: 0.0000219 seconds
2018-02-23T00:09:55.376+0530: 53.053: Application time: 0.0377333 seconds
2018-02-23T00:09:55.376+0530: 53.053: [GC (Allocation Failure)  50707K->572K(224768K), 0.0003494 secs]
2018-02-23T00:09:55.376+0530: 53.053: Total time for which application threads were stopped: 0.0005018 seconds, Stopping threads took: 0.0000384 seconds
2018-02-23T00:09:55.412+0530: 53.088: Application time: 0.0347466 seconds
2018-02-23T00:09:55.412+0530: 53.088: [GC (Allocation Failure)  48640K->572K(223744K), 0.0003237 secs]
2018-02-23T00:09:55.412+0530: 53.089: Total time for which application threads were stopped: 0.0004383 seconds, Stopping threads took: 0.0000236 seconds
2018-02-23T00:09:55.443+0530: 53.120: Application time: 0.0311919 seconds
2018-02-23T00:09:55.443+0530: 53.120: [GC (Allocation Failure)  48619K->572K(223232K), 0.0002775 secs]
2018-02-23T00:09:55.443+0530: 53.120: Total time for which application threads were stopped: 0.0004080 seconds, Stopping threads took: 0.0000250 seconds
2018-02-23T00:09:55.476+0530: 53.153: Application time: 0.0325459 seconds
2018-02-23T00:09:55.476+0530: 53.153: [GC (Allocation Failure)  46562K->572K(222720K), 0.0002652 secs]
2018-02-23T00:09:55.476+0530: 53.153: Total time for which application threads were stopped: 0.0003618 seconds, Stopping threads took: 0.0000205 seconds
2018-02-23T00:09:55.508+0530: 53.185: Application time: 0.0313544 seconds
2018-02-23T00:09:55.508+0530: 53.185: [GC (Allocation Failure)  46551K->572K(222208K), 0.0002574 secs]
2018-02-23T00:09:55.508+0530: 53.185: Total time for which application threads were stopped: 0.0003741 seconds, Stopping threads took: 0.0000229 seconds
2018-02-23T00:09:55.543+0530: 53.220: Application time: 0.0348139 seconds
2018-02-23T00:09:55.543+0530: 53.220: [GC (Allocation Failure)  46541K->572K(221696K), 0.0002422 secs]
2018-02-23T00:09:55.543+0530: 53.220: Total time for which application threads were stopped: 0.0003600 seconds, Stopping threads took: 0.0000264 seconds
2018-02-23T00:09:55.574+0530: 53.250: Application time: 0.0301643 seconds
2018-02-23T00:09:55.574+0530: 53.250: [GC (Allocation Failure)  46531K->572K(221184K), 0.0003226 secs]
2018-02-23T00:09:55.574+0530: 53.251: Total time for which application threads were stopped: 0.0004450 seconds, Stopping threads took: 0.0000226 seconds
2018-02-23T00:09:55.604+0530: 53.281: Application time: 0.0301760 seconds
2018-02-23T00:09:55.604+0530: 53.281: [GC (Allocation Failure)  44473K->572K(220672K), 0.0002768 secs]
2018-02-23T00:09:55.605+0530: 53.281: Total time for which application threads were stopped: 0.0004013 seconds, Stopping threads took: 0.0000254 seconds
2018-02-23T00:09:55.633+0530: 53.309: Application time: 0.0279880 seconds
2018-02-23T00:09:55.633+0530: 53.309: [GC (Allocation Failure)  44463K->572K(220160K), 0.0003900 secs]
2018-02-23T00:09:55.633+0530: 53.310: Total time for which application threads were stopped: 0.0005487 seconds, Stopping threads took: 0.0000240 seconds
2018-02-23T00:09:55.663+0530: 53.340: Application time: 0.0301957 seconds
2018-02-23T00:09:55.663+0530: 53.340: [GC (Allocation Failure)  44453K->572K(219648K), 0.0002796 secs]
2018-02-23T00:09:55.663+0530: 53.340: Total time for which application threads were stopped: 0.0004045 seconds, Stopping threads took: 0.0000247 seconds
2018-02-23T00:09:55.694+0530: 53.371: Application time: 0.0303209 seconds
2018-02-23T00:09:55.694+0530: 53.371: [GC (Allocation Failure)  44443K->572K(219136K), 0.0003576 secs]
2018-02-23T00:09:55.694+0530: 53.371: Total time for which application threads were stopped: 0.0005233 seconds, Stopping threads took: 0.0000268 seconds
2018-02-23T00:09:55.723+0530: 53.399: Application time: 0.0281385 seconds
2018-02-23T00:09:55.723+0530: 53.399: [GC (Allocation Failure)  42385K->572K(218624K), 0.0002659 secs]
2018-02-23T00:09:55.723+0530: 53.400: Total time for which application threads were stopped: 0.0003671 seconds, Stopping threads took: 0.0000201 seconds
2018-02-23T00:09:55.754+0530: 53.430: Application time: 0.0303925 seconds
2018-02-23T00:09:55.754+0530: 53.430: [GC (Allocation Failure)  42375K->572K(218112K), 0.0002874 secs]
2018-02-23T00:09:55.754+0530: 53.431: Total time for which application threads were stopped: 0.0003879 seconds, Stopping threads took: 0.0000197 seconds
2018-02-23T00:09:55.783+0530: 53.460: Application time: 0.0291206 seconds
2018-02-23T00:09:55.783+0530: 53.460: [GC (Allocation Failure)  42365K->572K(217600K), 0.0002990 secs]
2018-02-23T00:09:55.783+0530: 53.460: Total time for which application threads were stopped: 0.0004362 seconds, Stopping threads took: 0.0000261 seconds
2018-02-23T00:09:55.809+0530: 53.485: Application time: 0.0249230 seconds
2018-02-23T00:09:55.809+0530: 53.485: [GC (Allocation Failure)  42355K->572K(217088K), 0.0004422 secs]
2018-02-23T00:09:55.809+0530: 53.486: Total time for which application threads were stopped: 0.0005691 seconds, Stopping threads took: 0.0000257 seconds
2018-02-23T00:09:55.833+0530: 53.510: Application time: 0.0239434 seconds
2018-02-23T00:09:55.833+0530: 53.510: [GC (Allocation Failure)  40297K->572K(216576K), 0.0002461 secs]
2018-02-23T00:09:55.833+0530: 53.510: Total time for which application threads were stopped: 0.0003477 seconds, Stopping threads took: 0.0000219 seconds
2018-02-23T00:09:55.859+0530: 53.536: Application time: 0.0258649 seconds
2018-02-23T00:09:55.859+0530: 53.536: [GC (Allocation Failure)  40287K->572K(216064K), 0.0002468 secs]
2018-02-23T00:09:55.859+0530: 53.536: Total time for which application threads were stopped: 0.0003614 seconds, Stopping threads took: 0.0000236 seconds
2018-02-23T00:09:55.889+0530: 53.566: Application time: 0.0295917 seconds
2018-02-23T00:09:55.889+0530: 53.566: [GC (Allocation Failure)  40277K->572K(215552K), 0.0004778 secs]
2018-02-23T00:09:55.889+0530: 53.566: Total time for which application threads were stopped: 0.0006047 seconds, Stopping threads took: 0.0000282 seconds
2018-02-23T00:09:55.916+0530: 53.592: Application time: 0.0260951 seconds
2018-02-23T00:09:55.916+0530: 53.593: [GC (Allocation Failure)  40267K->572K(215040K), 0.0002772 secs]
2018-02-23T00:09:55.916+0530: 53.593: Total time for which application threads were stopped: 0.0003801 seconds, Stopping threads took: 0.0000240 seconds
2018-02-23T00:09:55.942+0530: 53.619: Application time: 0.0258141 seconds
2018-02-23T00:09:55.942+0530: 53.619: [GC (Allocation Failure)  38209K->572K(214528K), 0.0003357 secs]
2018-02-23T00:09:55.942+0530: 53.619: Total time for which application threads were stopped: 0.0004757 seconds, Stopping threads took: 0.0000416 seconds
2018-02-23T00:09:55.967+0530: 53.643: Application time: 0.0241624 seconds
2018-02-23T00:09:55.967+0530: 53.643: [GC (Allocation Failure)  38199K->572K(214016K), 0.0002740 secs]
2018-02-23T00:09:55.967+0530: 53.644: Total time for which application threads were stopped: 0.0003914 seconds, Stopping threads took: 0.0000254 seconds
2018-02-23T00:09:55.991+0530: 53.667: Application time: 0.0236867 seconds
2018-02-23T00:09:55.991+0530: 53.667: [GC (Allocation Failure)  38189K->572K(213504K), 0.0003121 secs]
2018-02-23T00:09:55.991+0530: 53.668: Total time for which application threads were stopped: 0.0004126 seconds, Stopping threads took: 0.0000194 seconds
2018-02-23T00:09:56.017+0530: 53.694: Application time: 0.0261039 seconds
2018-02-23T00:09:56.017+0530: 53.694: [GC (Allocation Failure)  38179K->572K(212992K), 0.0002638 secs]
2018-02-23T00:09:56.017+0530: 53.694: Total time for which application threads were stopped: 0.0003798 seconds, Stopping threads took: 0.0000222 seconds
2018-02-23T00:09:56.039+0530: 53.715: Application time: 0.0207868 seconds
2018-02-23T00:09:56.039+0530: 53.715: [GC (Allocation Failure)  36121K->572K(212480K), 0.0002433 secs]
2018-02-23T00:09:56.039+0530: 53.715: Total time for which application threads were stopped: 0.0003554 seconds, Stopping threads took: 0.0000240 seconds
2018-02-23T00:09:56.063+0530: 53.740: Application time: 0.0242760 seconds
2018-02-23T00:09:56.063+0530: 53.740: [GC (Allocation Failure)  36110K->572K(211968K), 0.0003174 secs]
2018-02-23T00:09:56.063+0530: 53.740: Total time for which application threads were stopped: 0.0004344 seconds, Stopping threads took: 0.0000268 seconds
2018-02-23T00:09:56.087+0530: 53.764: Application time: 0.0236680 seconds
2018-02-23T00:09:56.087+0530: 53.764: [GC (Allocation Failure)  36100K->572K(219648K), 0.0003678 secs]
2018-02-23T00:09:56.087+0530: 53.764: Total time for which application threads were stopped: 0.0004923 seconds, Stopping threads took: 0.0000254 seconds
2018-02-23T00:09:56.119+0530: 53.796: Application time: 0.0311760 seconds
2018-02-23T00:09:56.119+0530: 53.796: [GC (Allocation Failure)  44443K->572K(219136K), 0.0002458 secs]
2018-02-23T00:09:56.119+0530: 53.796: Total time for which application threads were stopped: 0.0003583 seconds, Stopping threads took: 0.0000254 seconds
2018-02-23T00:09:56.149+0530: 53.825: Application time: 0.0292662 seconds
2018-02-23T00:09:56.149+0530: 53.825: [GC (Allocation Failure)  42385K->572K(227840K), 0.0005120 secs]
2018-02-23T00:09:56.149+0530: 53.826: Total time for which application threads were stopped: 0.0006682 seconds, Stopping threads took: 0.0000437 seconds
2018-02-23T00:09:56.186+0530: 53.863: Application time: 0.0367498 seconds
2018-02-23T00:09:56.186+0530: 53.863: [GC (Allocation Failure)  50748K->572K(226816K), 0.0003068 secs]
2018-02-23T00:09:56.186+0530: 53.863: Total time for which application threads were stopped: 0.0004136 seconds, Stopping threads took: 0.0000197 seconds
2018-02-23T00:09:56.222+0530: 53.898: Application time: 0.0350770 seconds
2018-02-23T00:09:56.222+0530: 53.898: [GC (Allocation Failure)  50727K->572K(225792K), 0.0002620 secs]
2018-02-23T00:09:56.222+0530: 53.898: Total time for which application threads were stopped: 0.0003879 seconds, Stopping threads took: 0.0000272 seconds
2018-02-23T00:09:56.256+0530: 53.933: Application time: 0.0344278 seconds
2018-02-23T00:09:56.256+0530: 53.933: [GC (Allocation Failure)  50707K->572K(224768K), 0.0002497 secs]
2018-02-23T00:09:56.256+0530: 53.933: Total time for which application threads were stopped: 0.0003551 seconds, Stopping threads took: 0.0000222 seconds
2018-02-23T00:09:56.290+0530: 53.967: Application time: 0.0337561 seconds
2018-02-23T00:09:56.290+0530: 53.967: [GC (Allocation Failure)  48640K->572K(223744K), 0.0004045 secs]
2018-02-23T00:09:56.290+0530: 53.968: Total time for which application threads were stopped: 0.0005162 seconds, Stopping threads took: 0.0000201 seconds
2018-02-23T00:09:56.322+0530: 53.999: Application time: 0.0313001 seconds
2018-02-23T00:09:56.322+0530: 53.999: [GC (Allocation Failure)  48619K->572K(223232K), 0.0003798 secs]
2018-02-23T00:09:56.323+0530: 53.999: Total time for which application threads were stopped: 0.0004905 seconds, Stopping threads took: 0.0000247 seconds
2018-02-23T00:09:56.355+0530: 54.032: Application time: 0.0324341 seconds
2018-02-23T00:09:56.355+0530: 54.032: [GC (Allocation Failure)  46562K->572K(222720K), 0.0003103 secs]
2018-02-23T00:09:56.355+0530: 54.032: Total time for which application threads were stopped: 0.0004376 seconds, Stopping threads took: 0.0000236 seconds
2018-02-23T00:09:56.387+0530: 54.063: Application time: 0.0312282 seconds
2018-02-23T00:09:56.387+0530: 54.063: [GC (Allocation Failure)  46551K->572K(222208K), 0.0003611 secs]
2018-02-23T00:09:56.387+0530: 54.064: Total time for which application threads were stopped: 0.0004662 seconds, Stopping threads took: 0.0000212 seconds
2018-02-23T00:09:56.423+0530: 54.100: Application time: 0.0357547 seconds
2018-02-23T00:09:56.423+0530: 54.100: [GC (Allocation Failure)  46541K->572K(221696K), 0.0004037 secs]
2018-02-23T00:09:56.423+0530: 54.100: Total time for which application threads were stopped: 0.0005399 seconds, Stopping threads took: 0.0000300 seconds
2018-02-23T00:09:56.454+0530: 54.130: Application time: 0.0299023 seconds
2018-02-23T00:09:56.454+0530: 54.130: [GC (Allocation Failure)  46531K->572K(221184K), 0.0002652 secs]
2018-02-23T00:09:56.454+0530: 54.130: Total time for which application threads were stopped: 0.0003836 seconds, Stopping threads took: 0.0000268 seconds
2018-02-23T00:09:56.483+0530: 54.160: Application time: 0.0294069 seconds
2018-02-23T00:09:56.483+0530: 54.160: [GC (Allocation Failure)  44473K->572K(220672K), 0.0002567 secs]
2018-02-23T00:09:56.483+0530: 54.160: Total time for which application threads were stopped: 0.0003643 seconds, Stopping threads took: 0.0000250 seconds
2018-02-23T00:09:56.517+0530: 54.194: Application time: 0.0336454 seconds
2018-02-23T00:09:56.517+0530: 54.194: [GC (Allocation Failure)  44463K->572K(220160K), 0.0003025 secs]
2018-02-23T00:09:56.517+0530: 54.194: Total time for which application threads were stopped: 0.0004468 seconds, Stopping threads took: 0.0000324 seconds
2018-02-23T00:09:56.548+0530: 54.225: Application time: 0.0305018 seconds
2018-02-23T00:09:56.548+0530: 54.225: [GC (Allocation Failure)  44453K->572K(219648K), 0.0003188 secs]
2018-02-23T00:09:56.548+0530: 54.225: Total time for which application threads were stopped: 0.0004298 seconds, Stopping threads took: 0.0000215 seconds
2018-02-23T00:09:56.577+0530: 54.254: Application time: 0.0283155 seconds
2018-02-23T00:09:56.577+0530: 54.254: [GC (Allocation Failure)  44443K->572K(219136K), 0.0002676 secs]
2018-02-23T00:09:56.577+0530: 54.254: Total time for which application threads were stopped: 0.0003808 seconds, Stopping threads took: 0.0000250 seconds
2018-02-23T00:09:56.602+0530: 54.278: Application time: 0.0242682 seconds
2018-02-23T00:09:56.602+0530: 54.278: [GC (Allocation Failure)  42385K->572K(227840K), 0.0008477 secs]
2018-02-23T00:09:56.603+0530: 54.279: Total time for which application threads were stopped: 0.0010212 seconds, Stopping threads took: 0.0000335 seconds
2018-02-23T00:09:56.636+0530: 54.313: Application time: 0.0335480 seconds
2018-02-23T00:09:56.636+0530: 54.313: [GC (Allocation Failure)  50748K->572K(238592K), 0.0002824 secs]
2018-02-23T00:09:56.637+0530: 54.313: Total time for which application threads were stopped: 0.0003960 seconds, Stopping threads took: 0.0000236 seconds
2018-02-23T00:09:56.680+0530: 54.357: Application time: 0.0434376 seconds
2018-02-23T00:09:56.680+0530: 54.357: [GC (Allocation Failure)  63246K->572K(251392K), 0.0004739 secs]
2018-02-23T00:09:56.680+0530: 54.357: Total time for which application threads were stopped: 0.0006040 seconds, Stopping threads took: 0.0000286 seconds
2018-02-23T00:09:56.733+0530: 54.410: Application time: 0.0527357 seconds
2018-02-23T00:09:56.733+0530: 54.410: [GC (Allocation Failure)  75786K->572K(249856K), 0.0002997 secs]
2018-02-23T00:09:56.733+0530: 54.410: Total time for which application threads were stopped: 0.0004387 seconds, Stopping threads took: 0.0000240 seconds
2018-02-23T00:09:56.785+0530: 54.462: Application time: 0.0513563 seconds
2018-02-23T00:09:56.785+0530: 54.462: [GC (Allocation Failure)  73708K->572K(248320K), 0.0002511 secs]
2018-02-23T00:09:56.785+0530: 54.462: Total time for which application threads were stopped: 0.0003787 seconds, Stopping threads took: 0.0000240 seconds
2018-02-23T00:09:56.835+0530: 54.511: Application time: 0.0491143 seconds
2018-02-23T00:09:56.835+0530: 54.511: [GC (Allocation Failure)  71629K->572K(246784K), 0.0002761 secs]
2018-02-23T00:09:56.835+0530: 54.512: Total time for which application threads were stopped: 0.0003911 seconds, Stopping threads took: 0.0000233 seconds
2018-02-23T00:09:56.881+0530: 54.558: Application time: 0.0461055 seconds
2018-02-23T00:09:56.881+0530: 54.558: [GC (Allocation Failure)  71599K->572K(245248K), 0.0004471 secs]
2018-02-23T00:09:56.881+0530: 54.558: Total time for which application threads were stopped: 0.0005776 seconds, Stopping threads took: 0.0000254 seconds
2018-02-23T00:09:56.931+0530: 54.608: Application time: 0.0491288 seconds
2018-02-23T00:09:56.931+0530: 54.608: [GC (Allocation Failure)  69521K->572K(243712K), 0.0003219 secs]
2018-02-23T00:09:56.931+0530: 54.608: Total time for which application threads were stopped: 0.0004231 seconds, Stopping threads took: 0.0000229 seconds
2018-02-23T00:09:56.978+0530: 54.654: Application time: 0.0462021 seconds
2018-02-23T00:09:56.978+0530: 54.654: [GC (Allocation Failure)  67443K->572K(242176K), 0.0003092 secs]
2018-02-23T00:09:56.978+0530: 54.655: Total time for which application threads were stopped: 0.0004454 seconds, Stopping threads took: 0.0000307 seconds
2018-02-23T00:09:57.023+0530: 54.700: Application time: 0.0454485 seconds
2018-02-23T00:09:57.023+0530: 54.700: [GC (Allocation Failure)  65365K->572K(240640K), 0.0003819 secs]
2018-02-23T00:09:57.023+0530: 54.701: Total time for which application threads were stopped: 0.0005162 seconds, Stopping threads took: 0.0000296 seconds
2018-02-23T00:09:57.070+0530: 54.746: Application time: 0.0457923 seconds
2018-02-23T00:09:57.070+0530: 54.746: [GC (Allocation Failure)  65335K->572K(239104K), 0.0003124 secs]
2018-02-23T00:09:57.070+0530: 54.747: Total time for which application threads were stopped: 0.0004076 seconds, Stopping threads took: 0.0000226 seconds
2018-02-23T00:09:57.113+0530: 54.790: Application time: 0.0431431 seconds
2018-02-23T00:09:57.113+0530: 54.790: [GC (Allocation Failure)  63257K->572K(237568K), 0.0002676 secs]
2018-02-23T00:09:57.113+0530: 54.790: Total time for which application threads were stopped: 0.0003734 seconds, Stopping threads took: 0.0000212 seconds
2018-02-23T00:09:57.155+0530: 54.831: Application time: 0.0409040 seconds
2018-02-23T00:09:57.155+0530: 54.831: [GC (Allocation Failure)  61179K->572K(236544K), 0.0002673 secs]
2018-02-23T00:09:57.155+0530: 54.832: Total time for which application threads were stopped: 0.0003819 seconds, Stopping threads took: 0.0000205 seconds
2018-02-23T00:09:57.198+0530: 54.875: Application time: 0.0429746 seconds
2018-02-23T00:09:57.198+0530: 54.875: [GC (Allocation Failure)  61159K->572K(235520K), 0.0002147 secs]
2018-02-23T00:09:57.198+0530: 54.875: Total time for which application threads were stopped: 0.0003223 seconds, Stopping threads took: 0.0000233 seconds
2018-02-23T00:09:57.238+0530: 54.915: Application time: 0.0399516 seconds
2018-02-23T00:09:57.238+0530: 54.915: [GC (Allocation Failure)  59091K->572K(234496K), 0.0002662 secs]
2018-02-23T00:09:57.239+0530: 54.915: Total time for which application threads were stopped: 0.0003819 seconds, Stopping threads took: 0.0000279 seconds
2018-02-23T00:09:57.281+0530: 54.958: Application time: 0.0426396 seconds
2018-02-23T00:09:57.281+0530: 54.958: [GC (Allocation Failure)  59070K->572K(233472K), 0.0002807 secs]
2018-02-23T00:09:57.281+0530: 54.958: Total time for which application threads were stopped: 0.0004030 seconds, Stopping threads took: 0.0000282 seconds
2018-02-23T00:09:57.319+0530: 54.996: Application time: 0.0375383 seconds
2018-02-23T00:09:57.319+0530: 54.996: [GC (Allocation Failure)  57002K->572K(232448K), 0.0003452 secs]
2018-02-23T00:09:57.319+0530: 54.996: Total time for which application threads were stopped: 0.0004482 seconds, Stopping threads took: 0.0000215 seconds
2018-02-23T00:09:57.360+0530: 55.036: Application time: 0.0398828 seconds
2018-02-23T00:09:57.360+0530: 55.036: [GC (Allocation Failure)  56982K->572K(231424K), 0.0003512 secs]
2018-02-23T00:09:57.360+0530: 55.037: Total time for which application threads were stopped: 0.0004803 seconds, Stopping threads took: 0.0000367 seconds
2018-02-23T00:09:57.401+0530: 55.078: Application time: 0.0412256 seconds
2018-02-23T00:09:57.401+0530: 55.078: [GC (Allocation Failure)  54914K->572K(230400K), 0.0003851 secs]
2018-02-23T00:09:57.401+0530: 55.078: Total time for which application threads were stopped: 0.0005166 seconds, Stopping threads took: 0.0000268 seconds
2018-02-23T00:09:57.442+0530: 55.119: Application time: 0.0404745 seconds
2018-02-23T00:09:57.442+0530: 55.119: [GC (Allocation Failure)  54894K->572K(229376K), 0.0002863 secs]
2018-02-23T00:09:57.442+0530: 55.119: Total time for which application threads were stopped: 0.0003858 seconds, Stopping threads took: 0.0000194 seconds
2018-02-23T00:09:57.478+0530: 55.155: Application time: 0.0355365 seconds
2018-02-23T00:09:57.478+0530: 55.155: [GC (Allocation Failure)  52826K->572K(228352K), 0.0002504 secs]
2018-02-23T00:09:57.478+0530: 55.155: Total time for which application threads were stopped: 0.0003526 seconds, Stopping threads took: 0.0000240 seconds
2018-02-23T00:09:57.520+0530: 55.196: Application time: 0.0409375 seconds
2018-02-23T00:09:57.520+0530: 55.196: [GC (Allocation Failure)  52806K->572K(227328K), 0.0002757 secs]
2018-02-23T00:09:57.520+0530: 55.197: Total time for which application threads were stopped: 0.0003974 seconds, Stopping threads took: 0.0000247 seconds
2018-02-23T00:09:57.557+0530: 55.234: Application time: 0.0374755 seconds
2018-02-23T00:09:57.557+0530: 55.234: [GC (Allocation Failure)  50738K->572K(226304K), 0.0003117 secs]
2018-02-23T00:09:57.557+0530: 55.234: Total time for which application threads were stopped: 0.0004422 seconds, Stopping threads took: 0.0000243 seconds
2018-02-23T00:09:57.594+0530: 55.270: Application time: 0.0356838 seconds
2018-02-23T00:09:57.594+0530: 55.270: [GC (Allocation Failure)  50718K->572K(225280K), 0.0003262 secs]
2018-02-23T00:09:57.594+0530: 55.271: Total time for which application threads were stopped: 0.0004880 seconds, Stopping threads took: 0.0000614 seconds
2018-02-23T00:09:57.629+0530: 55.305: Application time: 0.0346140 seconds
2018-02-23T00:09:57.629+0530: 55.305: [GC (Allocation Failure)  48650K->572K(224256K), 0.0002877 secs]
2018-02-23T00:09:57.629+0530: 55.306: Total time for which application threads were stopped: 0.0004203 seconds, Stopping threads took: 0.0000310 seconds
2018-02-23T00:09:57.659+0530: 55.336: Application time: 0.0302539 seconds
2018-02-23T00:09:57.659+0530: 55.336: [GC (Allocation Failure)  48629K->572K(223232K), 0.0002810 secs]
2018-02-23T00:09:57.660+0530: 55.336: Total time for which application threads were stopped: 0.0003766 seconds, Stopping threads took: 0.0000201 seconds
2018-02-23T00:09:57.693+0530: 55.370: Application time: 0.0334680 seconds
2018-02-23T00:09:57.693+0530: 55.370: [GC (Allocation Failure)  46561K->572K(222720K), 0.0003025 secs]
2018-02-23T00:09:57.693+0530: 55.370: Total time for which application threads were stopped: 0.0004298 seconds, Stopping threads took: 0.0000205 seconds
2018-02-23T00:09:57.723+0530: 55.400: Application time: 0.0295374 seconds
2018-02-23T00:09:57.723+0530: 55.400: [GC (Allocation Failure)  46551K->572K(222208K), 0.0002698 secs]
2018-02-23T00:09:57.723+0530: 55.400: Total time for which application threads were stopped: 0.0003861 seconds, Stopping threads took: 0.0000254 seconds
2018-02-23T00:09:57.753+0530: 55.429: Application time: 0.0293392 seconds
2018-02-23T00:09:57.753+0530: 55.430: [GC (Allocation Failure)  46541K->572K(221696K), 0.0003953 secs]
2018-02-23T00:09:57.753+0530: 55.430: Total time for which application threads were stopped: 0.0005233 seconds, Stopping threads took: 0.0000257 seconds
2018-02-23T00:09:57.783+0530: 55.460: Application time: 0.0295155 seconds
2018-02-23T00:09:57.783+0530: 55.460: [GC (Allocation Failure)  46531K->572K(221184K), 0.0002683 secs]
2018-02-23T00:09:57.783+0530: 55.460: Total time for which application threads were stopped: 0.0003808 seconds, Stopping threads took: 0.0000243 seconds
2018-02-23T00:09:57.819+0530: 55.495: Application time: 0.0351796 seconds
2018-02-23T00:09:57.819+0530: 55.495: [GC (Allocation Failure)  44473K->572K(220672K), 0.0003255 secs]
2018-02-23T00:09:57.819+0530: 55.496: Total time for which application threads were stopped: 0.0004376 seconds, Stopping threads took: 0.0000247 seconds
2018-02-23T00:09:57.852+0530: 55.528: Application time: 0.0325290 seconds
2018-02-23T00:09:57.852+0530: 55.528: [GC (Allocation Failure)  44463K->572K(220160K), 0.0003191 secs]
2018-02-23T00:09:57.852+0530: 55.528: Total time for which application threads were stopped: 0.0004175 seconds, Stopping threads took: 0.0000201 seconds
2018-02-23T00:09:57.885+0530: 55.562: Application time: 0.0334271 seconds
2018-02-23T00:09:57.885+0530: 55.562: [GC (Allocation Failure)  44453K->572K(219648K), 0.0002888 secs]
2018-02-23T00:09:57.885+0530: 55.562: Total time for which application threads were stopped: 0.0003942 seconds, Stopping threads took: 0.0000222 seconds
2018-02-23T00:09:57.916+0530: 55.592: Application time: 0.0301858 seconds
2018-02-23T00:09:57.916+0530: 55.593: [GC (Allocation Failure)  44443K->572K(219136K), 0.0002638 secs]
2018-02-23T00:09:57.916+0530: 55.593: Total time for which application threads were stopped: 0.0003784 seconds, Stopping threads took: 0.0000250 seconds
2018-02-23T00:09:57.949+0530: 55.625: Application time: 0.0321972 seconds
2018-02-23T00:09:57.949+0530: 55.625: [GC (Allocation Failure)  42385K->572K(218624K), 0.0002461 secs]
2018-02-23T00:09:57.949+0530: 55.625: Total time for which application threads were stopped: 0.0003713 seconds, Stopping threads took: 0.0000261 seconds
2018-02-23T00:09:57.976+0530: 55.653: Application time: 0.0275384 seconds
2018-02-23T00:09:57.976+0530: 55.653: [GC (Allocation Failure)  42375K->572K(218112K), 0.0003272 secs]
2018-02-23T00:09:57.976+0530: 55.653: Total time for which application threads were stopped: 0.0004482 seconds, Stopping threads took: 0.0000226 seconds
2018-02-23T00:09:58.010+0530: 55.686: Application time: 0.0330096 seconds
2018-02-23T00:09:58.010+0530: 55.687: [GC (Allocation Failure)  42365K->572K(217600K), 0.0005399 secs]
2018-02-23T00:09:58.010+0530: 55.687: Total time for which application threads were stopped: 0.0007550 seconds, Stopping threads took: 0.0000476 seconds
2018-02-23T00:09:58.042+0530: 55.718: Application time: 0.0310794 seconds
2018-02-23T00:09:58.042+0530: 55.718: [GC (Allocation Failure)  42355K->572K(217088K), 0.0003152 secs]
2018-02-23T00:09:58.042+0530: 55.719: Total time for which application threads were stopped: 0.0004686 seconds, Stopping threads took: 0.0000296 seconds
2018-02-23T00:09:58.070+0530: 55.746: Application time: 0.0273793 seconds
2018-02-23T00:09:58.070+0530: 55.746: [GC (Allocation Failure)  40297K->572K(216576K), 0.0003547 secs]
2018-02-23T00:09:58.070+0530: 55.747: Total time for which application threads were stopped: 0.0004732 seconds, Stopping threads took: 0.0000261 seconds
2018-02-23T00:09:58.099+0530: 55.776: Application time: 0.0294231 seconds
2018-02-23T00:09:58.099+0530: 55.776: [GC (Allocation Failure)  40287K->572K(216064K), 0.0003117 secs]
2018-02-23T00:09:58.099+0530: 55.776: Total time for which application threads were stopped: 0.0004503 seconds, Stopping threads took: 0.0000275 seconds
2018-02-23T00:09:58.129+0530: 55.805: Application time: 0.0287609 seconds
2018-02-23T00:09:58.129+0530: 55.805: [GC (Allocation Failure)  40277K->572K(215552K), 0.0002902 secs]
2018-02-23T00:09:58.129+0530: 55.806: Total time for which application threads were stopped: 0.0004358 seconds, Stopping threads took: 0.0000353 seconds
2018-02-23T00:09:58.157+0530: 55.834: Application time: 0.0278437 seconds
2018-02-23T00:09:58.157+0530: 55.834: [GC (Allocation Failure)  40267K->572K(215040K), 0.0003036 secs]
2018-02-23T00:09:58.157+0530: 55.834: Total time for which application threads were stopped: 0.0004358 seconds, Stopping threads took: 0.0000208 seconds
2018-02-23T00:09:58.185+0530: 55.862: Application time: 0.0275733 seconds
2018-02-23T00:09:58.185+0530: 55.862: [GC (Allocation Failure)  38209K->572K(214528K), 0.0003480 secs]
2018-02-23T00:09:58.185+0530: 55.862: Total time for which application threads were stopped: 0.0004873 seconds, Stopping threads took: 0.0000377 seconds
2018-02-23T00:09:58.210+0530: 55.886: Application time: 0.0239879 seconds
2018-02-23T00:09:58.210+0530: 55.886: [GC (Allocation Failure)  38199K->572K(222720K), 0.0004736 secs]
2018-02-23T00:09:58.210+0530: 55.887: Total time for which application threads were stopped: 0.0006485 seconds, Stopping threads took: 0.0000314 seconds
2018-02-23T00:09:58.243+0530: 55.919: Application time: 0.0325847 seconds
2018-02-23T00:09:58.243+0530: 55.919: [GC (Allocation Failure)  46551K->572K(232448K), 0.0005677 secs]
2018-02-23T00:09:58.243+0530: 55.920: Total time for which application threads were stopped: 0.0007765 seconds, Stopping threads took: 0.0000374 seconds
2018-02-23T00:09:58.284+0530: 55.960: Application time: 0.0401564 seconds
2018-02-23T00:09:58.284+0530: 55.960: [GC (Allocation Failure)  56982K->572K(244224K), 0.0003731 secs]
2018-02-23T00:09:58.284+0530: 55.961: Total time for which application threads were stopped: 0.0005046 seconds, Stopping threads took: 0.0000314 seconds
2018-02-23T00:09:58.335+0530: 56.011: Application time: 0.0505375 seconds
2018-02-23T00:09:58.335+0530: 56.011: [GC (Allocation Failure)  67453K->572K(242688K), 0.0002736 secs]
2018-02-23T00:09:58.335+0530: 56.012: Total time for which application threads were stopped: 0.0003847 seconds, Stopping threads took: 0.0000254 seconds
2018-02-23T00:09:58.380+0530: 56.056: Application time: 0.0447726 seconds
2018-02-23T00:09:58.380+0530: 56.056: [GC (Allocation Failure)  67423K->572K(241152K), 0.0002419 secs]
2018-02-23T00:09:58.380+0530: 56.057: Total time for which application threads were stopped: 0.0003417 seconds, Stopping threads took: 0.0000201 seconds
2018-02-23T00:09:58.428+0530: 56.104: Application time: 0.0474849 seconds
2018-02-23T00:09:58.428+0530: 56.104: [GC (Allocation Failure)  65345K->572K(239616K), 0.0002980 secs]
2018-02-23T00:09:58.428+0530: 56.105: Total time for which application threads were stopped: 0.0004179 seconds, Stopping threads took: 0.0000236 seconds
2018-02-23T00:09:58.468+0530: 56.145: Application time: 0.0398483 seconds
2018-02-23T00:09:58.468+0530: 56.145: [GC (Allocation Failure)  63267K->572K(238080K), 0.0002264 secs]
2018-02-23T00:09:58.468+0530: 56.145: Total time for which application threads were stopped: 0.0003442 seconds, Stopping threads took: 0.0000250 seconds
2018-02-23T00:09:58.508+0530: 56.185: Application time: 0.0396871 seconds
2018-02-23T00:09:58.508+0530: 56.185: [GC (Allocation Failure)  61189K->572K(237056K), 0.0003727 secs]
2018-02-23T00:09:58.508+0530: 56.185: Total time for which application threads were stopped: 0.0005568 seconds, Stopping threads took: 0.0000247 seconds
2018-02-23T00:09:58.554+0530: 56.230: Application time: 0.0450444 seconds
2018-02-23T00:09:58.554+0530: 56.230: [GC (Allocation Failure)  61168K->572K(236032K), 0.0002810 secs]
2018-02-23T00:09:58.554+0530: 56.231: Total time for which application threads were stopped: 0.0004030 seconds, Stopping threads took: 0.0000250 seconds
2018-02-23T00:09:58.594+0530: 56.271: Application time: 0.0399329 seconds
2018-02-23T00:09:58.594+0530: 56.271: [GC (Allocation Failure)  59100K->572K(235008K), 0.0006248 secs]
2018-02-23T00:09:58.594+0530: 56.271: Total time for which application threads were stopped: 0.0007592 seconds, Stopping threads took: 0.0000331 seconds
2018-02-23T00:09:58.637+0530: 56.313: Application time: 0.0417862 seconds
2018-02-23T00:09:58.637+0530: 56.313: [GC (Allocation Failure)  59080K->572K(233984K), 0.0003406 secs]
2018-02-23T00:09:58.637+0530: 56.314: Total time for which application threads were stopped: 0.0004591 seconds, Stopping threads took: 0.0000268 seconds
2018-02-23T00:09:58.672+0530: 56.348: Application time: 0.0347399 seconds
2018-02-23T00:09:58.672+0530: 56.348: [GC (Allocation Failure)  57012K->572K(232960K), 0.0003110 secs]
2018-02-23T00:09:58.672+0530: 56.349: Total time for which application threads were stopped: 0.0004369 seconds, Stopping threads took: 0.0000264 seconds
2018-02-23T00:09:58.711+0530: 56.388: Application time: 0.0388200 seconds
2018-02-23T00:09:58.711+0530: 56.388: [GC (Allocation Failure)  56992K->572K(231936K), 0.0003265 secs]
2018-02-23T00:09:58.711+0530: 56.388: Total time for which application threads were stopped: 0.0004404 seconds, Stopping threads took: 0.0000233 seconds
2018-02-23T00:09:58.753+0530: 56.430: Application time: 0.0417563 seconds
2018-02-23T00:09:58.753+0530: 56.430: [GC (Allocation Failure)  54924K->572K(230912K), 0.0002645 secs]
2018-02-23T00:09:58.753+0530: 56.430: Total time for which application threads were stopped: 0.0003914 seconds, Stopping threads took: 0.0000229 seconds
2018-02-23T00:09:58.801+0530: 56.478: Application time: 0.0473643 seconds
2018-02-23T00:09:58.801+0530: 56.478: [GC (Allocation Failure)  54904K->572K(229888K), 0.0002747 secs]
2018-02-23T00:09:58.801+0530: 56.478: Total time for which application threads were stopped: 0.0003956 seconds, Stopping threads took: 0.0000268 seconds
2018-02-23T00:09:58.838+0530: 56.514: Application time: 0.0363397 seconds
2018-02-23T00:09:58.838+0530: 56.514: [GC (Allocation Failure)  52836K->572K(228864K), 0.0004334 secs]
2018-02-23T00:09:58.838+0530: 56.515: Total time for which application threads were stopped: 0.0006400 seconds, Stopping threads took: 0.0000726 seconds
2018-02-23T00:09:58.875+0530: 56.551: Application time: 0.0365929 seconds
2018-02-23T00:09:58.875+0530: 56.552: [GC (Allocation Failure)  52816K->572K(227840K), 0.0004774 secs]
2018-02-23T00:09:58.875+0530: 56.552: Total time for which application threads were stopped: 0.0006463 seconds, Stopping threads took: 0.0000310 seconds
2018-02-23T00:09:58.908+0530: 56.585: Application time: 0.0325582 seconds
2018-02-23T00:09:58.908+0530: 56.585: [GC (Allocation Failure)  50748K->572K(226816K), 0.0003262 secs]
2018-02-23T00:09:58.908+0530: 56.585: Total time for which application threads were stopped: 0.0004605 seconds, Stopping threads took: 0.0000286 seconds
2018-02-23T00:09:58.946+0530: 56.622: Application time: 0.0369141 seconds
2018-02-23T00:09:58.946+0530: 56.622: [GC (Allocation Failure)  50727K->572K(225792K), 0.0002973 secs]
2018-02-23T00:09:58.946+0530: 56.623: Total time for which application threads were stopped: 0.0004203 seconds, Stopping threads took: 0.0000236 seconds
2018-02-23T00:09:58.976+0530: 56.653: Application time: 0.0303509 seconds
2018-02-23T00:09:58.976+0530: 56.653: [GC (Allocation Failure)  50707K->572K(224768K), 0.0004774 secs]
2018-02-23T00:09:58.976+0530: 56.653: Total time for which application threads were stopped: 0.0006033 seconds, Stopping threads took: 0.0000243 seconds
2018-02-23T00:09:59.008+0530: 56.685: Application time: 0.0315159 seconds
2018-02-23T00:09:59.008+0530: 56.685: [GC (Allocation Failure)  48640K->572K(235008K), 0.0006273 secs]
2018-02-23T00:09:59.008+0530: 56.686: Total time for which application threads were stopped: 0.0008230 seconds, Stopping threads took: 0.0000374 seconds
2018-02-23T00:09:59.051+0530: 56.728: Application time: 0.0421442 seconds
2018-02-23T00:09:59.051+0530: 56.728: [GC (Allocation Failure)  59080K->572K(233984K), 0.0002726 secs]
2018-02-23T00:09:59.052+0530: 56.728: Total time for which application threads were stopped: 0.0004316 seconds, Stopping threads took: 0.0000233 seconds
2018-02-23T00:09:59.089+0530: 56.766: Application time: 0.0373348 seconds
2018-02-23T00:09:59.089+0530: 56.766: [GC (Allocation Failure)  57012K->572K(232960K), 0.0005028 secs]
2018-02-23T00:09:59.089+0530: 56.766: Total time for which application threads were stopped: 0.0006322 seconds, Stopping threads took: 0.0000254 seconds
2018-02-23T00:09:59.129+0530: 56.806: Application time: 0.0392918 seconds
2018-02-23T00:09:59.129+0530: 56.806: [GC (Allocation Failure)  56992K->572K(231936K), 0.0003371 secs]
2018-02-23T00:09:59.129+0530: 56.806: Total time for which application threads were stopped: 0.0005219 seconds, Stopping threads took: 0.0000599 seconds
2018-02-23T00:09:59.166+0530: 56.842: Application time: 0.0359240 seconds
2018-02-23T00:09:59.166+0530: 56.842: [GC (Allocation Failure)  54924K->572K(230912K), 0.0003967 secs]
2018-02-23T00:09:59.166+0530: 56.843: Total time for which application threads were stopped: 0.0005293 seconds, Stopping threads took: 0.0000226 seconds
2018-02-23T00:09:59.203+0530: 56.879: Application time: 0.0365523 seconds
2018-02-23T00:09:59.203+0530: 56.879: [GC (Allocation Failure)  54904K->572K(229888K), 0.0002817 secs]
2018-02-23T00:09:59.203+0530: 56.880: Total time for which application threads were stopped: 0.0003861 seconds, Stopping threads took: 0.0000219 seconds
2018-02-23T00:09:59.240+0530: 56.916: Application time: 0.0365957 seconds
2018-02-23T00:09:59.240+0530: 56.916: [GC (Allocation Failure)  52836K->572K(228864K), 0.0002814 secs]
2018-02-23T00:09:59.240+0530: 56.917: Total time for which application threads were stopped: 0.0003970 seconds, Stopping threads took: 0.0000233 seconds
2018-02-23T00:09:59.279+0530: 56.955: Application time: 0.0386504 seconds
2018-02-23T00:09:59.279+0530: 56.955: [GC (Allocation Failure)  52816K->572K(227840K), 0.0002553 secs]
2018-02-23T00:09:59.279+0530: 56.956: Total time for which application threads were stopped: 0.0003713 seconds, Stopping threads took: 0.0000219 seconds
2018-02-23T00:09:59.315+0530: 56.991: Application time: 0.0357498 seconds
2018-02-23T00:09:59.315+0530: 56.991: [GC (Allocation Failure)  50748K->572K(226816K), 0.0003371 secs]
2018-02-23T00:09:59.315+0530: 56.992: Total time for which application threads were stopped: 0.0004605 seconds, Stopping threads took: 0.0000247 seconds
2018-02-23T00:09:59.348+0530: 57.024: Application time: 0.0323544 seconds
2018-02-23T00:09:59.348+0530: 57.024: [GC (Allocation Failure)  50727K->572K(225792K), 0.0003234 secs]
2018-02-23T00:09:59.348+0530: 57.025: Total time for which application threads were stopped: 0.0004538 seconds, Stopping threads took: 0.0000257 seconds
2018-02-23T00:09:59.383+0530: 57.060: Application time: 0.0353453 seconds
2018-02-23T00:09:59.383+0530: 57.060: [GC (Allocation Failure)  50707K->572K(224768K), 0.0002941 secs]
2018-02-23T00:09:59.383+0530: 57.060: Total time for which application threads were stopped: 0.0003868 seconds, Stopping threads took: 0.0000194 seconds
2018-02-23T00:09:59.416+0530: 57.093: Application time: 0.0325988 seconds
2018-02-23T00:09:59.416+0530: 57.093: [GC (Allocation Failure)  48640K->572K(223744K), 0.0002835 secs]
2018-02-23T00:09:59.417+0530: 57.093: Total time for which application threads were stopped: 0.0003970 seconds, Stopping threads took: 0.0000254 seconds
2018-02-23T00:09:59.450+0530: 57.127: Application time: 0.0335431 seconds
2018-02-23T00:09:59.450+0530: 57.127: [GC (Allocation Failure)  48619K->572K(223232K), 0.0003226 secs]
2018-02-23T00:09:59.451+0530: 57.127: Total time for which application threads were stopped: 0.0004848 seconds, Stopping threads took: 0.0000289 seconds
2018-02-23T00:09:59.482+0530: 57.159: Application time: 0.0312483 seconds
2018-02-23T00:09:59.482+0530: 57.159: [GC (Allocation Failure)  46562K->572K(222720K), 0.0003819 secs]
2018-02-23T00:09:59.482+0530: 57.159: Total time for which application threads were stopped: 0.0004891 seconds, Stopping threads took: 0.0000229 seconds
2018-02-23T00:09:59.513+0530: 57.190: Application time: 0.0303449 seconds
2018-02-23T00:09:59.513+0530: 57.190: [GC (Allocation Failure)  46551K->572K(222208K), 0.0003029 secs]
2018-02-23T00:09:59.513+0530: 57.190: Total time for which application threads were stopped: 0.0004238 seconds, Stopping threads took: 0.0000254 seconds
2018-02-23T00:09:59.543+0530: 57.220: Application time: 0.0296072 seconds
2018-02-23T00:09:59.543+0530: 57.220: [GC (Allocation Failure)  46541K->572K(221696K), 0.0003262 secs]
2018-02-23T00:09:59.543+0530: 57.220: Total time for which application threads were stopped: 0.0004595 seconds, Stopping threads took: 0.0000272 seconds
2018-02-23T00:09:59.575+0530: 57.251: Application time: 0.0312892 seconds
2018-02-23T00:09:59.575+0530: 57.251: [GC (Allocation Failure)  46531K->572K(221184K), 0.0002553 secs]
2018-02-23T00:09:59.575+0530: 57.252: Total time for which application threads were stopped: 0.0003833 seconds, Stopping threads took: 0.0000282 seconds
2018-02-23T00:09:59.607+0530: 57.283: Application time: 0.0315829 seconds
2018-02-23T00:09:59.607+0530: 57.283: [GC (Allocation Failure)  44473K->572K(220672K), 0.0003343 secs]
2018-02-23T00:09:59.607+0530: 57.284: Total time for which application threads were stopped: 0.0005042 seconds, Stopping threads took: 0.0000617 seconds
2018-02-23T00:09:59.639+0530: 57.316: Application time: 0.0318685 seconds
2018-02-23T00:09:59.639+0530: 57.316: [GC (Allocation Failure)  44463K->572K(220160K), 0.0003537 secs]
2018-02-23T00:09:59.639+0530: 57.316: Total time for which application threads were stopped: 0.0004679 seconds, Stopping threads took: 0.0000275 seconds
2018-02-23T00:09:59.668+0530: 57.344: Application time: 0.0283032 seconds
2018-02-23T00:09:59.668+0530: 57.345: [GC (Allocation Failure)  44453K->572K(219648K), 0.0003403 secs]
2018-02-23T00:09:59.668+0530: 57.345: Total time for which application threads were stopped: 0.0005138 seconds, Stopping threads took: 0.0000247 seconds
2018-02-23T00:09:59.700+0530: 57.376: Application time: 0.0314133 seconds
2018-02-23T00:09:59.700+0530: 57.376: [GC (Allocation Failure)  44443K->572K(219136K), 0.0002867 secs]
2018-02-23T00:09:59.700+0530: 57.377: Total time for which application threads were stopped: 0.0003967 seconds, Stopping threads took: 0.0000201 seconds
2018-02-23T00:09:59.732+0530: 57.409: Application time: 0.0320914 seconds
2018-02-23T00:09:59.732+0530: 57.409: [GC (Allocation Failure)  42385K->572K(218624K), 0.0002786 secs]
2018-02-23T00:09:59.732+0530: 57.409: Total time for which application threads were stopped: 0.0003914 seconds, Stopping threads took: 0.0000240 seconds
2018-02-23T00:09:59.764+0530: 57.441: Application time: 0.0312779 seconds
2018-02-23T00:09:59.764+0530: 57.441: [GC (Allocation Failure)  42375K->572K(218112K), 0.0003226 secs]
2018-02-23T00:09:59.764+0530: 57.441: Total time for which application threads were stopped: 0.0004482 seconds, Stopping threads took: 0.0000236 seconds
2018-02-23T00:09:59.793+0530: 57.470: Application time: 0.0287983 seconds
2018-02-23T00:09:59.793+0530: 57.470: [GC (Allocation Failure)  42365K->572K(217600K), 0.0002549 secs]
2018-02-23T00:09:59.793+0530: 57.470: Total time for which application threads were stopped: 0.0003745 seconds, Stopping threads took: 0.0000289 seconds
2018-02-23T00:09:59.826+0530: 57.503: Application time: 0.0325999 seconds
2018-02-23T00:09:59.826+0530: 57.503: [GC (Allocation Failure)  42355K->572K(217088K), 0.0004009 secs]
2018-02-23T00:09:59.826+0530: 57.503: Total time for which application threads were stopped: 0.0005078 seconds, Stopping threads took: 0.0000226 seconds
2018-02-23T00:09:59.855+0530: 57.531: Application time: 0.0281378 seconds
2018-02-23T00:09:59.855+0530: 57.531: [GC (Allocation Failure)  40297K->572K(216576K), 0.0003406 secs]
2018-02-23T00:09:59.855+0530: 57.532: Total time for which application threads were stopped: 0.0004626 seconds, Stopping threads took: 0.0000219 seconds
2018-02-23T00:09:59.884+0530: 57.560: Application time: 0.0284460 seconds
2018-02-23T00:09:59.884+0530: 57.560: [GC (Allocation Failure)  40287K->572K(216064K), 0.0003117 secs]
2018-02-23T00:09:59.884+0530: 57.561: Total time for which application threads were stopped: 0.0004362 seconds, Stopping threads took: 0.0000268 seconds
2018-02-23T00:09:59.912+0530: 57.588: Application time: 0.0273522 seconds
2018-02-23T00:09:59.912+0530: 57.588: [GC (Allocation Failure)  40277K->572K(224256K), 0.0009972 secs]
2018-02-23T00:09:59.912+0530: 57.589: Total time for which application threads were stopped: 0.0011538 seconds, Stopping threads took: 0.0000282 seconds
2018-02-23T00:09:59.946+0530: 57.622: Application time: 0.0332011 seconds
2018-02-23T00:09:59.946+0530: 57.623: [GC (Allocation Failure)  48629K->572K(233984K), 0.0003047 secs]
2018-02-23T00:09:59.946+0530: 57.623: Total time for which application threads were stopped: 0.0004267 seconds, Stopping threads took: 0.0000243 seconds
2018-02-23T00:09:59.990+0530: 57.666: Application time: 0.0432478 seconds
2018-02-23T00:09:59.990+0530: 57.666: [GC (Allocation Failure)  57012K->572K(245760K), 0.0002366 secs]
2018-02-23T00:09:59.990+0530: 57.667: Total time for which application threads were stopped: 0.0003505 seconds, Stopping threads took: 0.0000197 seconds
2018-02-23T00:10:00.037+0530: 57.714: Application time: 0.0473513 seconds
2018-02-23T00:10:00.037+0530: 57.714: [GC (Allocation Failure)  69531K->572K(244224K), 0.0003025 secs]
2018-02-23T00:10:00.037+0530: 57.714: Total time for which application threads were stopped: 0.0004119 seconds, Stopping threads took: 0.0000222 seconds
2018-02-23T00:10:00.084+0530: 57.760: Application time: 0.0458805 seconds
2018-02-23T00:10:00.084+0530: 57.760: [GC (Allocation Failure)  67453K->572K(242688K), 0.0003114 secs]
2018-02-23T00:10:00.084+0530: 57.761: Total time for which application threads were stopped: 0.0004076 seconds, Stopping threads took: 0.0000208 seconds
2018-02-23T00:10:00.132+0530: 57.809: Application time: 0.0480410 seconds
2018-02-23T00:10:00.132+0530: 57.809: [GC (Allocation Failure)  67423K->572K(241152K), 0.0002666 secs]
2018-02-23T00:10:00.132+0530: 57.809: Total time for which application threads were stopped: 0.0007038 seconds, Stopping threads took: 0.0003399 seconds
2018-02-23T00:10:00.175+0530: 57.852: Application time: 0.0421918 seconds
2018-02-23T00:10:00.175+0530: 57.852: [GC (Allocation Failure)  65345K->572K(239616K), 0.0003953 secs]
2018-02-23T00:10:00.175+0530: 57.852: Total time for which application threads were stopped: 0.0005085 seconds, Stopping threads took: 0.0000229 seconds
2018-02-23T00:10:00.223+0530: 57.900: Application time: 0.0479285 seconds
2018-02-23T00:10:00.223+0530: 57.900: [GC (Allocation Failure)  63267K->572K(238080K), 0.0003801 secs]
2018-02-23T00:10:00.224+0530: 57.901: Total time for which application threads were stopped: 0.0005392 seconds, Stopping threads took: 0.0000367 seconds
2018-02-23T00:10:00.266+0530: 57.942: Application time: 0.0417062 seconds
2018-02-23T00:10:00.266+0530: 57.942: [GC (Allocation Failure)  61189K->572K(237056K), 0.0002863 secs]
2018-02-23T00:10:00.266+0530: 57.943: Total time for which application threads were stopped: 0.0004030 seconds, Stopping threads took: 0.0000240 seconds
2018-02-23T00:10:00.310+0530: 57.986: Application time: 0.0436135 seconds
2018-02-23T00:10:00.310+0530: 57.986: [GC (Allocation Failure)  61168K->572K(236032K), 0.0002775 secs]
2018-02-23T00:10:00.310+0530: 57.987: Total time for which application threads were stopped: 0.0004376 seconds, Stopping threads took: 0.0000635 seconds
2018-02-23T00:10:00.349+0530: 58.026: Application time: 0.0388200 seconds
2018-02-23T00:10:00.349+0530: 58.026: [GC (Allocation Failure)  59100K->572K(235008K), 0.0003826 secs]
2018-02-23T00:10:00.349+0530: 58.026: Total time for which application threads were stopped: 0.0004982 seconds, Stopping threads took: 0.0000247 seconds
2018-02-23T00:10:00.391+0530: 58.067: Application time: 0.0414287 seconds
2018-02-23T00:10:00.391+0530: 58.068: [GC (Allocation Failure)  59080K->572K(233984K), 0.0004503 secs]
2018-02-23T00:10:00.391+0530: 58.068: Total time for which application threads were stopped: 0.0005688 seconds, Stopping threads took: 0.0000222 seconds
2018-02-23T00:10:00.430+0530: 58.107: Application time: 0.0387224 seconds
2018-02-23T00:10:00.430+0530: 58.107: [GC (Allocation Failure)  57012K->572K(232960K), 0.0003777 secs]
2018-02-23T00:10:00.430+0530: 58.107: Total time for which application threads were stopped: 0.0004859 seconds, Stopping threads took: 0.0000197 seconds
2018-02-23T00:10:00.472+0530: 58.149: Application time: 0.0414710 seconds
2018-02-23T00:10:00.472+0530: 58.149: [GC (Allocation Failure)  56992K->572K(231936K), 0.0002754 secs]
2018-02-23T00:10:00.472+0530: 58.149: Total time for which application threads were stopped: 0.0003868 seconds, Stopping threads took: 0.0000243 seconds
2018-02-23T00:10:00.511+0530: 58.188: Application time: 0.0385746 seconds
2018-02-23T00:10:00.511+0530: 58.188: [GC (Allocation Failure)  54924K->572K(230912K), 0.0003463 secs]
2018-02-23T00:10:00.511+0530: 58.188: Total time for which application threads were stopped: 0.0004697 seconds, Stopping threads took: 0.0000303 seconds
2018-02-23T00:10:00.545+0530: 58.222: Application time: 0.0336404 seconds
2018-02-23T00:10:00.545+0530: 58.222: [GC (Allocation Failure)  54904K->572K(229888K), 0.0003364 secs]
2018-02-23T00:10:00.546+0530: 58.222: Total time for which application threads were stopped: 0.0004499 seconds, Stopping threads took: 0.0000229 seconds
2018-02-23T00:10:00.583+0530: 58.260: Application time: 0.0376335 seconds
2018-02-23T00:10:00.583+0530: 58.260: [GC (Allocation Failure)  52836K->572K(228864K), 0.0002980 secs]
2018-02-23T00:10:00.583+0530: 58.260: Total time for which application threads were stopped: 0.0004027 seconds, Stopping threads took: 0.0000201 seconds
2018-02-23T00:10:00.621+0530: 58.297: Application time: 0.0367329 seconds
2018-02-23T00:10:00.621+0530: 58.297: [GC (Allocation Failure)  52816K->572K(227840K), 0.0002856 secs]
2018-02-23T00:10:00.621+0530: 58.297: Total time for which application threads were stopped: 0.0004334 seconds, Stopping threads took: 0.0000603 seconds
2018-02-23T00:10:00.656+0530: 58.332: Application time: 0.0350075 seconds
2018-02-23T00:10:00.656+0530: 58.333: [GC (Allocation Failure)  50748K->572K(226816K), 0.0003604 secs]
2018-02-23T00:10:00.656+0530: 58.333: Total time for which application threads were stopped: 0.0005053 seconds, Stopping threads took: 0.0000331 seconds
2018-02-23T00:10:00.690+0530: 58.367: Application time: 0.0338160 seconds
2018-02-23T00:10:00.690+0530: 58.367: [GC (Allocation Failure)  50727K->572K(225792K), 0.0005011 secs]
2018-02-23T00:10:00.690+0530: 58.367: Total time for which application threads were stopped: 0.0006178 seconds, Stopping threads took: 0.0000208 seconds
2018-02-23T00:10:00.728+0530: 58.405: Application time: 0.0372139 seconds
2018-02-23T00:10:00.728+0530: 58.405: [GC (Allocation Failure)  50707K->572K(224768K), 0.0002285 secs]
2018-02-23T00:10:00.728+0530: 58.405: Total time for which application threads were stopped: 0.0003297 seconds, Stopping threads took: 0.0000233 seconds
2018-02-23T00:10:00.762+0530: 58.438: Application time: 0.0332822 seconds
2018-02-23T00:10:00.762+0530: 58.438: [GC (Allocation Failure)  48640K->572K(223744K), 0.0003854 secs]
2018-02-23T00:10:00.762+0530: 58.439: Total time for which application threads were stopped: 0.0005088 seconds, Stopping threads took: 0.0000222 seconds
2018-02-23T00:10:00.795+0530: 58.471: Application time: 0.0325568 seconds
2018-02-23T00:10:00.795+0530: 58.471: [GC (Allocation Failure)  48619K->572K(223232K), 0.0002906 secs]
2018-02-23T00:10:00.795+0530: 58.472: Total time for which application threads were stopped: 0.0004062 seconds, Stopping threads took: 0.0000205 seconds
2018-02-23T00:10:00.824+0530: 58.500: Application time: 0.0285916 seconds
2018-02-23T00:10:00.824+0530: 58.500: [GC (Allocation Failure)  46562K->572K(222720K), 0.0002130 secs]
2018-02-23T00:10:00.824+0530: 58.501: Total time for which application threads were stopped: 0.0003174 seconds, Stopping threads took: 0.0000205 seconds
2018-02-23T00:10:00.856+0530: 58.532: Application time: 0.0313692 seconds
2018-02-23T00:10:00.856+0530: 58.532: [GC (Allocation Failure)  46551K->572K(222208K), 0.0002373 secs]
2018-02-23T00:10:00.856+0530: 58.532: Total time for which application threads were stopped: 0.0003417 seconds, Stopping threads took: 0.0000208 seconds
2018-02-23T00:10:00.887+0530: 58.563: Application time: 0.0308216 seconds
2018-02-23T00:10:00.887+0530: 58.563: [GC (Allocation Failure)  46541K->572K(221696K), 0.0004119 secs]
2018-02-23T00:10:00.887+0530: 58.564: Total time for which application threads were stopped: 0.0005857 seconds, Stopping threads took: 0.0000465 seconds
2018-02-23T00:10:00.921+0530: 58.598: Application time: 0.0342342 seconds
2018-02-23T00:10:00.921+0530: 58.598: [GC (Allocation Failure)  46531K->572K(221184K), 0.0013146 secs]
2018-02-23T00:10:00.923+0530: 58.599: Total time for which application threads were stopped: 0.0014831 seconds, Stopping threads took: 0.0000296 seconds
2018-02-23T00:10:00.951+0530: 58.628: Application time: 0.0280186 seconds
2018-02-23T00:10:00.951+0530: 58.628: [GC (Allocation Failure)  44473K->572K(220672K), 0.0005155 secs]
2018-02-23T00:10:00.951+0530: 58.628: Total time for which application threads were stopped: 0.0006802 seconds, Stopping threads took: 0.0000469 seconds
2018-02-23T00:10:00.982+0530: 58.658: Application time: 0.0302951 seconds
2018-02-23T00:10:00.982+0530: 58.659: [GC (Allocation Failure)  44463K->572K(229888K), 0.0004090 secs]
2018-02-23T00:10:00.982+0530: 58.659: Total time for which application threads were stopped: 0.0005353 seconds, Stopping threads took: 0.0000226 seconds
2018-02-23T00:10:01.015+0530: 58.692: Application time: 0.0329553 seconds
2018-02-23T00:10:01.015+0530: 58.692: [GC (Allocation Failure)  52836K->572K(228864K), 0.0003071 secs]
2018-02-23T00:10:01.016+0530: 58.692: Total time for which application threads were stopped: 0.0004552 seconds, Stopping threads took: 0.0000240 seconds
2018-02-23T00:10:01.051+0530: 58.727: Application time: 0.0350407 seconds
2018-02-23T00:10:01.051+0530: 58.728: [GC (Allocation Failure)  52816K->572K(227840K), 0.0002683 secs]
2018-02-23T00:10:01.051+0530: 58.728: Total time for which application threads were stopped: 0.0003791 seconds, Stopping threads took: 0.0000236 seconds
2018-02-23T00:10:01.084+0530: 58.760: Application time: 0.0325921 seconds
2018-02-23T00:10:01.084+0530: 58.761: [GC (Allocation Failure)  50748K->572K(226816K), 0.0002976 secs]
2018-02-23T00:10:01.084+0530: 58.761: Total time for which application threads were stopped: 0.0004055 seconds, Stopping threads took: 0.0000226 seconds
2018-02-23T00:10:01.120+0530: 58.797: Application time: 0.0359585 seconds
2018-02-23T00:10:01.120+0530: 58.797: [GC (Allocation Failure)  50727K->572K(225792K), 0.0003293 secs]
2018-02-23T00:10:01.121+0530: 58.797: Total time for which application threads were stopped: 0.0004344 seconds, Stopping threads took: 0.0000229 seconds
2018-02-23T00:10:01.157+0530: 58.833: Application time: 0.0360255 seconds
2018-02-23T00:10:01.157+0530: 58.833: [GC (Allocation Failure)  50707K->572K(224768K), 0.0004422 secs]
2018-02-23T00:10:01.157+0530: 58.834: Total time for which application threads were stopped: 0.0005913 seconds, Stopping threads took: 0.0000303 seconds
2018-02-23T00:10:01.198+0530: 58.874: Application time: 0.0405806 seconds
2018-02-23T00:10:01.198+0530: 58.875: [GC (Allocation Failure)  48640K->572K(223744K), 0.0003198 secs]
2018-02-23T00:10:01.198+0530: 58.875: Total time for which application threads were stopped: 0.0005127 seconds, Stopping threads took: 0.0000723 seconds
2018-02-23T00:10:01.232+0530: 58.909: Application time: 0.0337127 seconds
2018-02-23T00:10:01.232+0530: 58.909: [GC (Allocation Failure)  48619K->572K(223232K), 0.0003727 secs]
2018-02-23T00:10:01.232+0530: 58.909: Total time for which application threads were stopped: 0.0005448 seconds, Stopping threads took: 0.0000409 seconds
2018-02-23T00:10:01.267+0530: 58.944: Application time: 0.0345844 seconds
2018-02-23T00:10:01.267+0530: 58.944: [GC (Allocation Failure)  46562K->572K(222720K), 0.0003385 secs]
2018-02-23T00:10:01.267+0530: 58.944: Total time for which application threads were stopped: 0.0004556 seconds, Stopping threads took: 0.0000243 seconds
2018-02-23T00:10:01.298+0530: 58.974: Application time: 0.0301495 seconds
2018-02-23T00:10:01.298+0530: 58.975: [GC (Allocation Failure)  46551K->572K(222208K), 0.0004129 secs]
2018-02-23T00:10:01.298+0530: 58.975: Total time for which application threads were stopped: 0.0006238 seconds, Stopping threads took: 0.0000797 seconds
2018-02-23T00:10:01.332+0530: 59.008: Application time: 0.0333442 seconds
2018-02-23T00:10:01.332+0530: 59.009: [GC (Allocation Failure)  46541K->572K(221696K), 0.0003318 secs]
2018-02-23T00:10:01.332+0530: 59.009: Total time for which application threads were stopped: 0.0004432 seconds, Stopping threads took: 0.0000215 seconds
2018-02-23T00:10:01.363+0530: 59.040: Application time: 0.0311351 seconds
2018-02-23T00:10:01.363+0530: 59.040: [GC (Allocation Failure)  46531K->572K(221184K), 0.0004037 secs]
2018-02-23T00:10:01.363+0530: 59.041: Total time for which application threads were stopped: 0.0005183 seconds, Stopping threads took: 0.0000222 seconds
2018-02-23T00:10:01.394+0530: 59.070: Application time: 0.0297736 seconds
2018-02-23T00:10:01.394+0530: 59.070: [GC (Allocation Failure)  44473K->572K(220672K), 0.0003135 secs]
2018-02-23T00:10:01.394+0530: 59.071: Total time for which application threads were stopped: 0.0004436 seconds, Stopping threads took: 0.0000233 seconds
2018-02-23T00:10:01.427+0530: 59.104: Application time: 0.0328520 seconds
2018-02-23T00:10:01.427+0530: 59.104: [GC (Allocation Failure)  44463K->572K(220160K), 0.0003896 secs]
2018-02-23T00:10:01.427+0530: 59.104: Total time for which application threads were stopped: 0.0005339 seconds, Stopping threads took: 0.0000339 seconds
2018-02-23T00:10:01.458+0530: 59.134: Application time: 0.0299820 seconds
2018-02-23T00:10:01.458+0530: 59.134: [GC (Allocation Failure)  44453K->572K(229376K), 0.0004439 secs]
2018-02-23T00:10:01.458+0530: 59.135: Total time for which application threads were stopped: 0.0006040 seconds, Stopping threads took: 0.0000487 seconds
2018-02-23T00:10:01.498+0530: 59.175: Application time: 0.0400426 seconds
2018-02-23T00:10:01.498+0530: 59.175: [GC (Allocation Failure)  52826K->572K(228352K), 0.0002937 secs]
2018-02-23T00:10:01.498+0530: 59.175: Total time for which application threads were stopped: 0.0004284 seconds, Stopping threads took: 0.0000282 seconds
2018-02-23T00:10:01.536+0530: 59.213: Application time: 0.0375432 seconds
2018-02-23T00:10:01.536+0530: 59.213: [GC (Allocation Failure)  52806K->572K(227328K), 0.0003339 secs]
2018-02-23T00:10:01.536+0530: 59.213: Total time for which application threads were stopped: 0.0004514 seconds, Stopping threads took: 0.0000222 seconds
2018-02-23T00:10:01.573+0530: 59.250: Application time: 0.0362748 seconds
2018-02-23T00:10:01.573+0530: 59.250: [GC (Allocation Failure)  50738K->572K(226304K), 0.0005381 secs]
2018-02-23T00:10:01.573+0530: 59.250: Total time for which application threads were stopped: 0.0006823 seconds, Stopping threads took: 0.0000247 seconds
2018-02-23T00:10:01.607+0530: 59.284: Application time: 0.0333291 seconds
2018-02-23T00:10:01.607+0530: 59.284: [GC (Allocation Failure)  50718K->572K(236544K), 0.0007740 secs]
2018-02-23T00:10:01.608+0530: 59.284: Total time for which application threads were stopped: 0.0009552 seconds, Stopping threads took: 0.0000381 seconds
2018-02-23T00:10:01.651+0530: 59.328: Application time: 0.0430588 seconds
2018-02-23T00:10:01.651+0530: 59.328: [GC (Allocation Failure)  61158K->572K(248832K), 0.0003410 secs]
2018-02-23T00:10:01.651+0530: 59.328: Total time for which application threads were stopped: 0.0004746 seconds, Stopping threads took: 0.0000289 seconds
2018-02-23T00:10:01.703+0530: 59.379: Application time: 0.0512346 seconds
2018-02-23T00:10:01.703+0530: 59.379: [GC (Allocation Failure)  73688K->572K(263680K), 0.0005554 secs]
2018-02-23T00:10:01.703+0530: 59.380: Total time for which application threads were stopped: 0.0006908 seconds, Stopping threads took: 0.0000282 seconds
2018-02-23T00:10:01.767+0530: 59.444: Application time: 0.0638220 seconds
2018-02-23T00:10:01.767+0530: 59.444: [GC (Allocation Failure)  88315K->572K(261632K), 0.0002676 secs]
2018-02-23T00:10:01.767+0530: 59.444: Total time for which application threads were stopped: 0.0003844 seconds, Stopping threads took: 0.0000272 seconds
2018-02-23T00:10:01.826+0530: 59.503: Application time: 0.0587570 seconds
2018-02-23T00:10:01.826+0530: 59.503: [GC (Allocation Failure)  86227K->572K(259584K), 0.0006478 secs]
2018-02-23T00:10:01.827+0530: 59.504: Total time for which application threads were stopped: 0.0008308 seconds, Stopping threads took: 0.0000289 seconds
2018-02-23T00:10:01.883+0530: 59.560: Application time: 0.0563606 seconds
2018-02-23T00:10:01.883+0530: 59.560: [GC (Allocation Failure)  84139K->572K(257536K), 0.0003561 secs]
2018-02-23T00:10:01.883+0530: 59.561: Total time for which application threads were stopped: 0.0004912 seconds, Stopping threads took: 0.0000254 seconds
2018-02-23T00:10:01.942+0530: 59.619: Application time: 0.0582669 seconds
2018-02-23T00:10:01.942+0530: 59.619: [GC (Allocation Failure)  82051K->572K(255488K), 0.0004616 secs]
2018-02-23T00:10:01.942+0530: 59.620: Total time for which application threads were stopped: 0.0006428 seconds, Stopping threads took: 0.0000698 seconds
2018-02-23T00:10:01.999+0530: 59.675: Application time: 0.0558296 seconds
2018-02-23T00:10:01.999+0530: 59.675: [GC (Allocation Failure)  79962K->572K(253440K), 0.0003477 secs]
2018-02-23T00:10:01.999+0530: 59.676: Total time for which application threads were stopped: 0.0004637 seconds, Stopping threads took: 0.0000261 seconds
2018-02-23T00:10:02.062+0530: 59.739: Application time: 0.0629846 seconds
2018-02-23T00:10:02.062+0530: 59.739: [GC (Allocation Failure)  77874K->572K(251392K), 0.0002980 secs]
2018-02-23T00:10:02.062+0530: 59.739: Total time for which application threads were stopped: 0.0004203 seconds, Stopping threads took: 0.0000226 seconds
2018-02-23T00:10:02.115+0530: 59.792: Application time: 0.0525238 seconds
2018-02-23T00:10:02.115+0530: 59.792: [GC (Allocation Failure)  75786K->572K(249856K), 0.0003762 secs]
2018-02-23T00:10:02.115+0530: 59.792: Total time for which application threads were stopped: 0.0005272 seconds, Stopping threads took: 0.0000247 seconds
2018-02-23T00:10:02.167+0530: 59.843: Application time: 0.0511359 seconds
2018-02-23T00:10:02.167+0530: 59.844: [GC (Allocation Failure)  73708K->572K(248320K), 0.0004376 secs]
2018-02-23T00:10:02.167+0530: 59.844: Total time for which application threads were stopped: 0.0005607 seconds, Stopping threads took: 0.0000219 seconds
2018-02-23T00:10:02.216+0530: 59.893: Application time: 0.0487603 seconds
2018-02-23T00:10:02.216+0530: 59.893: [GC (Allocation Failure)  71630K->572K(246784K), 0.0005480 secs]
2018-02-23T00:10:02.216+0530: 59.893: Total time for which application threads were stopped: 0.0006601 seconds, Stopping threads took: 0.0000222 seconds
2018-02-23T00:10:02.264+0530: 59.940: Application time: 0.0468273 seconds
2018-02-23T00:10:02.264+0530: 59.940: [GC (Allocation Failure)  71599K->572K(245248K), 0.0002253 secs]
2018-02-23T00:10:02.264+0530: 59.941: Total time for which application threads were stopped: 0.0003308 seconds, Stopping threads took: 0.0000236 seconds
2018-02-23T00:10:02.312+0530: 59.989: Application time: 0.0481087 seconds
2018-02-23T00:10:02.312+0530: 59.989: [GC (Allocation Failure)  69521K->572K(243712K), 0.0002535 secs]
2018-02-23T00:10:02.312+0530: 59.989: Total time for which application threads were stopped: 0.0003784 seconds, Stopping threads took: 0.0000257 seconds
2018-02-23T00:10:02.360+0530: 60.037: Application time: 0.0479613 seconds
2018-02-23T00:10:02.360+0530: 60.037: [GC (Allocation Failure)  67443K->572K(242176K), 0.0003318 secs]
2018-02-23T00:10:02.360+0530: 60.038: Total time for which application threads were stopped: 0.0004475 seconds, Stopping threads took: 0.0000243 seconds
2018-02-23T00:10:02.401+0530: 60.078: Application time: 0.0404826 seconds
2018-02-23T00:10:02.401+0530: 60.078: [GC (Allocation Failure)  65365K->572K(240640K), 0.0003286 secs]
2018-02-23T00:10:02.401+0530: 60.078: Total time for which application threads were stopped: 0.0004545 seconds, Stopping threads took: 0.0000286 seconds
2018-02-23T00:10:02.450+0530: 60.126: Application time: 0.0479271 seconds
2018-02-23T00:10:02.450+0530: 60.126: [GC (Allocation Failure)  65335K->572K(239104K), 0.0002983 secs]
2018-02-23T00:10:02.450+0530: 60.127: Total time for which application threads were stopped: 0.0004556 seconds, Stopping threads took: 0.0000261 seconds
2018-02-23T00:10:02.493+0530: 60.170: Application time: 0.0429199 seconds
2018-02-23T00:10:02.493+0530: 60.170: [GC (Allocation Failure)  63257K->572K(237568K), 0.0004108 secs]
2018-02-23T00:10:02.493+0530: 60.170: Total time for which application threads were stopped: 0.0005628 seconds, Stopping threads took: 0.0000279 seconds
2018-02-23T00:10:02.536+0530: 60.212: Application time: 0.0421614 seconds
2018-02-23T00:10:02.536+0530: 60.213: [GC (Allocation Failure)  61179K->572K(236544K), 0.0003311 secs]
